Archive member included to satisfy reference by file (symbol)

../lib-c/lib_gd32/libc.a(puts.o)
                              build_gd32/firmware/main.o (puts)
../lib-c/lib_gd32/libc.a(time.o)
                              build_gd32/firmware/main.o (time)
../lib-c/lib_gd32/libc.a(assert.o)
                              ../lib-c/lib_gd32/libc.a(time.o) (__assert_func)
../lib-c/lib_gd32/libc.a(printf.o)
                              ../lib-c/lib_gd32/libc.a(assert.o) (printf)
/Applications/ArmGNUToolchain/11.3.rel1/arm-none-eabi/bin/../lib/gcc/arm-none-eabi/11.3.1/thumb/v7-m/nofp/libgcc.a(_arm_mulsf3.o)
                              ../lib-c/lib_gd32/libc.a(printf.o) (__aeabi_fmul)
/Applications/ArmGNUToolchain/11.3.rel1/arm-none-eabi/bin/../lib/gcc/arm-none-eabi/11.3.1/thumb/v7-m/nofp/libgcc.a(_arm_truncdfsf2.o)
                              ../lib-c/lib_gd32/libc.a(printf.o) (__aeabi_d2f)
/Applications/ArmGNUToolchain/11.3.rel1/arm-none-eabi/bin/../lib/gcc/arm-none-eabi/11.3.1/thumb/v7-m/nofp/libgcc.a(_arm_addsubsf3.o)
                              ../lib-c/lib_gd32/libc.a(printf.o) (__aeabi_fsub)
/Applications/ArmGNUToolchain/11.3.rel1/arm-none-eabi/bin/../lib/gcc/arm-none-eabi/11.3.1/thumb/v7-m/nofp/libgcc.a(_arm_cmpsf2.o)
                              ../lib-c/lib_gd32/libc.a(printf.o) (__aeabi_fcmplt)
/Applications/ArmGNUToolchain/11.3.rel1/arm-none-eabi/bin/../lib/gcc/arm-none-eabi/11.3.1/thumb/v7-m/nofp/libgcc.a(_arm_fixsfsi.o)
                              ../lib-c/lib_gd32/libc.a(printf.o) (__aeabi_f2iz)
/Applications/ArmGNUToolchain/11.3.rel1/arm-none-eabi/bin/../lib/gcc/arm-none-eabi/11.3.1/thumb/v7-m/nofp/libgcc.a(_aeabi_uldivmod.o)
                              ../lib-c/lib_gd32/libc.a(time.o) (__aeabi_uldivmod)
/Applications/ArmGNUToolchain/11.3.rel1/arm-none-eabi/bin/../lib/gcc/arm-none-eabi/11.3.1/thumb/v7-m/nofp/libgcc.a(_udivmoddi4.o)
                              /Applications/ArmGNUToolchain/11.3.rel1/arm-none-eabi/bin/../lib/gcc/arm-none-eabi/11.3.1/thumb/v7-m/nofp/libgcc.a(_aeabi_uldivmod.o) (__udivmoddi4)
/Applications/ArmGNUToolchain/11.3.rel1/arm-none-eabi/bin/../lib/gcc/arm-none-eabi/11.3.1/thumb/v7-m/nofp/libgcc.a(_dvmd_tls.o)
                              /Applications/ArmGNUToolchain/11.3.rel1/arm-none-eabi/bin/../lib/gcc/arm-none-eabi/11.3.1/thumb/v7-m/nofp/libgcc.a(_aeabi_uldivmod.o) (__aeabi_ldiv0)
../lib-display/lib_gd32/libdisplay.a(display.o)
                              build_gd32/firmware/main.o (Display::Display())
../lib-display/lib_gd32/libdisplay.a(ssd1306.o)
                              ../lib-display/lib_gd32/libdisplay.a(display.o) (Ssd1306::Ssd1306(TOledPanel))
../lib-display/lib_gd32/libdisplay.a(display_timeout.o)
                              ../lib-display/lib_gd32/libdisplay.a(display.o) (display::timeout::gpio_init())
../lib-hal/lib_gd32/libhal.a(console_uart0.o)
                              ../lib-c/lib_gd32/libc.a(puts.o) (console_putc)
../lib-hal/lib_gd32/libhal.a(hardware.o)
                              build_gd32/firmware/main.o (Hardware::Hardware())
../lib-hal/lib_gd32/libhal.a(i2cdetect.o)
                              ../lib-hal/lib_gd32/libhal.a(hardware.o) (I2cDetect::I2cDetect())
../lib-hal/lib_gd32/libhal.a(ledblink.o)
                              ../lib-hal/lib_gd32/libhal.a(hardware.o) (LedBlink::s_pThis)
../lib-c++/lib_gd32/libc++.a(delete.o)
                              ../lib-display/lib_gd32/libdisplay.a(ssd1306.o) (operator delete(void*))
../lib-c++/lib_gd32/libc++.a(new.o)
                              ../lib-display/lib_gd32/libdisplay.a(display.o) (operator new(unsigned int))
../lib-c/lib_gd32/libc.a(malloc.o)
                              ../lib-c++/lib_gd32/libc++.a(new.o) (malloc)
../lib-c/lib_gd32/libc.a(time.o)
                              ../lib-hal/lib_gd32/libhal.a(hardware.o) (localtime)
../lib-gd32/lib_gd32/libgd32.a(gd32_uart0.o)
                              ../lib-hal/lib_gd32/libhal.a(console_uart0.o) (uart0_init)
../lib-gd32/lib_gd32/libgd32.a(systick.o)
                              ../lib-hal/lib_gd32/libhal.a(hardware.o) (systick_config)
../lib-gd32/lib_gd32/libgd32.a(system_gd32f10x.o)
                              build_gd32/startup_gd32f10x_hd.o (SystemInit)
../lib-gd32/lib_gd32/libgd32.a(gd32f10x_bkp.o)
                              ../lib-hal/lib_gd32/libhal.a(hardware.o) (bkp_data_write)
../lib-gd32/lib_gd32/libgd32.a(gd32f10x_fwdgt.o)
                              ../lib-hal/lib_gd32/libhal.a(hardware.o) (fwdgt_enable)
../lib-gd32/lib_gd32/libgd32.a(gd32f10x_gpio.o)
                              build_gd32/firmware/main.o (gpio_init)
../lib-gd32/lib_gd32/libgd32.a(gd32f10x_pmu.o)
                              ../lib-hal/lib_gd32/libhal.a(hardware.o) (pmu_backup_write_enable)
../lib-gd32/lib_gd32/libgd32.a(gd32f10x_rcu.o)
                              build_gd32/firmware/main.o (rcu_periph_clock_enable)
../lib-gd32/lib_gd32/libgd32.a(gd32f10x_timer.o)
[...]
Memory Configuration

Name             Origin             Length             Attributes
FLASH            0x0000000008000000 0x0000000000040000 xr
RAM              0x0000000020000000 0x000000000000c000 xrw
*default*        0x0000000000000000 0xffffffffffffffff

Linker script and memory map

LOAD build_gd32/startup_gd32f10x_hd.o
LOAD build_gd32/firmware/main.o
                0x0000000000001000                __heap_size = DEFINED (__heap_size)?__heap_size:0x1000
                0x0000000000001000                __stack_size = DEFINED (__stack_size)?__stack_size:0x1000

.vectors        0x0000000008000000      0x130
                0x0000000008000000                . = ALIGN (0x4)
 *(.vectors)
 .vectors       0x0000000008000000      0x130 build_gd32/startup_gd32f10x_hd.o
                0x0000000008000000                __gVectors
                0x0000000008000130                . = ALIGN (0x4)
                0x0000000008000130                __Vectors_End = .
                0x0000000008000130                __Vectors_Size = (__Vectors_End - __gVectors)

.text           0x0000000008000130     0x2ae8
                0x0000000008000130                . = ALIGN (0x4)
 *(.text.unlikely*)
 .text.unlikely.console_init
                0x0000000008000130       0x20 ../lib-hal/lib_gd32/libhal.a(console_uart0.o)
                0x0000000008000130                console_init
 *(.text.hot*)
 *(.text)
 .text          0x0000000008000150      0x168 /Applications/ArmGNUToolchain/11.3.rel1/arm-none-eabi/bin/../lib/gcc/arm-none-eabi/11.3.1/thumb/v7-m/nofp/libgcc.a(_arm_mulsf3.o)
                0x0000000008000150                __mulsf3
                0x0000000008000150                __aeabi_fmul
 .text          0x00000000080002b8       0xa0 /Applications/ArmGNUToolchain/11.3.rel1/arm-none-eabi/bin/../lib/gcc/arm-none-eabi/11.3.1/thumb/v7-m/nofp/libgcc.a(_arm_truncdfsf2.o)
                0x00000000080002b8                __aeabi_d2f
                0x00000000080002b8                __truncdfsf2
 .text          0x0000000008000358      0x21c /Applications/ArmGNUToolchain/11.3.rel1/arm-none-eabi/bin/../lib/gcc/arm-none-eabi/11.3.1/thumb/v7-m/nofp/libgcc.a(_arm_addsubsf3.o)
                0x0000000008000358                __aeabi_frsub
                0x0000000008000360                __aeabi_fsub
                0x0000000008000360                __subsf3
                0x0000000008000364                __aeabi_fadd
                0x0000000008000364                __addsf3
                0x00000000080004c4                __aeabi_ui2f
                0x00000000080004c4                __floatunsisf
                0x00000000080004cc                __floatsisf
                0x00000000080004cc                __aeabi_i2f
                0x00000000080004e8                __aeabi_ul2f
                0x00000000080004e8                __floatundisf
                0x00000000080004f8                __aeabi_l2f
                0x00000000080004f8                __floatdisf
 .text          0x0000000008000574       0xec /Applications/ArmGNUToolchain/11.3.rel1/arm-none-eabi/bin/../lib/gcc/arm-none-eabi/11.3.1/thumb/v7-m/nofp/libgcc.a(_arm_cmpsf2.o)
                0x0000000008000574                __gesf2
                0x0000000008000574                __gtsf2
                0x000000000800057c                __ltsf2
                0x000000000800057c                __lesf2
                0x0000000008000584                __nesf2
                0x0000000008000584                __eqsf2
                0x0000000008000584                __cmpsf2
                0x00000000080005e4                __aeabi_cfrcmple
                0x00000000080005ec                __aeabi_cfcmpeq
                0x00000000080005ec                __aeabi_cfcmple
                0x00000000080005fc                __aeabi_fcmpeq
                0x0000000008000610                __aeabi_fcmplt
                0x0000000008000624                __aeabi_fcmple
                0x0000000008000638                __aeabi_fcmpge
                0x000000000800064c                __aeabi_fcmpgt
 .text          0x0000000008000660       0x4c /Applications/ArmGNUToolchain/11.3.rel1/arm-none-eabi/bin/../lib/gcc/arm-none-eabi/11.3.1/thumb/v7-m/nofp/libgcc.a(_arm_fixsfsi.o)
                0x0000000008000660                __fixsfsi
                0x0000000008000660                __aeabi_f2iz
 .text          0x00000000080006ac       0x30 /Applications/ArmGNUToolchain/11.3.rel1/arm-none-eabi/bin/../lib/gcc/arm-none-eabi/11.3.1/thumb/v7-m/nofp/libgcc.a(_aeabi_uldivmod.o)
                0x00000000080006ac                __aeabi_uldivmod
 .text          0x00000000080006dc        0x4 /Applications/ArmGNUToolchain/11.3.rel1/arm-none-eabi/bin/../lib/gcc/arm-none-eabi/11.3.1/thumb/v7-m/nofp/libgcc.a(_dvmd_tls.o)
                0x00000000080006dc                __aeabi_ldiv0
                0x00000000080006dc                __aeabi_idiv0
 *(.text*)
 .text.Reset_Handler
                0x00000000080006e0       0x4c build_gd32/startup_gd32f10x_hd.o
                0x00000000080006e0                Reset_Handler
 .text.Default_Handler
                0x000000000800072c        0x2 build_gd32/startup_gd32f10x_hd.o
                0x000000000800072c                DMA0_Channel4_IRQHandler
                0x000000000800072c                EXTI2_IRQHandler
                0x000000000800072c                TIMER2_IRQHandler
                0x000000000800072c                TIMER5_IRQHandler
                0x000000000800072c                DebugMon_Handler
                0x000000000800072c                LVD_IRQHandler
                0x000000000800072c                TIMER0_BRK_IRQHandler
                0x000000000800072c                HardFault_Handler
                0x000000000800072c                ADC0_1_IRQHandler
                0x000000000800072c                TIMER0_UP_IRQHandler
                0x000000000800072c                SDIO_IRQHandler
                0x000000000800072c                PendSV_Handler
                0x000000000800072c                NMI_Handler
                0x000000000800072c                EXTI3_IRQHandler
                0x000000000800072c                TIMER3_IRQHandler
                0x000000000800072c                DMA0_Channel6_IRQHandler
                0x000000000800072c                I2C0_EV_IRQHandler
                0x000000000800072c                EXTI0_IRQHandler
                0x000000000800072c                UsageFault_Handler
                0x000000000800072c                TIMER4_IRQHandler
                0x000000000800072c                SPI1_IRQHandler
                0x000000000800072c                DMA0_Channel0_IRQHandler
                0x000000000800072c                TAMPER_IRQHandler
                0x000000000800072c                DMA1_Channel0_IRQHandler
                0x000000000800072c                TIMER6_IRQHandler
                0x000000000800072c                DMA0_Channel3_IRQHandler
                0x000000000800072c                I2C0_ER_IRQHandler
                0x000000000800072c                RTC_IRQHandler
                0x000000000800072c                TIMER7_UP_IRQHandler
                0x000000000800072c                DMA0_Channel2_IRQHandler
                0x000000000800072c                USART0_IRQHandler
                0x000000000800072c                TIMER1_IRQHandler
                0x000000000800072c                TIMER7_TRG_CMT_IRQHandler
                0x000000000800072c                TIMER0_TRG_CMT_IRQHandler
                0x000000000800072c                I2C1_EV_IRQHandler
                0x000000000800072c                UART4_IRQHandler
                0x000000000800072c                EXTI10_15_IRQHandler
                0x000000000800072c                DMA1_Channel1_IRQHandler
                0x000000000800072c                Default_Handler
                0x000000000800072c                WWDGT_IRQHandler
                0x000000000800072c                EXMC_IRQHandler
                0x000000000800072c                ADC2_IRQHandler
                0x000000000800072c                SPI2_IRQHandler
                0x000000000800072c                MemManage_Handler
                0x000000000800072c                USBD_WKUP_IRQHandler
                0x000000000800072c                SVC_Handler
                0x000000000800072c                TIMER7_BRK_IRQHandler
                0x000000000800072c                EXTI4_IRQHandler
                0x000000000800072c                USBD_HP_CAN0_TX_IRQHandler
                0x000000000800072c                CAN0_RX1_IRQHandler
                0x000000000800072c                DMA0_Channel5_IRQHandler
                0x000000000800072c                EXTI5_9_IRQHandler
                0x000000000800072c                RCU_IRQHandler
                0x000000000800072c                DMA0_Channel1_IRQHandler
                0x000000000800072c                TIMER0_Channel_IRQHandler
                0x000000000800072c                EXTI1_IRQHandler
                0x000000000800072c                SPI0_IRQHandler
                0x000000000800072c                DMA1_Channel3_4_IRQHandler
                0x000000000800072c                USART2_IRQHandler
                0x000000000800072c                CAN0_EWMC_IRQHandler
                0x000000000800072c                DMA1_Channel2_IRQHandler
                0x000000000800072c                USBD_LP_CAN0_RX0_IRQHandler
                0x000000000800072c                BusFault_Handler
                0x000000000800072c                USART1_IRQHandler
                0x000000000800072c                UART3_IRQHandler
                0x000000000800072c                I2C1_ER_IRQHandler
                0x000000000800072c                FMC_IRQHandler
                0x000000000800072c                RTC_Alarm_IRQHandler
 *fill*         0x000000000800072e        0x2 
 .text.startup.main
                0x0000000008000730      0x178 build_gd32/firmware/main.o
                0x0000000008000730                main
 .text.puts     0x00000000080008a8       0x10 ../lib-c/lib_gd32/libc.a(puts.o)
                0x00000000080008a8                puts
 .text.gettimeofday
                0x00000000080008b8       0x70 ../lib-c/lib_gd32/libc.a(time.o)
                0x00000000080008b8                gettimeofday
 .text.settimeofday
                0x0000000008000928       0x4c ../lib-c/lib_gd32/libc.a(time.o)
                0x0000000008000928                settimeofday
 .text.time     0x0000000008000974       0x16 ../lib-c/lib_gd32/libc.a(time.o)
                0x0000000008000974                time
 *fill*         0x000000000800098a        0x2 
 .text.__assert_func
                0x000000000800098c       0x2c ../lib-c/lib_gd32/libc.a(assert.o)
                0x000000000800098c                __assert_func
 .text._itostr  0x00000000080009b8       0x74 ../lib-c/lib_gd32/libc.a(printf.o)
 .text._xputch  0x0000000008000a2c       0x2c ../lib-c/lib_gd32/libc.a(printf.o)
 .text._format_int
                0x0000000008000a58       0xd4 ../lib-c/lib_gd32/libc.a(printf.o)
 .text._format_hex
                0x0000000008000b2c       0xba ../lib-c/lib_gd32/libc.a(printf.o)
 *fill*         0x0000000008000be6        0x2 
 .text._vprintf
                0x0000000008000be8      0x3c8 ../lib-c/lib_gd32/libc.a(printf.o)
 .text.printf   0x0000000008000fb0       0x1e ../lib-c/lib_gd32/libc.a(printf.o)
                0x0000000008000fb0                printf
 *fill*         0x0000000008000fce        0x2 
 .text.__udivmoddi4
                0x0000000008000fd0      0x2cc /Applications/ArmGNUToolchain/11.3.rel1/arm-none-eabi/bin/../lib/gcc/arm-none-eabi/11.3.1/thumb/v7-m/nofp/libgcc.a(_udivmoddi4.o)
                0x0000000008000fd0                __udivmoddi4
 .text._ZN7Display9PrintInfoEv.isra.0
                0x000000000800129c       0x14 ../lib-display/lib_gd32/libdisplay.a(display.o)
 .text._ZN7HAL_I2C13WriteRegisterEht
                0x00000000080012b0       0x2a ../lib-display/lib_gd32/libdisplay.a(display.o)
                0x00000000080012b0                HAL_I2C::WriteRegister(unsigned char, unsigned short)
 .text._ZN7HAL_I2C12IsConnected_Ehj
                0x00000000080012da       0x3c ../lib-display/lib_gd32/libdisplay.a(display.o)
                0x00000000080012da                HAL_I2C::IsConnected_(unsigned char, unsigned int)
 .text._ZN7Display14Detect7SegmentEv
                0x0000000008001316       0x30 ../lib-display/lib_gd32/libdisplay.a(display.o)
                0x0000000008001316                Display::Detect7Segment()
 .text._ZN7Display6DetectEN7display4TypeE
                0x0000000008001346       0x56 ../lib-display/lib_gd32/libdisplay.a(display.o)
                0x0000000008001346                Display::Detect(display::Type)
 .text._ZN7DisplayC2Ev
                0x000000000800139c       0x54 ../lib-display/lib_gd32/libdisplay.a(display.o)
                0x000000000800139c                Display::Display()
                0x000000000800139c                Display::Display()
 .text._ZN7Ssd1306D2Ev
                0x00000000080013f0        0x2 ../lib-display/lib_gd32/libdisplay.a(ssd1306.o)
                0x00000000080013f0                Ssd1306::~Ssd1306()
                0x00000000080013f0                Ssd1306::~Ssd1306()
 .text._ZN7Ssd13069SetCursorEj
                0x00000000080013f2        0x2 ../lib-display/lib_gd32/libdisplay.a(ssd1306.o)
                0x00000000080013f2                Ssd1306::SetCursor(unsigned int)
 .text._ZN7Ssd13069PrintInfoEv
                0x00000000080013f4       0x28 ../lib-display/lib_gd32/libdisplay.a(ssd1306.o)
                0x00000000080013f4                Ssd1306::PrintInfo()
 .text._ZN7Ssd1306D0Ev
                0x000000000800141c        0xc ../lib-display/lib_gd32/libdisplay.a(ssd1306.o)
                0x000000000800141c                Ssd1306::~Ssd1306()
 .text._ZN7HAL_I2C5SetupEv
                0x0000000008001428       0x14 ../lib-display/lib_gd32/libdisplay.a(ssd1306.o)
                0x0000000008001428                HAL_I2C::Setup()
 .text._ZN7Ssd13067PutCharEi
                0x000000000800143c       0x28 ../lib-display/lib_gd32/libdisplay.a(ssd1306.o)
                0x000000000800143c                Ssd1306::PutChar(int)
 .text._ZN7Ssd13069PutStringEPKc
                0x0000000008001464       0x16 ../lib-display/lib_gd32/libdisplay.a(ssd1306.o)
                0x0000000008001464                Ssd1306::PutString(char const*)
 .text._ZN7Ssd13064TextEPKcj
                0x000000000800147a       0x22 ../lib-display/lib_gd32/libdisplay.a(ssd1306.o)
                0x000000000800147a                Ssd1306::Text(char const*, unsigned int)
 .text._ZN7Ssd130611InitMembersEv
                0x000000000800149c       0x22 ../lib-display/lib_gd32/libdisplay.a(ssd1306.o)
                0x000000000800149c                Ssd1306::InitMembers()
 *fill*         0x00000000080014be        0x2 
 .text._ZN7Ssd1306C2E10TOledPanel
                0x00000000080014c0       0x30 ../lib-display/lib_gd32/libdisplay.a(ssd1306.o)
                0x00000000080014c0                Ssd1306::Ssd1306(TOledPanel)
                0x00000000080014c0                Ssd1306::Ssd1306(TOledPanel)
 .text._ZN7Ssd130611SendCommandEh
                0x00000000080014f0       0x20 ../lib-display/lib_gd32/libdisplay.a(ssd1306.o)
                0x00000000080014f0                Ssd1306::SendCommand(unsigned char)
 .text._ZN7Ssd130612SetCursorPosEhh
                0x0000000008001510       0x46 ../lib-display/lib_gd32/libdisplay.a(ssd1306.o)
                0x0000000008001510                Ssd1306::SetCursorPos(unsigned char, unsigned char)
 .text._ZN7Ssd13068TextLineEhPKcj
                0x0000000008001556       0x28 ../lib-display/lib_gd32/libdisplay.a(ssd1306.o)
                0x0000000008001556                Ssd1306::TextLine(unsigned char, char const*, unsigned int)
 *fill*         0x000000000800157e        0x2 
 .text._ZN7Ssd13069ClearLineEh
                0x0000000008001580       0x3c ../lib-display/lib_gd32/libdisplay.a(ssd1306.o)
                0x0000000008001580                Ssd1306::ClearLine(unsigned char)
 .text._ZN7Ssd13068SetSleepEb
                0x00000000080015bc        0xc ../lib-display/lib_gd32/libdisplay.a(ssd1306.o)
                0x00000000080015bc                Ssd1306::SetSleep(bool)
 .text._ZN7Ssd130611SetContrastEh
                0x00000000080015c8       0x1a ../lib-display/lib_gd32/libdisplay.a(ssd1306.o)
                0x00000000080015c8                Ssd1306::SetContrast(unsigned char)
 .text._ZN7Ssd130617SetFlipVerticallyEb
                0x00000000080015e2       0x24 ../lib-display/lib_gd32/libdisplay.a(ssd1306.o)
                0x00000000080015e2                Ssd1306::SetFlipVertically(bool)
 *fill*         0x0000000008001606        0x2 
 .text._ZN7Ssd130611CheckSH1106Ev
                0x0000000008001608       0xac ../lib-display/lib_gd32/libdisplay.a(ssd1306.o)
                0x0000000008001608                Ssd1306::CheckSH1106()
 .text._ZN7Ssd13063ClsEv
                0x00000000080016b4       0x78 ../lib-display/lib_gd32/libdisplay.a(ssd1306.o)
                0x00000000080016b4                Ssd1306::Cls()
 .text._ZN7Ssd13065StartEv
                0x000000000800172c       0xb4 ../lib-display/lib_gd32/libdisplay.a(ssd1306.o)
                0x000000000800172c                Ssd1306::Start()
 .text._ZN7display7timeout9gpio_initEv
                0x00000000080017e0        0x2 ../lib-display/lib_gd32/libdisplay.a(display_timeout.o)
                0x00000000080017e0                display::timeout::gpio_init()
 .text.console_putc
                0x00000000080017e2        0x4 ../lib-hal/lib_gd32/libhal.a(console_uart0.o)
                0x00000000080017e2                console_putc
 .text.console_puts
                0x00000000080017e6        0x4 ../lib-hal/lib_gd32/libhal.a(console_uart0.o)
                0x00000000080017e6                console_puts
 *fill*         0x00000000080017ea        0x2 
 .text._ZN8HardwareC2Ev
                0x00000000080017ec      0x144 ../lib-hal/lib_gd32/libhal.a(hardware.o)
                0x00000000080017ec                Hardware::Hardware()
                0x00000000080017ec                Hardware::Hardware()
 .text._ZN9I2cDetectC2Ev
                0x0000000008001930       0xb8 ../lib-hal/lib_gd32/libhal.a(i2cdetect.o)
                0x0000000008001930                I2cDetect::I2cDetect()
                0x0000000008001930                I2cDetect::I2cDetect()
 .text._ZdlPv   0x00000000080019e8        0x4 ../lib-c++/lib_gd32/libc++.a(delete.o)
                0x00000000080019e8                operator delete(void*)
 .text._Znwj    0x00000000080019ec        0x4 ../lib-c++/lib_gd32/libc++.a(new.o)
                0x00000000080019ec                operator new(unsigned int)
 .text.malloc   0x00000000080019f0       0xf0 ../lib-c/lib_gd32/libc.a(malloc.o)
                0x00000000080019f0                malloc
 .text.free     0x0000000008001ae0       0x6c ../lib-c/lib_gd32/libc.a(malloc.o)
                0x0000000008001ae0                free
 .text.isleapyear
                0x0000000008001b4c       0x2c ../lib-c/lib_gd32/libc.a(time.o)
 .text.getdaysofmonth
                0x0000000008001b78       0x20 ../lib-c/lib_gd32/libc.a(time.o)
 .text.mktime   0x0000000008001b98       0x98 ../lib-c/lib_gd32/libc.a(time.o)
                0x0000000008001b98                mktime
 .text.uart0_init
                0x0000000008001c30       0x20 ../lib-gd32/lib_gd32/libgd32.a(gd32_uart0.o)
                0x0000000008001c30                uart0_init
 .text.uart0_putc
                0x0000000008001c50       0x40 ../lib-gd32/lib_gd32/libgd32.a(gd32_uart0.o)
                0x0000000008001c50                uart0_putc
 .text.uart0_puts
                0x0000000008001c90       0x1e ../lib-gd32/lib_gd32/libgd32.a(gd32_uart0.o)
                0x0000000008001c90                uart0_puts
 *fill*         0x0000000008001cae        0x2 
 .text.systick_config
                0x0000000008001cb0       0x3c ../lib-gd32/lib_gd32/libgd32.a(systick.o)
                0x0000000008001cb0                systick_config
 .text.SysTick_Handler
                0x0000000008001cec       0x10 ../lib-gd32/lib_gd32/libgd32.a(systick.o)
                0x0000000008001cec                SysTick_Handler
 .text.SystemInit
                0x0000000008001cfc       0xd0 ../lib-gd32/lib_gd32/libgd32.a(system_gd32f10x.o)
                0x0000000008001cfc                SystemInit
 .text.bkp_data_write
                0x0000000008001dcc       0x2c ../lib-gd32/lib_gd32/libgd32.a(gd32f10x_bkp.o)
                0x0000000008001dcc                bkp_data_write
 .text.gpio_init
                0x0000000008001df8       0xa8 ../lib-gd32/lib_gd32/libgd32.a(gd32f10x_gpio.o)
                0x0000000008001df8                gpio_init
 .text.gpio_pin_remap_config
                0x0000000008001ea0       0x60 ../lib-gd32/lib_gd32/libgd32.a(gd32f10x_gpio.o)
                0x0000000008001ea0                gpio_pin_remap_config
 .text.pmu_backup_write_enable
                0x0000000008001f00       0x10 ../lib-gd32/lib_gd32/libgd32.a(gd32f10x_pmu.o)
                0x0000000008001f00                pmu_backup_write_enable
 .text.rcu_periph_clock_enable
                0x0000000008001f10       0x1a ../lib-gd32/lib_gd32/libgd32.a(gd32f10x_rcu.o)
                0x0000000008001f10                rcu_periph_clock_enable
 .text.rcu_periph_clock_disable
                0x0000000008001f2a       0x1c ../lib-gd32/lib_gd32/libgd32.a(gd32f10x_rcu.o)
                0x0000000008001f2a                rcu_periph_clock_disable
 .text.rcu_periph_reset_enable
                0x0000000008001f46        0x4 ../lib-gd32/lib_gd32/libgd32.a(gd32f10x_rcu.o)
                0x0000000008001f46                rcu_periph_reset_enable
 .text.rcu_periph_reset_disable
                0x0000000008001f4a        0x4 ../lib-gd32/lib_gd32/libgd32.a(gd32f10x_rcu.o)
                0x0000000008001f4a                rcu_periph_reset_disable
 *fill*         0x0000000008001f4e        0x2 
 .text.rcu_adc_clock_config
                0x0000000008001f50       0x3c ../lib-gd32/lib_gd32/libgd32.a(gd32f10x_rcu.o)
                0x0000000008001f50                rcu_adc_clock_config
 .text.rcu_clock_freq_get
                0x0000000008001f8c       0xd0 ../lib-gd32/lib_gd32/libgd32.a(gd32f10x_rcu.o)
                0x0000000008001f8c                rcu_clock_freq_get
 .text.timer_deinit
                0x000000000800205c       0xc4 ../lib-gd32/lib_gd32/libgd32.a(gd32f10x_timer.o)
                0x000000000800205c                timer_deinit
 .text.timer_init
                0x0000000008002120       0xb0 ../lib-gd32/lib_gd32/libgd32.a(gd32f10x_timer.o)
                0x0000000008002120                timer_init
 .text.timer_enable
                0x00000000080021d0        0xa ../lib-gd32/lib_gd32/libgd32.a(gd32f10x_timer.o)
                0x00000000080021d0                timer_enable
 *fill*         0x00000000080021da        0x2 
 .text.usart_deinit
                0x00000000080021dc       0x80 ../lib-gd32/lib_gd32/libgd32.a(gd32f10x_usart.o)
                0x00000000080021dc                usart_deinit
 .text.usart_baudrate_set
                0x000000000800225c       0x50 ../lib-gd32/lib_gd32/libgd32.a(gd32f10x_usart.o)
                0x000000000800225c                usart_baudrate_set
 .text.usart_parity_config
                0x00000000080022ac       0x10 ../lib-gd32/lib_gd32/libgd32.a(gd32f10x_usart.o)
                0x00000000080022ac                usart_parity_config
 .text.usart_word_length_set
                0x00000000080022bc       0x10 ../lib-gd32/lib_gd32/libgd32.a(gd32f10x_usart.o)
                0x00000000080022bc                usart_word_length_set
 .text.usart_stop_bit_set
                0x00000000080022cc       0x10 ../lib-gd32/lib_gd32/libgd32.a(gd32f10x_usart.o)
                0x00000000080022cc                usart_stop_bit_set
 .text.usart_transmit_config
                0x00000000080022dc        0xc ../lib-gd32/lib_gd32/libgd32.a(gd32f10x_usart.o)
                0x00000000080022dc                usart_transmit_config
 .text.usart_receive_config
                0x00000000080022e8        0xc ../lib-gd32/lib_gd32/libgd32.a(gd32f10x_usart.o)
                0x00000000080022e8                usart_receive_config
 .text.usart_hardware_flow_rts_config
                0x00000000080022f4        0xc ../lib-gd32/lib_gd32/libgd32.a(gd32f10x_usart.o)
                0x00000000080022f4                usart_hardware_flow_rts_config
 .text.usart_hardware_flow_cts_config
                0x0000000008002300        0xc ../lib-gd32/lib_gd32/libgd32.a(gd32f10x_usart.o)
                0x0000000008002300                usart_hardware_flow_cts_config
 .text.usart_flag_get
                0x000000000800230c       0x16 ../lib-gd32/lib_gd32/libgd32.a(gd32f10x_usart.o)
                0x000000000800230c                usart_flag_get
 *fill*         0x0000000008002322        0x2 
 .text._Z13gd32_adc_initv
                0x0000000008002324       0x90 ../lib-gd32/lib_gd32/libgd32.a(gd32_adc.o)
                0x0000000008002324                gd32_adc_init()
 .text._ZL5_stopv.isra.0
                0x00000000080023b4       0x24 ../lib-gd32/lib_gd32/libgd32.a(gd32_i2c.o)
 .text.gd32_i2c_begin
                0x00000000080023d8       0x68 ../lib-gd32/lib_gd32/libgd32.a(gd32_i2c.o)
                0x00000000080023d8                gd32_i2c_begin
 .text.gd32_i2c_set_baudrate
                0x0000000008002440       0x10 ../lib-gd32/lib_gd32/libgd32.a(gd32_i2c.o)
                0x0000000008002440                gd32_i2c_set_baudrate
 .text.gd32_i2c_set_address
                0x0000000008002450        0xc ../lib-gd32/lib_gd32/libgd32.a(gd32_i2c.o)
                0x0000000008002450                gd32_i2c_set_address
 .text.gd32_i2c_write
                0x000000000800245c       0xcc ../lib-gd32/lib_gd32/libgd32.a(gd32_i2c.o)
                0x000000000800245c                gd32_i2c_write
 .text.gd32_i2c_read
                0x0000000008002528      0x148 ../lib-gd32/lib_gd32/libgd32.a(gd32_i2c.o)
                0x0000000008002528                gd32_i2c_read
 .text.gd32_uart_begin
                0x0000000008002670      0x1f4 ../lib-gd32/lib_gd32/libgd32.a(gd32_uart.o)
                0x0000000008002670                gd32_uart_begin
 .text._Z11micros_initv
                0x0000000008002864        0x2 ../lib-gd32/lib_gd32/libgd32.a(micros.o)
                0x0000000008002864                micros_init()
 *fill*         0x0000000008002866        0x2 
 .text._Z11udelay_initv
                0x0000000008002868       0x54 ../lib-gd32/lib_gd32/libgd32.a(udelay.o)
                0x0000000008002868                udelay_init()
 .text._Z6udelayjj
                0x00000000080028bc       0x30 ../lib-gd32/lib_gd32/libgd32.a(udelay.o)
                0x00000000080028bc                udelay(unsigned int, unsigned int)
 .text.adc_mode_config
                0x00000000080028ec       0x20 ../lib-gd32/lib_gd32/libgd32.a(gd32f10x_adc.o)
                0x00000000080028ec                adc_mode_config
 .text.adc_special_function_config
                0x000000000800290c       0x50 ../lib-gd32/lib_gd32/libgd32.a(gd32f10x_adc.o)
                0x000000000800290c                adc_special_function_config
 .text.adc_data_alignment_config
                0x000000000800295c       0x12 ../lib-gd32/lib_gd32/libgd32.a(gd32f10x_adc.o)
                0x000000000800295c                adc_data_alignment_config
 .text.adc_enable
                0x000000000800296e       0x10 ../lib-gd32/lib_gd32/libgd32.a(gd32f10x_adc.o)
                0x000000000800296e                adc_enable
 .text.adc_calibration_enable
                0x000000000800297e       0x22 ../lib-gd32/lib_gd32/libgd32.a(gd32f10x_adc.o)
                0x000000000800297e                adc_calibration_enable
 .text.adc_tempsensor_vrefint_enable
                0x00000000080029a0       0x14 ../lib-gd32/lib_gd32/libgd32.a(gd32f10x_adc.o)
                0x00000000080029a0                adc_tempsensor_vrefint_enable
 .text.adc_channel_length_config
                0x00000000080029b4       0x3a ../lib-gd32/lib_gd32/libgd32.a(gd32f10x_adc.o)
                0x00000000080029b4                adc_channel_length_config
 .text.adc_inserted_channel_config
                0x00000000080029ee       0x5c ../lib-gd32/lib_gd32/libgd32.a(gd32f10x_adc.o)
                0x00000000080029ee                adc_inserted_channel_config
 .text.adc_external_trigger_source_config
                0x0000000008002a4a       0x22 ../lib-gd32/lib_gd32/libgd32.a(gd32f10x_adc.o)
                0x0000000008002a4a                adc_external_trigger_source_config
 .text.adc_external_trigger_config
                0x0000000008002a6c       0x36 ../lib-gd32/lib_gd32/libgd32.a(gd32f10x_adc.o)
                0x0000000008002a6c                adc_external_trigger_config
 .text.adc_software_trigger_enable
                0x0000000008002aa2       0x1a ../lib-gd32/lib_gd32/libgd32.a(gd32f10x_adc.o)
                0x0000000008002aa2                adc_software_trigger_enable
 .text.i2c_clock_config
                0x0000000008002abc       0xc4 ../lib-gd32/lib_gd32/libgd32.a(gd32f10x_i2c.o)
                0x0000000008002abc                i2c_clock_config
 .text.i2c_ack_config
                0x0000000008002b80       0x12 ../lib-gd32/lib_gd32/libgd32.a(gd32f10x_i2c.o)
                0x0000000008002b80                i2c_ack_config
 .text.i2c_ackpos_config
                0x0000000008002b92       0x12 ../lib-gd32/lib_gd32/libgd32.a(gd32f10x_i2c.o)
                0x0000000008002b92                i2c_ackpos_config
 .text.i2c_master_addressing
                0x0000000008002ba4       0x10 ../lib-gd32/lib_gd32/libgd32.a(gd32f10x_i2c.o)
                0x0000000008002ba4                i2c_master_addressing
 .text.i2c_enable
                0x0000000008002bb4        0xa ../lib-gd32/lib_gd32/libgd32.a(gd32f10x_i2c.o)
                0x0000000008002bb4                i2c_enable
 .text.i2c_start_on_bus
                0x0000000008002bbe        0xa ../lib-gd32/lib_gd32/libgd32.a(gd32f10x_i2c.o)
                0x0000000008002bbe                i2c_start_on_bus
 .text.i2c_stop_on_bus
                0x0000000008002bc8        0xa ../lib-gd32/lib_gd32/libgd32.a(gd32f10x_i2c.o)
                0x0000000008002bc8                i2c_stop_on_bus
 .text.i2c_data_transmit
                0x0000000008002bd2        0x4 ../lib-gd32/lib_gd32/libgd32.a(gd32f10x_i2c.o)
                0x0000000008002bd2                i2c_data_transmit
 .text.i2c_data_receive
                0x0000000008002bd6        0x6 ../lib-gd32/lib_gd32/libgd32.a(gd32f10x_i2c.o)
                0x0000000008002bd6                i2c_data_receive
 .text.i2c_flag_get
                0x0000000008002bdc       0x16 ../lib-gd32/lib_gd32/libgd32.a(gd32f10x_i2c.o)
                0x0000000008002bdc                i2c_flag_get
 .text.i2c_flag_clear
                0x0000000008002bf2       0x24 ../lib-gd32/lib_gd32/libgd32.a(gd32f10x_i2c.o)
                0x0000000008002bf2                i2c_flag_clear
 *(.glue_7)
 .glue_7        0x0000000008002c16        0x0 linker stubs
 *(.glue_7t)
 .glue_7t       0x0000000008002c16        0x0 linker stubs
 *(.eh_frame)
 *(.init)
 *(.fini)
                0x0000000008002c18                . = ALIGN (0x4)
 *fill*         0x0000000008002c16        0x2 
                0x0000000008002c18                _etext = .

.vfp11_veneer   0x0000000008002c18        0x0
 .vfp11_veneer  0x0000000008002c18        0x0 linker stubs

.v4_bx          0x0000000008002c18        0x0
 .v4_bx         0x0000000008002c18        0x0 linker stubs

.iplt           0x0000000008002c18        0x0
 .iplt          0x0000000008002c18        0x0 build_gd32/startup_gd32f10x_hd.o

.rodata         0x0000000008002c18      0x744
                0x0000000008002c18                . = ALIGN (0x4)
 *(.rodata)
 .rodata        0x0000000008002c18       0x18 ../lib-gd32/lib_gd32/libgd32.a(gd32f10x_rcu.o)
 *(.rodata*)
 .rodata.main.str1.1
                0x0000000008002c30       0x92 build_gd32/firmware/main.o
 .rodata.gettimeofday.str1.1
                0x0000000008002cc2       0x18 ../lib-c/lib_gd32/libc.a(time.o)
 .rodata.__func__.0
                0x0000000008002cda        0xd ../lib-c/lib_gd32/libc.a(time.o)
 .rodata.__func__.1
                0x0000000008002ce7        0xd ../lib-c/lib_gd32/libc.a(time.o)
 .rodata.__assert_func.str1.1
                0x0000000008002cf4       0x3c ../lib-c/lib_gd32/libc.a(assert.o)
                                         0x3d (size before relaxing)
 .rodata._ZN7Display9PrintInfoEv.isra.0.str1.1
                0x0000000008002d30       0x11 ../lib-display/lib_gd32/libdisplay.a(display.o)
 .rodata._ZN7Ssd13069PrintInfoEv.str1.1
                0x0000000008002d41       0x1b ../lib-display/lib_gd32/libdisplay.a(ssd1306.o)
 .rodata._ZN7Ssd130611CheckSH1106Ev.str1.1
                0x0000000008002d5c        0x6 ../lib-display/lib_gd32/libdisplay.a(ssd1306.o)
 *fill*         0x0000000008002d62        0x2 
 .rodata._ZL12_OledFont8x6
                0x0000000008002d64      0x2a0 ../lib-display/lib_gd32/libdisplay.a(ssd1306.o)
 .rodata._ZL16oled_128x32_init
                0x0000000008003004       0x18 ../lib-display/lib_gd32/libdisplay.a(ssd1306.o)
 .rodata._ZL16oled_128x64_init
                0x000000000800301c       0x18 ../lib-display/lib_gd32/libdisplay.a(ssd1306.o)
 .rodata._ZTV7Ssd1306
                0x0000000008003034       0x40 ../lib-display/lib_gd32/libdisplay.a(ssd1306.o)
                0x0000000008003034                vtable for Ssd1306
 .rodata.console_init.str1.1
                0x0000000008003074        0xc ../lib-hal/lib_gd32/libhal.a(console_uart0.o)
 .rodata._ZN8HardwareC2Ev.str1.1
                0x0000000008003080       0xa6 ../lib-hal/lib_gd32/libhal.a(hardware.o)
 .rodata._ZN9I2cDetectC2Ev.str1.1
                0x0000000008003126       0x4a ../lib-hal/lib_gd32/libhal.a(i2cdetect.o)
                                         0x4b (size before relaxing)
 .rodata.get_allocated.str1.1
                0x0000000008003170       0x30 ../lib-c/lib_gd32/libc.a(malloc.o)
 .rodata.malloc.str1.1
                0x00000000080031a0       0xe6 ../lib-c/lib_gd32/libc.a(malloc.o)
 .rodata.free.str1.1
                0x0000000008003286       0x26 ../lib-c/lib_gd32/libc.a(malloc.o)
 .rodata.__func__.2
                0x00000000080032ac        0x5 ../lib-c/lib_gd32/libc.a(malloc.o)
 .rodata.__func__.3
                0x00000000080032b1        0x7 ../lib-c/lib_gd32/libc.a(malloc.o)
 .rodata.days_of_month
                0x00000000080032b8       0x30 ../lib-c/lib_gd32/libc.a(time.o)
 .rodata.gd32_uart_begin.str1.1
                0x00000000080032e8       0x36 ../lib-gd32/lib_gd32/libgd32.a(gd32_uart.o)
                                         0x38 (size before relaxing)
 .rodata._Z11udelay_initv.str1.1
                0x000000000800331e       0x3d ../lib-gd32/lib_gd32/libgd32.a(udelay.o)
                0x000000000800335c                . = ALIGN (0x4)
 *fill*         0x000000000800335b        0x1 

.ARM.extab
 *(.ARM.extab* .gnu.linkonce.armextab.*)

.ARM            0x000000000800335c        0x8
                0x000000000800335c                __exidx_start = .
 *(.ARM.exidx*)
 .ARM.exidx.text.__udivmoddi4
                0x000000000800335c        0x8 /Applications/ArmGNUToolchain/11.3.rel1/arm-none-eabi/bin/../lib/gcc/arm-none-eabi/11.3.1/thumb/v7-m/nofp/libgcc.a(_udivmoddi4.o)
                0x0000000008003364                __exidx_end = .

.rel.dyn        0x0000000008003364        0x0
 .rel.iplt      0x0000000008003364        0x0 build_gd32/startup_gd32f10x_hd.o

.ARM.attributes
                0x0000000008003364       0x2f
 *(.ARM.attributes)
 .ARM.attributes
                0x0000000008003364       0x21 build_gd32/startup_gd32f10x_hd.o
 .ARM.attributes
                0x0000000008003385       0x2d build_gd32/firmware/main.o
 .ARM.attributes
                0x00000000080033b2       0x2d ../lib-c/lib_gd32/libc.a(puts.o)
 .ARM.attributes
                0x00000000080033df       0x2d ../lib-c/lib_gd32/libc.a(time.o)
 .ARM.attributes
                0x000000000800340c       0x2d ../lib-c/lib_gd32/libc.a(assert.o)
 .ARM.attributes
                0x0000000008003439       0x2d ../lib-c/lib_gd32/libc.a(printf.o)
 .ARM.attributes
                0x0000000008003466       0x1d /Applications/ArmGNUToolchain/11.3.rel1/arm-none-eabi/bin/../lib/gcc/arm-none-eabi/11.3.1/thumb/v7-m/nofp/libgcc.a(_arm_mulsf3.o)
 .ARM.attributes
                0x0000000008003483       0x1d /Applications/ArmGNUToolchain/11.3.rel1/arm-none-eabi/bin/../lib/gcc/arm-none-eabi/11.3.1/thumb/v7-m/nofp/libgcc.a(_arm_truncdfsf2.o)
 .ARM.attributes
                0x00000000080034a0       0x1d /Applications/ArmGNUToolchain/11.3.rel1/arm-none-eabi/bin/../lib/gcc/arm-none-eabi/11.3.1/thumb/v7-m/nofp/libgcc.a(_arm_addsubsf3.o)
 .ARM.attributes
                0x00000000080034bd       0x1d /Applications/ArmGNUToolchain/11.3.rel1/arm-none-eabi/bin/../lib/gcc/arm-none-eabi/11.3.1/thumb/v7-m/nofp/libgcc.a(_arm_cmpsf2.o)
 .ARM.attributes
                0x00000000080034da       0x1d /Applications/ArmGNUToolchain/11.3.rel1/arm-none-eabi/bin/../lib/gcc/arm-none-eabi/11.3.1/thumb/v7-m/nofp/libgcc.a(_arm_fixsfsi.o)
 .ARM.attributes
                0x00000000080034f7       0x1d /Applications/ArmGNUToolchain/11.3.rel1/arm-none-eabi/bin/../lib/gcc/arm-none-eabi/11.3.1/thumb/v7-m/nofp/libgcc.a(_aeabi_uldivmod.o)
 .ARM.attributes
                0x0000000008003514       0x2d /Applications/ArmGNUToolchain/11.3.rel1/arm-none-eabi/bin/../lib/gcc/arm-none-eabi/11.3.1/thumb/v7-m/nofp/libgcc.a(_udivmoddi4.o)
 .ARM.attributes
                0x0000000008003541       0x1d /Applications/ArmGNUToolchain/11.3.rel1/arm-none-eabi/bin/../lib/gcc/arm-none-eabi/11.3.1/thumb/v7-m/nofp/libgcc.a(_dvmd_tls.o)
 .ARM.attributes
                0x000000000800355e       0x2d ../lib-display/lib_gd32/libdisplay.a(display.o)
 .ARM.attributes
                0x000000000800358b       0x2d ../lib-display/lib_gd32/libdisplay.a(ssd1306.o)
 .ARM.attributes
                0x00000000080035b8       0x2d ../lib-display/lib_gd32/libdisplay.a(display_timeout.o)
 .ARM.attributes
                0x00000000080035e5       0x2d ../lib-hal/lib_gd32/libhal.a(console_uart0.o)
 .ARM.attributes
                0x0000000008003612       0x2d ../lib-hal/lib_gd32/libhal.a(hardware.o)
 .ARM.attributes
                0x000000000800363f       0x2d ../lib-hal/lib_gd32/libhal.a(i2cdetect.o)
 .ARM.attributes
                0x000000000800366c       0x2d ../lib-c++/lib_gd32/libc++.a(delete.o)
 .ARM.attributes
                0x0000000008003699       0x2d ../lib-c++/lib_gd32/libc++.a(new.o)
 .ARM.attributes
                0x00000000080036c6       0x2d ../lib-c/lib_gd32/libc.a(malloc.o)
 .ARM.attributes
                0x00000000080036f3       0x2d ../lib-c/lib_gd32/libc.a(time.o)
 .ARM.attributes
                0x0000000008003720       0x2d ../lib-gd32/lib_gd32/libgd32.a(gd32_uart0.o)
 .ARM.attributes
                0x000000000800374d       0x2d ../lib-gd32/lib_gd32/libgd32.a(systick.o)
 .ARM.attributes
                0x000000000800377a       0x2d ../lib-gd32/lib_gd32/libgd32.a(system_gd32f10x.o)
 .ARM.attributes
                0x00000000080037a7       0x2d ../lib-gd32/lib_gd32/libgd32.a(gd32f10x_bkp.o)
 .ARM.attributes
                0x00000000080037d4       0x2d ../lib-gd32/lib_gd32/libgd32.a(gd32f10x_gpio.o)
 .ARM.attributes
                0x0000000008003801       0x2d ../lib-gd32/lib_gd32/libgd32.a(gd32f10x_pmu.o)
 .ARM.attributes
                0x000000000800382e       0x2d ../lib-gd32/lib_gd32/libgd32.a(gd32f10x_rcu.o)
 .ARM.attributes
                0x000000000800385b       0x2d ../lib-gd32/lib_gd32/libgd32.a(gd32f10x_timer.o)
 .ARM.attributes
                0x0000000008003888       0x2d ../lib-gd32/lib_gd32/libgd32.a(gd32f10x_usart.o)
 .ARM.attributes
                0x00000000080038b5       0x2d ../lib-gd32/lib_gd32/libgd32.a(gd32_adc.o)
 .ARM.attributes
                0x00000000080038e2       0x2d ../lib-gd32/lib_gd32/libgd32.a(gd32_i2c.o)
 .ARM.attributes
                0x000000000800390f       0x2d ../lib-gd32/lib_gd32/libgd32.a(gd32_uart.o)
 .ARM.attributes
                0x000000000800393c       0x2d ../lib-gd32/lib_gd32/libgd32.a(micros.o)
 .ARM.attributes
                0x0000000008003969       0x2d ../lib-gd32/lib_gd32/libgd32.a(udelay.o)
 .ARM.attributes
                0x0000000008003996       0x2d ../lib-gd32/lib_gd32/libgd32.a(gd32f10x_adc.o)
 .ARM.attributes
                0x00000000080039c3       0x2d ../lib-gd32/lib_gd32/libgd32.a(gd32f10x_i2c.o)

.preinit_array  0x0000000008003364        0x0
                [!provide]                        PROVIDE (__preinit_array_start = .)
 *(.preinit_array*)
                [!provide]                        PROVIDE (__preinit_array_end = .)

.init_array     0x0000000008003364        0x0
                [!provide]                        PROVIDE (__init_array_start = .)
 *(SORT_BY_NAME(.init_array.*))
 *(.init_array*)
                [!provide]                        PROVIDE (__init_array_end = .)

.fini_array     0x0000000008003364        0x0
                [!provide]                        PROVIDE (__fini_array_start = .)
 *(.fini_array*)
 *(SORT_BY_NAME(.fini_array.*))
                [!provide]                        PROVIDE (__fini_array_end = .)
                0x0000000008003364                _sidata = LOADADDR (.data)

.data           0x0000000020000000       0xd8 load address 0x0000000008003364
                0x0000000020000000                . = ALIGN (0x4)
                0x0000000020000000                _sdata = .
 *(.data)
 *(.data*)
 .data.next_block
                0x0000000020000000        0x4 ../lib-c/lib_gd32/libc.a(malloc.o)
 .data.s_block_bucket
                0x0000000020000004       0xd0 ../lib-c/lib_gd32/libc.a(malloc.o)
 .data.SystemCoreClock
                0x00000000200000d4        0x4 ../lib-gd32/lib_gd32/libgd32.a(system_gd32f10x.o)
                0x00000000200000d4                SystemCoreClock
                0x00000000200000d8                . = ALIGN (0x4)
                0x00000000200000d8                _edata = .

.igot.plt       0x00000000200000d8        0x0 load address 0x000000000800343c
 .igot.plt      0x00000000200000d8        0x0 build_gd32/startup_gd32f10x_hd.o
                0x00000000200000d8                . = ALIGN (0x4)

.bss            0x00000000200000d8       0xac load address 0x000000000800343c
                0x00000000200000d8                _sbss = .
                0x00000000200000d8                __bss_start__ = _sbss
 *(.bss)
 *(.bss*)
 .bss.s_micros  0x00000000200000d8        0x8 ../lib-c/lib_gd32/libc.a(time.o)
 .bss.set_timer
                0x00000000200000e0        0x4 ../lib-c/lib_gd32/libc.a(time.o)
 .bss.outptr    0x00000000200000e4        0x4 ../lib-c/lib_gd32/libc.a(printf.o)
 .bss._ZN7Display7s_pThisE
                0x00000000200000e8        0x4 ../lib-display/lib_gd32/libdisplay.a(display.o)
                0x00000000200000e8                Display::s_pThis
 .bss._ZL12_ClearBuffer
                0x00000000200000ec       0x86 ../lib-display/lib_gd32/libdisplay.a(ssd1306.o)
 *fill*         0x0000000020000172        0x2 
 .bss._ZN7Ssd13067s_pThisE
                0x0000000020000174        0x4 ../lib-display/lib_gd32/libdisplay.a(ssd1306.o)
                0x0000000020000174                Ssd1306::s_pThis
 .bss._ZN8Hardware7s_pThisE
                0x0000000020000178        0x4 ../lib-hal/lib_gd32/libhal.a(hardware.o)
                0x0000000020000178                Hardware::s_pThis
 .bss.s_nSysTickMillis
                0x000000002000017c        0x4 ../lib-gd32/lib_gd32/libgd32.a(systick.o)
                0x000000002000017c                s_nSysTickMillis
 .bss._ZL10s_nAddress
                0x0000000020000180        0x1 ../lib-gd32/lib_gd32/libgd32.a(gd32_i2c.o)
 *(COMMON)
                0x0000000020000184                . = ALIGN (0x4)
 *fill*         0x0000000020000181        0x3 
                0x0000000020000184                _ebss = .
                0x0000000020000184                __bss_end__ = _ebss
                0x0000000020000188                . = ALIGN (0x8)
                [!provide]                        PROVIDE (end = _ebss)
                [!provide]                        PROVIDE (_end = _ebss)

.heap           0x000000002000a000     0x1000 load address 0x0000000020000184
                0x000000002000a000                . = ALIGN (0x4)
                0x000000002000a000                heap_low = .
                0x000000002000b000                . = (. + __heap_size)
 *fill*         0x000000002000a000     0x1000 
                0x000000002000b000                heap_top = .
                0x000000002000b000                . = ALIGN (0x4)

.stack          0x000000002000b000     0x1000
                0x000000002000b000                . = ALIGN (0x4)
                [!provide]                        PROVIDE (_heap_end = .)
                0x0000000000001000                . = __stack_size
 *fill*         0x000000002000b000     0x1000 
                0x000000002000c000                PROVIDE (_sp = .)
                0x000000002000c000                . = ALIGN (0x4)

/DISCARD/
 *(*.ARM.attributes)
 *(*.comment)
 *(*.debug*)
START GROUP
LOAD /Applications/ArmGNUToolchain/11.3.rel1/arm-none-eabi/bin/../lib/gcc/arm-none-eabi/11.3.1/thumb/v7-m/nofp/libgcc.a
LOAD ../lib-c/lib_gd32/libc.a
END GROUP
LOAD ../lib-rdm/lib_gd32/librdm.a
LOAD ../lib-spiflashstore/lib_gd32/libspiflashstore.a
LOAD ../lib-spiflash/lib_gd32/libspiflash.a
LOAD ../lib-network/lib_gd32/libnetwork.a
LOAD ../lib-properties/lib_gd32/libproperties.a
LOAD ../lib-lightset/lib_gd32/liblightset.a
LOAD ../lib-display/lib_gd32/libdisplay.a
LOAD ../lib-hal/lib_gd32/libhal.a
LOAD ../lib-c++/lib_gd32/libc++.a
LOAD ../lib-c/lib_gd32/libc.a
LOAD ../lib-gd32/lib_gd32/libgd32.a
LOAD /Applications/ArmGNUToolchain/11.3.rel1/arm-none-eabi/bin/../lib/gcc/arm-none-eabi/11.3.1/thumb/v7-m/nofp/libgcc.a
OUTPUT(build_gd32/main.elf elf32-littlearm)
LOAD linker stubs
