Archive member included to satisfy reference by file (symbol)

../lib-c/lib_gd32/libc.a(printf.o)
                              build_gd32/firmware/main.o (printf)
../lib-c/lib_gd32/libc.a(puts.o)
                              build_gd32/firmware/main.o (puts)
/Applications/ARM/bin/../lib/gcc/arm-none-eabi/10.3.1/thumb/v7-m/nofp/libgcc.a(_arm_mulsf3.o)
                              ../lib-c/lib_gd32/libc.a(printf.o) (__aeabi_fmul)
/Applications/ARM/bin/../lib/gcc/arm-none-eabi/10.3.1/thumb/v7-m/nofp/libgcc.a(_arm_truncdfsf2.o)
                              ../lib-c/lib_gd32/libc.a(printf.o) (__aeabi_d2f)
/Applications/ARM/bin/../lib/gcc/arm-none-eabi/10.3.1/thumb/v7-m/nofp/libgcc.a(_arm_addsubsf3.o)
                              ../lib-c/lib_gd32/libc.a(printf.o) (__aeabi_fsub)
/Applications/ARM/bin/../lib/gcc/arm-none-eabi/10.3.1/thumb/v7-m/nofp/libgcc.a(_arm_cmpsf2.o)
                              ../lib-c/lib_gd32/libc.a(printf.o) (__aeabi_fcmplt)
/Applications/ARM/bin/../lib/gcc/arm-none-eabi/10.3.1/thumb/v7-m/nofp/libgcc.a(_arm_fixsfsi.o)
                              ../lib-c/lib_gd32/libc.a(printf.o) (__aeabi_f2iz)
/Applications/ARM/bin/../lib/gcc/arm-none-eabi/10.3.1/thumb/v7-m/nofp/libgcc.a(_aeabi_uldivmod.o)
                              ../lib-c/lib_gd32/libc.a(printf.o) (__aeabi_uldivmod)
/Applications/ARM/bin/../lib/gcc/arm-none-eabi/10.3.1/thumb/v7-m/nofp/libgcc.a(_udivmoddi4.o)
                              /Applications/ARM/bin/../lib/gcc/arm-none-eabi/10.3.1/thumb/v7-m/nofp/libgcc.a(_aeabi_uldivmod.o) (__udivmoddi4)
/Applications/ARM/bin/../lib/gcc/arm-none-eabi/10.3.1/thumb/v7-m/nofp/libgcc.a(_dvmd_tls.o)
                              /Applications/ARM/bin/../lib/gcc/arm-none-eabi/10.3.1/thumb/v7-m/nofp/libgcc.a(_aeabi_uldivmod.o) (__aeabi_ldiv0)
../lib-rdmresponder/lib_gd32/librdmresponder.a(rdmresponder.o)
                              build_gd32/firmware/main.o (RDMResponder::Run())
../lib-rdmsensor/lib_gd32/librdmsensor.a(rdmsensors.o)
                              build_gd32/firmware/main.o (RDMSensors::~RDMSensors())
../lib-rdmsensor/lib_gd32/librdmsensor.a(rdmsensorsadd.o)
                              ../lib-rdmsensor/lib_gd32/librdmsensor.a(rdmsensors.o) (RDMSensors::Add(RDMSensor*))
../lib-rdmsensor/lib_gd32/librdmsensor.a(rdmsensorsparams.o)
                              build_gd32/firmware/main.o (RDMSensorsParams::RDMSensorsParams(RDMSensorsParamsStore*))
../lib-rdmsensor/lib_gd32/librdmsensor.a(rdmsensorsstatic.o)
                              ../lib-rdmsensor/lib_gd32/librdmsensor.a(rdmsensorsparams.o) (RDMSensors::GetTypeString(char const*))
../lib-rdmsensor/lib_gd32/librdmsensor.a(rdmsensor.o)
                              ../lib-rdmsensor/lib_gd32/librdmsensor.a(rdmsensors.o) (RDMSensor::RDMSensor(unsigned char))
../lib-rdmsensor/lib_gd32/librdmsensor.a(rdmsensorsconst.o)
                              ../lib-rdmsensor/lib_gd32/librdmsensor.a(rdmsensorsstatic.o) (RDMSensorsConst::TYPE)
../lib-device/lib_gd32/libdevice.a(bh1750.o)
                              ../lib-rdmsensor/lib_gd32/librdmsensor.a(rdmsensorsparams.o) (sensor::BH170::BH170(unsigned char))
../lib-device/lib_gd32/libdevice.a(htu21d.o)
                              ../lib-rdmsensor/lib_gd32/librdmsensor.a(rdmsensorsparams.o) (sensor::HTU21D::HTU21D(unsigned char))
../lib-device/lib_gd32/libdevice.a(ina219.o)
                              ../lib-rdmsensor/lib_gd32/librdmsensor.a(rdmsensorsparams.o) (sensor::INA219::INA219(unsigned char))
../lib-device/lib_gd32/libdevice.a(mcp9808.o)
                              ../lib-rdmsensor/lib_gd32/librdmsensor.a(rdmsensorsparams.o) (sensor::MCP9808::MCP9808(unsigned char))
../lib-device/lib_gd32/libdevice.a(si7021.o)
                              ../lib-rdmsensor/lib_gd32/librdmsensor.a(rdmsensorsparams.o) (sensor::SI7021::SI7021(unsigned char))
../lib-rdmsubdevice/lib_gd32/librdmsubdevice.a(rdmsubdevices.o)
                              build_gd32/firmware/main.o (RDMSubDevices::~RDMSubDevices())
../lib-rdmsubdevice/lib_gd32/librdmsubdevice.a(rdmsubdevicesparams.o)
                              build_gd32/firmware/main.o (RDMSubDevicesParams::RDMSubDevicesParams(RDMSubDevicesParamsStore*))
../lib-rdmsubdevice/lib_gd32/librdmsubdevice.a(rdmsubdevicesstatic.o)
                              ../lib-rdmsubdevice/lib_gd32/librdmsubdevice.a(rdmsubdevicesparams.o) (RDMSubDevices::GetTypeString(char const*))
../lib-rdmsubdevice/lib_gd32/librdmsubdevice.a(rdmsubdevice.o)
                              ../lib-rdmsubdevice/lib_gd32/librdmsubdevice.a(rdmsubdevices.o) (RDMSubDevice::SetDmxStartAddress(unsigned short))
../lib-rdmsubdevice/lib_gd32/librdmsubdevice.a(rdmsubdevicesadd.o)
                              ../lib-rdmsubdevice/lib_gd32/librdmsubdevice.a(rdmsubdevicesparams.o) (RDMSubDevices::Add(RDMSubDevice*))
../lib-rdmsubdevice/lib_gd32/librdmsubdevice.a(rdmsubdevicesconst.o)
[...]
Memory Configuration

Name             Origin             Length             Attributes
FLASH            0x0000000008000000 0x0000000000040000 xr
RAM              0x0000000020000000 0x000000000000c000 xrw
*default*        0x0000000000000000 0xffffffffffffffff

Linker script and memory map

LOAD build_gd32/startup_gd32f10x_hd.o
LOAD build_gd32/firmware/main.o
LOAD build_gd32/lib/display.o
LOAD build_gd32/lib/dmxstartaddressupdate.o
LOAD build_gd32/lib/personalityupdate.o
LOAD build_gd32/lib/rdm_selftest.o
LOAD build_gd32/lib/rdmidentify.o
LOAD build_gd32/lib/rdmslotinfo.o
LOAD build_gd32/lib/rdmsoftwareversion.o
                0x0000000000001000                __heap_size = DEFINED (__heap_size)?__heap_size:0x1000
                0x0000000000001000                __stack_size = DEFINED (__stack_size)?__stack_size:0x1000

.vectors        0x0000000008000000      0x130
                0x0000000008000000                . = ALIGN (0x4)
 *(.vectors)
 .vectors       0x0000000008000000      0x130 build_gd32/startup_gd32f10x_hd.o
                0x0000000008000000                __gVectors
                0x0000000008000130                . = ALIGN (0x4)
                0x0000000008000130                __Vectors_End = .
                0x0000000008000130                __Vectors_Size = (__Vectors_End - __gVectors)

.text           0x0000000008000130     0x9578
                0x0000000008000130                . = ALIGN (0x4)
 *(.text)
 .text          0x0000000008000130       0xa0 /Applications/ARM/bin/../lib/gcc/arm-none-eabi/10.3.1/thumb/v7-m/nofp/libgcc.a(_arm_truncdfsf2.o)
                0x0000000008000130                __aeabi_d2f
                0x0000000008000130                __truncdfsf2
 .text          0x00000000080001d0      0x21c /Applications/ARM/bin/../lib/gcc/arm-none-eabi/10.3.1/thumb/v7-m/nofp/libgcc.a(_arm_addsubsf3.o)
                0x00000000080001d0                __aeabi_frsub
                0x00000000080001d8                __aeabi_fsub
                0x00000000080001d8                __subsf3
                0x00000000080001dc                __aeabi_fadd
                0x00000000080001dc                __addsf3
                0x000000000800033c                __aeabi_ui2f
                0x000000000800033c                __floatunsisf
                0x0000000008000344                __floatsisf
                0x0000000008000344                __aeabi_i2f
                0x0000000008000360                __aeabi_ul2f
                0x0000000008000360                __floatundisf
                0x0000000008000370                __aeabi_l2f
                0x0000000008000370                __floatdisf
 .text          0x00000000080003ec       0xec /Applications/ARM/bin/../lib/gcc/arm-none-eabi/10.3.1/thumb/v7-m/nofp/libgcc.a(_arm_cmpsf2.o)
                0x00000000080003ec                __gesf2
                0x00000000080003ec                __gtsf2
                0x00000000080003f4                __ltsf2
                0x00000000080003f4                __lesf2
                0x00000000080003fc                __nesf2
                0x00000000080003fc                __eqsf2
                0x00000000080003fc                __cmpsf2
                0x000000000800045c                __aeabi_cfrcmple
                0x0000000008000464                __aeabi_cfcmpeq
                0x0000000008000464                __aeabi_cfcmple
                0x0000000008000474                __aeabi_fcmpeq
                0x0000000008000488                __aeabi_fcmplt
                0x000000000800049c                __aeabi_fcmple
                0x00000000080004b0                __aeabi_fcmpge
                0x00000000080004c4                __aeabi_fcmpgt
 .text          0x00000000080004d8       0x4c /Applications/ARM/bin/../lib/gcc/arm-none-eabi/10.3.1/thumb/v7-m/nofp/libgcc.a(_arm_fixsfsi.o)
                0x00000000080004d8                __fixsfsi
                0x00000000080004d8                __aeabi_f2iz
 .text          0x0000000008000524       0x30 /Applications/ARM/bin/../lib/gcc/arm-none-eabi/10.3.1/thumb/v7-m/nofp/libgcc.a(_aeabi_uldivmod.o)
                0x0000000008000524                __aeabi_uldivmod
 .text          0x0000000008000554      0x2d4 /Applications/ARM/bin/../lib/gcc/arm-none-eabi/10.3.1/thumb/v7-m/nofp/libgcc.a(_udivmoddi4.o)
                0x0000000008000554                __udivmoddi4
 .text          0x0000000008000828        0x4 /Applications/ARM/bin/../lib/gcc/arm-none-eabi/10.3.1/thumb/v7-m/nofp/libgcc.a(_dvmd_tls.o)
                0x0000000008000828                __aeabi_ldiv0
                0x0000000008000828                __aeabi_idiv0
 .text          0x000000000800082c      0x378 /Applications/ARM/bin/../lib/gcc/arm-none-eabi/10.3.1/thumb/v7-m/nofp/libgcc.a(_arm_addsubdf3.o)
                0x000000000800082c                __aeabi_drsub
                0x0000000008000834                __subdf3
                0x0000000008000834                __aeabi_dsub
                0x0000000008000838                __aeabi_dadd
                0x0000000008000838                __adddf3
                0x0000000008000ab0                __aeabi_ui2d
                0x0000000008000ab0                __floatunsidf
                0x0000000008000ad0                __floatsidf
                0x0000000008000ad0                __aeabi_i2d
                0x0000000008000af4                __extendsfdf2
                0x0000000008000af4                __aeabi_f2d
                0x0000000008000b38                __aeabi_ul2d
                0x0000000008000b38                __floatundidf
                0x0000000008000b48                __aeabi_l2d
                0x0000000008000b48                __floatdidf
 .text          0x0000000008000ba4      0x424 /Applications/ARM/bin/../lib/gcc/arm-none-eabi/10.3.1/thumb/v7-m/nofp/libgcc.a(_arm_muldivdf3.o)
                0x0000000008000ba4                __aeabi_dmul
                0x0000000008000ba4                __muldf3
                0x0000000008000df8                __aeabi_ddiv
                0x0000000008000df8                __divdf3
 .text          0x0000000008000fc8      0x2a0 /Applications/ARM/bin/../lib/gcc/arm-none-eabi/10.3.1/thumb/v7-m/nofp/libgcc.a(_arm_muldivsf3.o)
                0x0000000008000fc8                __mulsf3
                0x0000000008000fc8                __aeabi_fmul
                0x0000000008001130                __divsf3
                0x0000000008001130                __aeabi_fdiv
 .text          0x0000000008001268       0x40 /Applications/ARM/bin/../lib/gcc/arm-none-eabi/10.3.1/thumb/v7-m/nofp/libgcc.a(_arm_fixunssfsi.o)
                0x0000000008001268                __aeabi_f2uiz
                0x0000000008001268                __fixunssfsi
 *(.text*)
 .text.Reset_Handler
                0x00000000080012a8       0x4c build_gd32/startup_gd32f10x_hd.o
                0x00000000080012a8                Reset_Handler
 .text.Default_Handler
                0x00000000080012f4        0x2 build_gd32/startup_gd32f10x_hd.o
                0x00000000080012f4                DMA0_Channel4_IRQHandler
                0x00000000080012f4                EXTI2_IRQHandler
                0x00000000080012f4                TIMER5_IRQHandler
                0x00000000080012f4                DebugMon_Handler
                0x00000000080012f4                LVD_IRQHandler
                0x00000000080012f4                TIMER0_BRK_IRQHandler
                0x00000000080012f4                HardFault_Handler
                0x00000000080012f4                ADC0_1_IRQHandler
                0x00000000080012f4                TIMER0_UP_IRQHandler
                0x00000000080012f4                SDIO_IRQHandler
                0x00000000080012f4                PendSV_Handler
                0x00000000080012f4                NMI_Handler
                0x00000000080012f4                EXTI3_IRQHandler
                0x00000000080012f4                DMA0_Channel6_IRQHandler
                0x00000000080012f4                I2C0_EV_IRQHandler
                0x00000000080012f4                EXTI0_IRQHandler
                0x00000000080012f4                UsageFault_Handler
                0x00000000080012f4                TIMER4_IRQHandler
                0x00000000080012f4                SPI1_IRQHandler
                0x00000000080012f4                DMA0_Channel0_IRQHandler
                0x00000000080012f4                TAMPER_IRQHandler
                0x00000000080012f4                DMA1_Channel0_IRQHandler
                0x00000000080012f4                DMA0_Channel3_IRQHandler
                0x00000000080012f4                I2C0_ER_IRQHandler
                0x00000000080012f4                RTC_IRQHandler
                0x00000000080012f4                TIMER7_UP_IRQHandler
                0x00000000080012f4                DMA0_Channel2_IRQHandler
                0x00000000080012f4                USART0_IRQHandler
                0x00000000080012f4                TIMER7_TRG_CMT_IRQHandler
                0x00000000080012f4                TIMER0_TRG_CMT_IRQHandler
                0x00000000080012f4                I2C1_EV_IRQHandler
                0x00000000080012f4                UART4_IRQHandler
                0x00000000080012f4                EXTI10_15_IRQHandler
                0x00000000080012f4                DMA1_Channel1_IRQHandler
                0x00000000080012f4                Default_Handler
                0x00000000080012f4                WWDGT_IRQHandler
                0x00000000080012f4                EXMC_IRQHandler
                0x00000000080012f4                ADC2_IRQHandler
                0x00000000080012f4                SPI2_IRQHandler
                0x00000000080012f4                MemManage_Handler
                0x00000000080012f4                USBD_WKUP_IRQHandler
                0x00000000080012f4                SVC_Handler
                0x00000000080012f4                TIMER7_BRK_IRQHandler
                0x00000000080012f4                EXTI4_IRQHandler
                0x00000000080012f4                USBD_HP_CAN0_TX_IRQHandler
                0x00000000080012f4                CAN0_RX1_IRQHandler
                0x00000000080012f4                DMA0_Channel5_IRQHandler
                0x00000000080012f4                EXTI5_9_IRQHandler
                0x00000000080012f4                RCU_IRQHandler
                0x00000000080012f4                DMA0_Channel1_IRQHandler
                0x00000000080012f4                TIMER0_Channel_IRQHandler
                0x00000000080012f4                EXTI1_IRQHandler
                0x00000000080012f4                SPI0_IRQHandler
                0x00000000080012f4                DMA1_Channel3_4_IRQHandler
                0x00000000080012f4                CAN0_EWMC_IRQHandler
                0x00000000080012f4                DMA1_Channel2_IRQHandler
                0x00000000080012f4                USBD_LP_CAN0_RX0_IRQHandler
                0x00000000080012f4                BusFault_Handler
                0x00000000080012f4                USART1_IRQHandler
                0x00000000080012f4                UART3_IRQHandler
                0x00000000080012f4                I2C1_ER_IRQHandler
                0x00000000080012f4                FMC_IRQHandler
                0x00000000080012f4                RTC_Alarm_IRQHandler
 .text._ZN15FactoryDefaultsD2Ev
                0x00000000080012f6        0x2 build_gd32/firmware/main.o
                0x00000000080012f6                FactoryDefaults::~FactoryDefaults()
                0x00000000080012f6                FactoryDefaults::~FactoryDefaults()
 .text._ZN17PixelDmxStartStopD2Ev
                0x00000000080012f8        0x2 build_gd32/firmware/main.o
                0x00000000080012f8                PixelDmxStartStop::~PixelDmxStartStop()
                0x00000000080012f8                PixelDmxStartStop::~PixelDmxStartStop()
 *fill*         0x00000000080012fa        0x2 
 .text._ZN17PixelDmxStartStop5StartEv
                0x00000000080012fc       0x18 build_gd32/firmware/main.o
                0x00000000080012fc                PixelDmxStartStop::Start()
 .text._ZN17PixelDmxStartStop4StopEv
                0x0000000008001314       0x18 build_gd32/firmware/main.o
                0x0000000008001314                PixelDmxStartStop::Stop()
 .text._ZN6RebootD2Ev
                0x000000000800132c        0x2 build_gd32/firmware/main.o
                0x000000000800132c                Reboot::~Reboot()
                0x000000000800132c                Reboot::~Reboot()
 .text._ZN6RebootD0Ev
                0x000000000800132e        0xc build_gd32/firmware/main.o
                0x000000000800132e                Reboot::~Reboot()
 .text._ZN15FactoryDefaultsD0Ev
                0x000000000800133a        0xc build_gd32/firmware/main.o
                0x000000000800133a                FactoryDefaults::~FactoryDefaults()
 .text._ZN17PixelDmxStartStopD0Ev
                0x0000000008001346        0xc build_gd32/firmware/main.o
                0x0000000008001346                PixelDmxStartStop::~PixelDmxStartStop()
 *fill*         0x0000000008001352        0x2 
 .text._ZN12RDMResponder17PersonalityUpdateEP8LightSet
                0x0000000008001354       0x34 build_gd32/firmware/main.o
                0x0000000008001354                RDMResponder::PersonalityUpdate(LightSet*)
 .text._ZN15FactoryDefaults3SetEv
                0x0000000008001388       0x10 build_gd32/firmware/main.o
                0x0000000008001388                FactoryDefaults::Set()
 .text._ZN6Reboot3RunEv
                0x0000000008001398        0xc build_gd32/firmware/main.o
                0x0000000008001398                Reboot::Run()
 .text._ZN12RDMResponder21DmxStartAddressUpdateEv
                0x00000000080013a4       0x16 build_gd32/firmware/main.o
                0x00000000080013a4                RDMResponder::DmxStartAddressUpdate()
 .text._ZN7Display9ClearLineEh.isra.0
                0x00000000080013ba        0xa build_gd32/firmware/main.o
 .text._ZN12RDMResponderD2Ev
                0x00000000080013c4       0x48 build_gd32/firmware/main.o
                0x00000000080013c4                RDMResponder::~RDMResponder()
                0x00000000080013c4                RDMResponder::~RDMResponder()
 .text._ZN12RDMResponderD0Ev
                0x000000000800140c       0x12 build_gd32/firmware/main.o
                0x000000000800140c                RDMResponder::~RDMResponder()
 .text._ZN14RDMPersonalityC2EPKcP8LightSet
                0x000000000800141e       0x50 build_gd32/firmware/main.o
                0x000000000800141e                RDMPersonality::RDMPersonality(char const*, LightSet*)
                0x000000000800141e                RDMPersonality::RDMPersonality(char const*, LightSet*)
 *fill*         0x000000000800146e        0x2 
 .text._Z14is_config_modev
                0x0000000008001470       0x30 build_gd32/firmware/main.o
                0x0000000008001470                is_config_mode()
 .text.startup.main
                0x00000000080014a0      0x4f0 build_gd32/firmware/main.o
                0x00000000080014a0                main
 .text._ZN7Display9ClearLineEh.isra.0
                0x0000000008001990        0xa build_gd32/lib/display.o
 *fill*         0x000000000800199a        0x2 
 .text._ZN17PixelDmxParamsRdm7DisplayEPKh
                0x000000000800199c       0xa4 build_gd32/lib/display.o
                0x000000000800199c                PixelDmxParamsRdm::Display(unsigned char const*)
 .text._ZN12RDMResponder21DmxStartAddressUpdateEt
                0x0000000008001a40        0xc build_gd32/lib/dmxstartaddressupdate.o
                0x0000000008001a40                RDMResponder::DmxStartAddressUpdate(unsigned short)
 .text._ZN7Display9ClearLineEh.isra.0
                0x0000000008001a4c        0xa build_gd32/lib/personalityupdate.o
 *fill*         0x0000000008001a56        0x2 
 .text._ZN12RDMResponder17PersonalityUpdateEj
                0x0000000008001a58       0xcc build_gd32/lib/personalityupdate.o
                0x0000000008001a58                RDMResponder::PersonalityUpdate(unsigned int)
 .text._ZN16PixelTestPattern10SetPatternEN13pixelpatterns7PatternE
                0x0000000008001b24       0xbc build_gd32/lib/rdm_selftest.o
                0x0000000008001b24                PixelTestPattern::SetPattern(pixelpatterns::Pattern)
 .text._ZN3rdm8selftest3GetEv
                0x0000000008001be0        0xc build_gd32/lib/rdm_selftest.o
                0x0000000008001be0                rdm::selftest::Get()
 .text._ZN3rdm8selftest3SetEh
                0x0000000008001bec       0x68 build_gd32/lib/rdm_selftest.o
                0x0000000008001bec                rdm::selftest::Set(unsigned char)
 .text._ZN3rdm8selftest14GetDescriptionEhRj
                0x0000000008001c54       0x20 build_gd32/lib/rdm_selftest.o
                0x0000000008001c54                rdm::selftest::GetDescription(unsigned char, unsigned int&)
 .text._ZN16PixelTestPattern10SetPatternEN13pixelpatterns7PatternE.isra.0
                0x0000000008001c74       0xc4 build_gd32/lib/rdmidentify.o
 .text._ZN11RDMIdentify2OnEN3rdm8identify4ModeE
                0x0000000008001d38       0x34 build_gd32/lib/rdmidentify.o
                0x0000000008001d38                RDMIdentify::On(rdm::identify::Mode)
 .text._ZN11RDMIdentify3OffEN3rdm8identify4ModeE
                0x0000000008001d6c       0x24 build_gd32/lib/rdmidentify.o
                0x0000000008001d6c                RDMIdentify::Off(rdm::identify::Mode)
 .text._ZN11RDMSlotInfo24GetCategoryTextUndefinedEtRj
                0x0000000008001d90       0x64 build_gd32/lib/rdmslotinfo.o
                0x0000000008001d90                RDMSlotInfo::GetCategoryTextUndefined(unsigned short, unsigned int&)
 .text._ZN18RDMSoftwareVersion10GetVersionEv
                0x0000000008001df4        0x8 build_gd32/lib/rdmsoftwareversion.o
                0x0000000008001df4                RDMSoftwareVersion::GetVersion()
 .text._ZN18RDMSoftwareVersion16GetVersionLengthEv
                0x0000000008001dfc        0x4 build_gd32/lib/rdmsoftwareversion.o
                0x0000000008001dfc                RDMSoftwareVersion::GetVersionLength()
 .text._ZN18RDMSoftwareVersion12GetVersionIdEv
                0x0000000008001e00        0x8 build_gd32/lib/rdmsoftwareversion.o
                0x0000000008001e00                RDMSoftwareVersion::GetVersionId()
 .text._itostr  0x0000000008001e08       0x74 ../lib-c/lib_gd32/libc.a(printf.o)
 .text._xputch  0x0000000008001e7c       0x2c ../lib-c/lib_gd32/libc.a(printf.o)
 .text._format_int
                0x0000000008001ea8       0xec ../lib-c/lib_gd32/libc.a(printf.o)
 .text._format_hex
                0x0000000008001f94       0xba ../lib-c/lib_gd32/libc.a(printf.o)
 *fill*         0x000000000800204e        0x2 
 .text._vprintf
                0x0000000008002050      0x3cc ../lib-c/lib_gd32/libc.a(printf.o)
 .text.printf   0x000000000800241c       0x1e ../lib-c/lib_gd32/libc.a(printf.o)
                0x000000000800241c                printf
 *fill*         0x000000000800243a        0x2 
 .text.snprintf
                0x000000000800243c       0x30 ../lib-c/lib_gd32/libc.a(printf.o)
                0x000000000800243c                snprintf
 .text.vsnprintf
                0x000000000800246c       0x20 ../lib-c/lib_gd32/libc.a(printf.o)
                0x000000000800246c                vsnprintf
 .text.puts     0x000000000800248c       0x10 ../lib-c/lib_gd32/libc.a(puts.o)
                0x000000000800248c                puts
 .text._ZN11DMXReceiver3RunERs
                0x000000000800249c       0x9c ../lib-rdmresponder/lib_gd32/librdmresponder.a(rdmresponder.o)
                0x000000000800249c                DMXReceiver::Run(short&)
 .text._ZN12RDMResponder14HandleResponseEPh
                0x0000000008002538       0x2e ../lib-rdmresponder/lib_gd32/librdmresponder.a(rdmresponder.o)
                0x0000000008002538                RDMResponder::HandleResponse(unsigned char*)
 *fill*         0x0000000008002566        0x2 
 .text._ZN12RDMResponder3RunEv
                0x0000000008002568       0x98 ../lib-rdmresponder/lib_gd32/librdmresponder.a(rdmresponder.o)
                0x0000000008002568                RDMResponder::Run()
 .text._ZN14CpuTemperature10InitializeEv
                0x0000000008002600        0x4 ../lib-rdmsensor/lib_gd32/librdmsensor.a(rdmsensors.o)
                0x0000000008002600                CpuTemperature::Initialize()
 .text._ZN14CpuTemperatureD2Ev
                0x0000000008002604        0x2 ../lib-rdmsensor/lib_gd32/librdmsensor.a(rdmsensors.o)
                0x0000000008002604                CpuTemperature::~CpuTemperature()
                0x0000000008002604                CpuTemperature::~CpuTemperature()
 .text._ZN14CpuTemperature8GetValueEv
                0x0000000008002606        0xe ../lib-rdmsensor/lib_gd32/librdmsensor.a(rdmsensors.o)
                0x0000000008002606                CpuTemperature::GetValue()
 .text._ZN14CpuTemperatureD0Ev
                0x0000000008002614        0xc ../lib-rdmsensor/lib_gd32/librdmsensor.a(rdmsensors.o)
                0x0000000008002614                CpuTemperature::~CpuTemperature()
 .text._ZN10RDMSensorsC2Ev
                0x0000000008002620       0x5c ../lib-rdmsensor/lib_gd32/librdmsensor.a(rdmsensors.o)
                0x0000000008002620                RDMSensors::RDMSensors()
                0x0000000008002620                RDMSensors::RDMSensors()
 .text._ZN10RDMSensorsD2Ev
                0x000000000800267c       0x30 ../lib-rdmsensor/lib_gd32/librdmsensor.a(rdmsensors.o)
                0x000000000800267c                RDMSensors::~RDMSensors()
                0x000000000800267c                RDMSensors::~RDMSensors()
 .text._ZN10RDMSensors12GetDefintionEh
                0x00000000080026ac        0xa ../lib-rdmsensor/lib_gd32/librdmsensor.a(rdmsensors.o)
                0x00000000080026ac                RDMSensors::GetDefintion(unsigned char)
 .text._ZN10RDMSensors9GetValuesEh
                0x00000000080026b6        0xa ../lib-rdmsensor/lib_gd32/librdmsensor.a(rdmsensors.o)
                0x00000000080026b6                RDMSensors::GetValues(unsigned char)
 .text._ZN10RDMSensors9SetValuesEh
                0x00000000080026c0       0x2e ../lib-rdmsensor/lib_gd32/librdmsensor.a(rdmsensors.o)
                0x00000000080026c0                RDMSensors::SetValues(unsigned char)
 .text._ZN10RDMSensors9SetRecordEh
                0x00000000080026ee       0x2e ../lib-rdmsensor/lib_gd32/librdmsensor.a(rdmsensors.o)
                0x00000000080026ee                RDMSensors::SetRecord(unsigned char)
 .text._ZN10RDMSensors3AddEP9RDMSensor
                0x000000000800271c       0x1e ../lib-rdmsensor/lib_gd32/librdmsensor.a(rdmsensorsadd.o)
                0x000000000800271c                RDMSensors::Add(RDMSensor*)
 .text._ZN14RDMSensorBH17010InitializeEv
                0x000000000800273a        0x6 ../lib-rdmsensor/lib_gd32/librdmsensor.a(rdmsensorsparams.o)
                0x000000000800273a                RDMSensorBH170::Initialize()
 .text._ZN16RDMSensorMCP980810InitializeEv
                0x0000000008002740        0x6 ../lib-rdmsensor/lib_gd32/librdmsensor.a(rdmsensorsparams.o)
                0x0000000008002740                RDMSensorMCP9808::Initialize()
 .text._ZN23RDMSensorHTU21DHumidity10InitializeEv
                0x0000000008002746        0x6 ../lib-rdmsensor/lib_gd32/librdmsensor.a(rdmsensorsparams.o)
                0x0000000008002746                RDMSensorHTU21DHumidity::Initialize()
 .text._ZN26RDMSensorHTU21DTemperature10InitializeEv
                0x000000000800274c        0x6 ../lib-rdmsensor/lib_gd32/librdmsensor.a(rdmsensorsparams.o)
                0x000000000800274c                RDMSensorHTU21DTemperature::Initialize()
 .text._ZN22RDMSensorINA219Current10InitializeEv
                0x0000000008002752        0x6 ../lib-rdmsensor/lib_gd32/librdmsensor.a(rdmsensorsparams.o)
                0x0000000008002752                RDMSensorINA219Current::Initialize()
 .text._ZN20RDMSensorINA219Power10InitializeEv
                0x0000000008002758        0x6 ../lib-rdmsensor/lib_gd32/librdmsensor.a(rdmsensorsparams.o)
                0x0000000008002758                RDMSensorINA219Power::Initialize()
 .text._ZN22RDMSensorINA219Voltage10InitializeEv
                0x000000000800275e        0x6 ../lib-rdmsensor/lib_gd32/librdmsensor.a(rdmsensorsparams.o)
                0x000000000800275e                RDMSensorINA219Voltage::Initialize()
 .text._ZN23RDMSensorSI7021Humidity10InitializeEv
                0x0000000008002764        0x6 ../lib-rdmsensor/lib_gd32/librdmsensor.a(rdmsensorsparams.o)
                0x0000000008002764                RDMSensorSI7021Humidity::Initialize()
 .text._ZN26RDMSensorSI7021Temperature10InitializeEv
                0x000000000800276a        0x6 ../lib-rdmsensor/lib_gd32/librdmsensor.a(rdmsensorsparams.o)
                0x000000000800276a                RDMSensorSI7021Temperature::Initialize()
 .text._ZN26RDMSensorSI7021Temperature8GetValueEv
                0x0000000008002770       0x10 ../lib-rdmsensor/lib_gd32/librdmsensor.a(rdmsensorsparams.o)
                0x0000000008002770                RDMSensorSI7021Temperature::GetValue()
 .text._ZN23RDMSensorSI7021Humidity8GetValueEv
                0x0000000008002780       0x10 ../lib-rdmsensor/lib_gd32/librdmsensor.a(rdmsensorsparams.o)
                0x0000000008002780                RDMSensorSI7021Humidity::GetValue()
 .text._ZN22RDMSensorINA219Voltage8GetValueEv
                0x0000000008002790       0x1c ../lib-rdmsensor/lib_gd32/librdmsensor.a(rdmsensorsparams.o)
                0x0000000008002790                RDMSensorINA219Voltage::GetValue()
 .text._ZN20RDMSensorINA219Power8GetValueEv
                0x00000000080027ac       0x10 ../lib-rdmsensor/lib_gd32/librdmsensor.a(rdmsensorsparams.o)
                0x00000000080027ac                RDMSensorINA219Power::GetValue()
 .text._ZN22RDMSensorINA219Current8GetValueEv
                0x00000000080027bc       0x1c ../lib-rdmsensor/lib_gd32/librdmsensor.a(rdmsensorsparams.o)
                0x00000000080027bc                RDMSensorINA219Current::GetValue()
 .text._ZN26RDMSensorHTU21DTemperature8GetValueEv
                0x00000000080027d8       0x10 ../lib-rdmsensor/lib_gd32/librdmsensor.a(rdmsensorsparams.o)
                0x00000000080027d8                RDMSensorHTU21DTemperature::GetValue()
 .text._ZN23RDMSensorHTU21DHumidity8GetValueEv
                0x00000000080027e8       0x10 ../lib-rdmsensor/lib_gd32/librdmsensor.a(rdmsensorsparams.o)
                0x00000000080027e8                RDMSensorHTU21DHumidity::GetValue()
 .text._ZN16RDMSensorMCP98088GetValueEv
                0x00000000080027f8       0x10 ../lib-rdmsensor/lib_gd32/librdmsensor.a(rdmsensorsparams.o)
                0x00000000080027f8                RDMSensorMCP9808::GetValue()
 .text._ZN14RDMSensorBH1708GetValueEv
                0x0000000008002808        0xe ../lib-rdmsensor/lib_gd32/librdmsensor.a(rdmsensorsparams.o)
                0x0000000008002808                RDMSensorBH170::GetValue()
 .text._ZN26RDMSensorSI7021TemperatureD2Ev
                0x0000000008002816        0x2 ../lib-rdmsensor/lib_gd32/librdmsensor.a(rdmsensorsparams.o)
                0x0000000008002816                RDMSensorSI7021Temperature::~RDMSensorSI7021Temperature()
                0x0000000008002816                RDMSensorSI7021Temperature::~RDMSensorSI7021Temperature()
 .text._ZN26RDMSensorSI7021TemperatureD0Ev
                0x0000000008002818        0xc ../lib-rdmsensor/lib_gd32/librdmsensor.a(rdmsensorsparams.o)
                0x0000000008002818                RDMSensorSI7021Temperature::~RDMSensorSI7021Temperature()
 .text._ZN23RDMSensorSI7021HumidityD2Ev
                0x0000000008002824        0x2 ../lib-rdmsensor/lib_gd32/librdmsensor.a(rdmsensorsparams.o)
                0x0000000008002824                RDMSensorSI7021Humidity::~RDMSensorSI7021Humidity()
                0x0000000008002824                RDMSensorSI7021Humidity::~RDMSensorSI7021Humidity()
 .text._ZN23RDMSensorSI7021HumidityD0Ev
                0x0000000008002826        0xc ../lib-rdmsensor/lib_gd32/librdmsensor.a(rdmsensorsparams.o)
                0x0000000008002826                RDMSensorSI7021Humidity::~RDMSensorSI7021Humidity()
 .text._ZN22RDMSensorINA219VoltageD2Ev
                0x0000000008002832        0x2 ../lib-rdmsensor/lib_gd32/librdmsensor.a(rdmsensorsparams.o)
                0x0000000008002832                RDMSensorINA219Voltage::~RDMSensorINA219Voltage()
                0x0000000008002832                RDMSensorINA219Voltage::~RDMSensorINA219Voltage()
 .text._ZN22RDMSensorINA219VoltageD0Ev
                0x0000000008002834        0xc ../lib-rdmsensor/lib_gd32/librdmsensor.a(rdmsensorsparams.o)
                0x0000000008002834                RDMSensorINA219Voltage::~RDMSensorINA219Voltage()
 .text._ZN20RDMSensorINA219PowerD2Ev
                0x0000000008002840        0x2 ../lib-rdmsensor/lib_gd32/librdmsensor.a(rdmsensorsparams.o)
                0x0000000008002840                RDMSensorINA219Power::~RDMSensorINA219Power()
                0x0000000008002840                RDMSensorINA219Power::~RDMSensorINA219Power()
 .text._ZN20RDMSensorINA219PowerD0Ev
                0x0000000008002842        0xc ../lib-rdmsensor/lib_gd32/librdmsensor.a(rdmsensorsparams.o)
                0x0000000008002842                RDMSensorINA219Power::~RDMSensorINA219Power()
 .text._ZN22RDMSensorINA219CurrentD2Ev
                0x000000000800284e        0x2 ../lib-rdmsensor/lib_gd32/librdmsensor.a(rdmsensorsparams.o)
                0x000000000800284e                RDMSensorINA219Current::~RDMSensorINA219Current()
                0x000000000800284e                RDMSensorINA219Current::~RDMSensorINA219Current()
 .text._ZN22RDMSensorINA219CurrentD0Ev
                0x0000000008002850        0xc ../lib-rdmsensor/lib_gd32/librdmsensor.a(rdmsensorsparams.o)
                0x0000000008002850                RDMSensorINA219Current::~RDMSensorINA219Current()
 .text._ZN26RDMSensorHTU21DTemperatureD2Ev
                0x000000000800285c        0x2 ../lib-rdmsensor/lib_gd32/librdmsensor.a(rdmsensorsparams.o)
                0x000000000800285c                RDMSensorHTU21DTemperature::~RDMSensorHTU21DTemperature()
                0x000000000800285c                RDMSensorHTU21DTemperature::~RDMSensorHTU21DTemperature()
 .text._ZN26RDMSensorHTU21DTemperatureD0Ev
                0x000000000800285e        0xc ../lib-rdmsensor/lib_gd32/librdmsensor.a(rdmsensorsparams.o)
                0x000000000800285e                RDMSensorHTU21DTemperature::~RDMSensorHTU21DTemperature()
 .text._ZN23RDMSensorHTU21DHumidityD2Ev
                0x000000000800286a        0x2 ../lib-rdmsensor/lib_gd32/librdmsensor.a(rdmsensorsparams.o)
                0x000000000800286a                RDMSensorHTU21DHumidity::~RDMSensorHTU21DHumidity()
                0x000000000800286a                RDMSensorHTU21DHumidity::~RDMSensorHTU21DHumidity()
 .text._ZN23RDMSensorHTU21DHumidityD0Ev
                0x000000000800286c        0xc ../lib-rdmsensor/lib_gd32/librdmsensor.a(rdmsensorsparams.o)
                0x000000000800286c                RDMSensorHTU21DHumidity::~RDMSensorHTU21DHumidity()
 .text._ZN16RDMSensorMCP9808D2Ev
                0x0000000008002878        0x2 ../lib-rdmsensor/lib_gd32/librdmsensor.a(rdmsensorsparams.o)
                0x0000000008002878                RDMSensorMCP9808::~RDMSensorMCP9808()
                0x0000000008002878                RDMSensorMCP9808::~RDMSensorMCP9808()
 .text._ZN16RDMSensorMCP9808D0Ev
                0x000000000800287a        0xc ../lib-rdmsensor/lib_gd32/librdmsensor.a(rdmsensorsparams.o)
                0x000000000800287a                RDMSensorMCP9808::~RDMSensorMCP9808()
 .text._ZN14RDMSensorBH170D2Ev
                0x0000000008002886        0x2 ../lib-rdmsensor/lib_gd32/librdmsensor.a(rdmsensorsparams.o)
                0x0000000008002886                RDMSensorBH170::~RDMSensorBH170()
                0x0000000008002886                RDMSensorBH170::~RDMSensorBH170()
 .text._ZN14RDMSensorBH170D0Ev
                0x0000000008002888        0xc ../lib-rdmsensor/lib_gd32/librdmsensor.a(rdmsensorsparams.o)
                0x0000000008002888                RDMSensorBH170::~RDMSensorBH170()
 .text._ZN16RDMSensorsParamsC2EP21RDMSensorsParamsStore
                0x0000000008002894        0x4 ../lib-rdmsensor/lib_gd32/librdmsensor.a(rdmsensorsparams.o)
                0x0000000008002894                RDMSensorsParams::RDMSensorsParams(RDMSensorsParamsStore*)
                0x0000000008002894                RDMSensorsParams::RDMSensorsParams(RDMSensorsParamsStore*)
 .text._ZN16RDMSensorsParams4LoadEv
                0x0000000008002898       0x18 ../lib-rdmsensor/lib_gd32/librdmsensor.a(rdmsensorsparams.o)
                0x0000000008002898                RDMSensorsParams::Load()
 .text._ZN16RDMSensorsParams4DumpEv
                0x00000000080028b0        0x2 ../lib-rdmsensor/lib_gd32/librdmsensor.a(rdmsensorsparams.o)
                0x00000000080028b0                RDMSensorsParams::Dump()
 *fill*         0x00000000080028b2        0x2 
 .text._ZN16RDMSensorsParams3AddEP9RDMSensor
                0x00000000080028b4       0x2c ../lib-rdmsensor/lib_gd32/librdmsensor.a(rdmsensorsparams.o)
                0x00000000080028b4                RDMSensorsParams::Add(RDMSensor*)
 .text._ZN16RDMSensorsParams3SetEv
                0x00000000080028e0      0x2f8 ../lib-rdmsensor/lib_gd32/librdmsensor.a(rdmsensorsparams.o)
                0x00000000080028e0                RDMSensorsParams::Set()
 .text._ZN9RDMSensorC2Eh
                0x0000000008002bd8       0x24 ../lib-rdmsensor/lib_gd32/librdmsensor.a(rdmsensor.o)
                0x0000000008002bd8                RDMSensor::RDMSensor(unsigned char)
                0x0000000008002bd8                RDMSensor::RDMSensor(unsigned char)
 .text._ZN9RDMSensor14SetDescriptionEPKc
                0x0000000008002bfc       0x1c ../lib-rdmsensor/lib_gd32/librdmsensor.a(rdmsensor.o)
                0x0000000008002bfc                RDMSensor::SetDescription(char const*)
 .text._ZN9RDMSensor9GetValuesEv
                0x0000000008002c18       0x2a ../lib-rdmsensor/lib_gd32/librdmsensor.a(rdmsensor.o)
                0x0000000008002c18                RDMSensor::GetValues()
 .text._ZN9RDMSensor9SetValuesEv
                0x0000000008002c42       0x14 ../lib-rdmsensor/lib_gd32/librdmsensor.a(rdmsensor.o)
                0x0000000008002c42                RDMSensor::SetValues()
 .text._ZN9RDMSensor6RecordEv
                0x0000000008002c56       0x28 ../lib-rdmsensor/lib_gd32/librdmsensor.a(rdmsensor.o)
                0x0000000008002c56                RDMSensor::Record()
 .text._ZN7HAL_I2C5WriteEc
                0x0000000008002c7e       0x22 ../lib-device/lib_gd32/libdevice.a(bh1750.o)
                0x0000000008002c7e                HAL_I2C::Write(char)
 .text._ZN6sensor5BH170C2Eh
                0x0000000008002ca0       0x68 ../lib-device/lib_gd32/libdevice.a(bh1750.o)
                0x0000000008002ca0                sensor::BH170::BH170(unsigned char)
                0x0000000008002ca0                sensor::BH170::BH170(unsigned char)
 .text._ZN6sensor5BH1703GetEv
                0x0000000008002d08       0x40 ../lib-device/lib_gd32/libdevice.a(bh1750.o)
                0x0000000008002d08                sensor::BH170::Get()
 .text._ZN6sensor6HTU21DC2Eh
                0x0000000008002d48       0x54 ../lib-device/lib_gd32/libdevice.a(htu21d.o)
                0x0000000008002d48                sensor::HTU21D::HTU21D(unsigned char)
                0x0000000008002d48                sensor::HTU21D::HTU21D(unsigned char)
 .text._ZN6sensor6HTU21D7ReadRawEh
                0x0000000008002d9c       0x70 ../lib-device/lib_gd32/libdevice.a(htu21d.o)
                0x0000000008002d9c                sensor::HTU21D::ReadRaw(unsigned char)
 .text._ZN6sensor6HTU21D14GetTemperatureEv
                0x0000000008002e0c       0x2c ../lib-device/lib_gd32/libdevice.a(htu21d.o)
                0x0000000008002e0c                sensor::HTU21D::GetTemperature()
 .text._ZN6sensor6HTU21D11GetHumidityEv
                0x0000000008002e38       0x2c ../lib-device/lib_gd32/libdevice.a(htu21d.o)
                0x0000000008002e38                sensor::HTU21D::GetHumidity()
 .text._ZN7HAL_I2C13WriteRegisterEht
                0x0000000008002e64       0x2a ../lib-device/lib_gd32/libdevice.a(ina219.o)
                0x0000000008002e64                HAL_I2C::WriteRegister(unsigned char, unsigned short)
 .text._ZN7HAL_I2C21ReadRegister16DelayUsEhj
                0x0000000008002e8e       0x40 ../lib-device/lib_gd32/libdevice.a(ina219.o)
                0x0000000008002e8e                HAL_I2C::ReadRegister16DelayUs(unsigned char, unsigned int)
 *fill*         0x0000000008002ece        0x2 
 .text._ZN6sensor6INA2199ConfigureERNS_6ina2196ConfigE
                0x0000000008002ed0       0x6c ../lib-device/lib_gd32/libdevice.a(ina219.o)
                0x0000000008002ed0                sensor::INA219::Configure(sensor::ina219::Config&)
 .text._ZN6sensor6INA2199CalibrateEff
                0x0000000008002f3c       0x98 ../lib-device/lib_gd32/libdevice.a(ina219.o)
                0x0000000008002f3c                sensor::INA219::Calibrate(float, float)
 .text._ZN6sensor6INA219C2Eh
                0x0000000008002fd4       0x80 ../lib-device/lib_gd32/libdevice.a(ina219.o)
                0x0000000008002fd4                sensor::INA219::INA219(unsigned char)
                0x0000000008002fd4                sensor::INA219::INA219(unsigned char)
 .text._ZN6sensor6INA21915GetShuntCurrentEv
                0x0000000008003054       0x1a ../lib-device/lib_gd32/libdevice.a(ina219.o)
                0x0000000008003054                sensor::INA219::GetShuntCurrent()
 .text._ZN6sensor6INA21916GetBusVoltageRawEv
                0x000000000800306e       0x16 ../lib-device/lib_gd32/libdevice.a(ina219.o)
                0x000000000800306e                sensor::INA219::GetBusVoltageRaw()
 .text._ZN6sensor6INA21913GetBusVoltageEv
                0x0000000008003084       0x18 ../lib-device/lib_gd32/libdevice.a(ina219.o)
                0x0000000008003084                sensor::INA219::GetBusVoltage()
 .text._ZN6sensor6INA21911GetBusPowerEv
                0x000000000800309c       0x1a ../lib-device/lib_gd32/libdevice.a(ina219.o)
                0x000000000800309c                sensor::INA219::GetBusPower()
 .text._ZN7HAL_I2C14ReadRegister16Eh
                0x00000000080030b6       0x48 ../lib-device/lib_gd32/libdevice.a(mcp9808.o)
                0x00000000080030b6                HAL_I2C::ReadRegister16(unsigned char)
 *fill*         0x00000000080030fe        0x2 
 .text._ZN6sensor7MCP9808C2Eh
                0x0000000008003100       0x7c ../lib-device/lib_gd32/libdevice.a(mcp9808.o)
                0x0000000008003100                sensor::MCP9808::MCP9808(unsigned char)
                0x0000000008003100                sensor::MCP9808::MCP9808(unsigned char)
 .text._ZN6sensor7MCP98083GetEv
                0x000000000800317c       0x2e ../lib-device/lib_gd32/libdevice.a(mcp9808.o)
                0x000000000800317c                sensor::MCP9808::Get()
 *fill*         0x00000000080031aa        0x2 
 .text._ZN6sensor6SI7021C2Eh
                0x00000000080031ac       0x54 ../lib-device/lib_gd32/libdevice.a(si7021.o)
                0x00000000080031ac                sensor::SI7021::SI7021(unsigned char)
                0x00000000080031ac                sensor::SI7021::SI7021(unsigned char)
 .text._ZN6sensor6SI70217ReadRawEh
                0x0000000008003200       0x70 ../lib-device/lib_gd32/libdevice.a(si7021.o)
                0x0000000008003200                sensor::SI7021::ReadRaw(unsigned char)
 .text._ZN6sensor6SI702114GetTemperatureEv
                0x0000000008003270       0x2c ../lib-device/lib_gd32/libdevice.a(si7021.o)
                0x0000000008003270                sensor::SI7021::GetTemperature()
 .text._ZN6sensor6SI702111GetHumidityEv
                0x000000000800329c       0x2c ../lib-device/lib_gd32/libdevice.a(si7021.o)
                0x000000000800329c                sensor::SI7021::GetHumidity()
 .text._ZN13RDMSubDevicesC2Ev
                0x00000000080032c8       0x10 ../lib-rdmsubdevice/lib_gd32/librdmsubdevice.a(rdmsubdevices.o)
                0x00000000080032c8                RDMSubDevices::RDMSubDevices()
                0x00000000080032c8                RDMSubDevices::RDMSubDevices()
 .text._ZN13RDMSubDevicesD2Ev
                0x00000000080032d8       0x30 ../lib-rdmsubdevice/lib_gd32/librdmsubdevice.a(rdmsubdevices.o)
                0x00000000080032d8                RDMSubDevices::~RDMSubDevices()
                0x00000000080032d8                RDMSubDevices::~RDMSubDevices()
 .text._ZN13RDMSubDevices7GetInfoEt
                0x0000000008003308       0x10 ../lib-rdmsubdevice/lib_gd32/librdmsubdevice.a(rdmsubdevices.o)
                0x0000000008003308                RDMSubDevices::GetInfo(unsigned short)
 .text._ZN13RDMSubDevices8GetLabelEtP18TRDMDeviceInfoData
                0x0000000008003318       0x12 ../lib-rdmsubdevice/lib_gd32/librdmsubdevice.a(rdmsubdevices.o)
                0x0000000008003318                RDMSubDevices::GetLabel(unsigned short, TRDMDeviceInfoData*)
 .text._ZN13RDMSubDevices8SetLabelEtPKch
                0x000000000800332a       0x1a ../lib-rdmsubdevice/lib_gd32/librdmsubdevice.a(rdmsubdevices.o)
                0x000000000800332a                RDMSubDevices::SetLabel(unsigned short, char const*, unsigned char)
 .text._ZN13RDMSubDevices18GetDmxStartAddressEt
                0x0000000008003344       0x10 ../lib-rdmsubdevice/lib_gd32/librdmsubdevice.a(rdmsubdevices.o)
                0x0000000008003344                RDMSubDevices::GetDmxStartAddress(unsigned short)
 .text._ZN13RDMSubDevices18SetDmxStartAddressEtt
                0x0000000008003354       0x12 ../lib-rdmsubdevice/lib_gd32/librdmsubdevice.a(rdmsubdevices.o)
                0x0000000008003354                RDMSubDevices::SetDmxStartAddress(unsigned short, unsigned short)
 .text._ZN13RDMSubDevices15GetDmxFootPrintEt
                0x0000000008003366       0x10 ../lib-rdmsubdevice/lib_gd32/librdmsubdevice.a(rdmsubdevices.o)
                0x0000000008003366                RDMSubDevices::GetDmxFootPrint(unsigned short)
 .text._ZN13RDMSubDevices21GetPersonalityCurrentEt
                0x0000000008003376       0x10 ../lib-rdmsubdevice/lib_gd32/librdmsubdevice.a(rdmsubdevices.o)
                0x0000000008003376                RDMSubDevices::GetPersonalityCurrent(unsigned short)
 .text._ZN13RDMSubDevices21SetPersonalityCurrentEth
                0x0000000008003386       0x12 ../lib-rdmsubdevice/lib_gd32/librdmsubdevice.a(rdmsubdevices.o)
                0x0000000008003386                RDMSubDevices::SetPersonalityCurrent(unsigned short, unsigned char)
 .text._ZN13RDMSubDevices19GetPersonalityCountEt
                0x0000000008003398       0x10 ../lib-rdmsubdevice/lib_gd32/librdmsubdevice.a(rdmsubdevices.o)
                0x0000000008003398                RDMSubDevices::GetPersonalityCount(unsigned short)
 .text._ZN13RDMSubDevices14GetPersonalityEth
                0x00000000080033a8       0x12 ../lib-rdmsubdevice/lib_gd32/librdmsubdevice.a(rdmsubdevices.o)
                0x00000000080033a8                RDMSubDevices::GetPersonality(unsigned short, unsigned char)
 .text._ZN13RDMSubDevices5StartEv
                0x00000000080033ba       0x20 ../lib-rdmsubdevice/lib_gd32/librdmsubdevice.a(rdmsubdevices.o)
                0x00000000080033ba                RDMSubDevices::Start()
 .text._ZN13RDMSubDevices4StopEv
                0x00000000080033da       0x20 ../lib-rdmsubdevice/lib_gd32/librdmsubdevice.a(rdmsubdevices.o)
                0x00000000080033da                RDMSubDevices::Stop()
 .text._ZN13RDMSubDevices7SetDataEPKhj
                0x00000000080033fa       0x36 ../lib-rdmsubdevice/lib_gd32/librdmsubdevice.a(rdmsubdevices.o)
                0x00000000080033fa                RDMSubDevices::SetData(unsigned char const*, unsigned int)
 .text._ZN13RDMSubDevices18GetFactoryDefaultsEv
                0x0000000008003430       0x26 ../lib-rdmsubdevice/lib_gd32/librdmsubdevice.a(rdmsubdevices.o)
                0x0000000008003430                RDMSubDevices::GetFactoryDefaults()
 .text._ZN13RDMSubDevices18SetFactoryDefaultsEv
                0x0000000008003456       0x1e ../lib-rdmsubdevice/lib_gd32/librdmsubdevice.a(rdmsubdevices.o)
                0x0000000008003456                RDMSubDevices::SetFactoryDefaults()
 .text._ZN19RDMSubDevicesParamsC2EP24RDMSubDevicesParamsStore
                0x0000000008003474        0x4 ../lib-rdmsubdevice/lib_gd32/librdmsubdevice.a(rdmsubdevicesparams.o)
                0x0000000008003474                RDMSubDevicesParams::RDMSubDevicesParams(RDMSubDevicesParamsStore*)
                0x0000000008003474                RDMSubDevicesParams::RDMSubDevicesParams(RDMSubDevicesParamsStore*)
 .text._ZN19RDMSubDevicesParams4LoadEv
                0x0000000008003478       0x18 ../lib-rdmsubdevice/lib_gd32/librdmsubdevice.a(rdmsubdevicesparams.o)
                0x0000000008003478                RDMSubDevicesParams::Load()
 .text._ZN19RDMSubDevicesParams4DumpEv
                0x0000000008003490        0x2 ../lib-rdmsubdevice/lib_gd32/librdmsubdevice.a(rdmsubdevicesparams.o)
                0x0000000008003490                RDMSubDevicesParams::Dump()
 .text._ZN19RDMSubDevicesParams3SetEv
                0x0000000008003492        0x2 ../lib-rdmsubdevice/lib_gd32/librdmsubdevice.a(rdmsubdevicesparams.o)
                0x0000000008003492                RDMSubDevicesParams::Set()
 .text._ZN12RDMSubDevice18SetDmxStartAddressEt
                0x0000000008003494        0xa ../lib-rdmsubdevice/lib_gd32/librdmsubdevice.a(rdmsubdevice.o)
                0x0000000008003494                RDMSubDevice::SetDmxStartAddress(unsigned short)
 .text._ZN12RDMSubDevice14GetPersonalityEh
                0x000000000800349e        0xe ../lib-rdmsubdevice/lib_gd32/librdmsubdevice.a(rdmsubdevice.o)
                0x000000000800349e                RDMSubDevice::GetPersonality(unsigned char)
 .text._ZN12RDMSubDevice8GetLabelEP18TRDMDeviceInfoData
                0x00000000080034ac        0xe ../lib-rdmsubdevice/lib_gd32/librdmsubdevice.a(rdmsubdevice.o)
                0x00000000080034ac                RDMSubDevice::GetLabel(TRDMDeviceInfoData*)
 .text._ZN12RDMSubDevice8SetLabelEPKc
                0x00000000080034ba       0x1c ../lib-rdmsubdevice/lib_gd32/librdmsubdevice.a(rdmsubdevice.o)
                0x00000000080034ba                RDMSubDevice::SetLabel(char const*)
 .text._ZN12RDMSubDevice8SetLabelEPKch
                0x00000000080034d6       0x1e ../lib-rdmsubdevice/lib_gd32/librdmsubdevice.a(rdmsubdevice.o)
                0x00000000080034d6                RDMSubDevice::SetLabel(char const*, unsigned char)
 .text._ZN12RDMSubDevice21SetPersonalityCurrentEh
                0x00000000080034f4        0x4 ../lib-rdmsubdevice/lib_gd32/librdmsubdevice.a(rdmsubdevice.o)
                0x00000000080034f4                RDMSubDevice::SetPersonalityCurrent(unsigned char)
 .text._ZN12RDMSubDevice18SetFactoryDefaultsEv
                0x00000000080034f8       0x1c ../lib-rdmsubdevice/lib_gd32/librdmsubdevice.a(rdmsubdevice.o)
                0x00000000080034f8                RDMSubDevice::SetFactoryDefaults()
 .text._ZN12RDMSubDevice17CalculateChecksumEv
                0x0000000008003514       0x30 ../lib-rdmsubdevice/lib_gd32/librdmsubdevice.a(rdmsubdevice.o)
                0x0000000008003514                RDMSubDevice::CalculateChecksum()
 .text._ZN12RDMSubDevice18GetFactoryDefaultsEv
                0x0000000008003544       0x1a ../lib-rdmsubdevice/lib_gd32/librdmsubdevice.a(rdmsubdevice.o)
                0x0000000008003544                RDMSubDevice::GetFactoryDefaults()
 *fill*         0x000000000800355e        0x2 
 .text._ZN3Rdm7ReceiveEj
                0x0000000008003560       0x10 ../lib-dmx/lib_gd32/libdmx.a(rdm.o)
                0x0000000008003560                Rdm::Receive(unsigned int)
 .text._ZN3Rdm7SendRawEjPKhj
                0x0000000008003570       0x40 ../lib-dmx/lib_gd32/libdmx.a(rdm.o)
                0x0000000008003570                Rdm::SendRaw(unsigned int, unsigned char const*, unsigned int)
 .text.USART2_IRQHandler
                0x00000000080035b0      0x1f8 ../lib-dmx/lib_gd32/libdmx.a(dmx.o)
                0x00000000080035b0                USART2_IRQHandler
 .text.TIMER1_IRQHandler
                0x00000000080037a8       0xa0 ../lib-dmx/lib_gd32/libdmx.a(dmx.o)
                0x00000000080037a8                TIMER1_IRQHandler
 .text.TIMER2_IRQHandler
                0x0000000008003848       0x44 ../lib-dmx/lib_gd32/libdmx.a(dmx.o)
                0x0000000008003848                TIMER2_IRQHandler
 .text.TIMER3_IRQHandler
                0x000000000800388c       0x20 ../lib-dmx/lib_gd32/libdmx.a(dmx.o)
                0x000000000800388c                TIMER3_IRQHandler
 .text.TIMER6_IRQHandler
                0x00000000080038ac       0x2c ../lib-dmx/lib_gd32/libdmx.a(dmx.o)
                0x00000000080038ac                TIMER6_IRQHandler
 .text._ZN3Dmx9ClearDataEj
                0x00000000080038d8       0x30 ../lib-dmx/lib_gd32/libdmx.a(dmx.o)
                0x00000000080038d8                Dmx::ClearData(unsigned int)
 .text._ZN3Dmx9StartDataEjj
                0x0000000008003908      0x150 ../lib-dmx/lib_gd32/libdmx.a(dmx.o)
                0x0000000008003908                Dmx::StartData(unsigned int, unsigned int)
 .text._ZN3Dmx8StopDataEjj
                0x0000000008003a58       0x68 ../lib-dmx/lib_gd32/libdmx.a(dmx.o)
                0x0000000008003a58                Dmx::StopData(unsigned int, unsigned int)
 .text._ZN3Dmx16SetPortDirectionEjN3dmx13PortDirectionEb
                0x0000000008003ac0       0x5c ../lib-dmx/lib_gd32/libdmx.a(dmx.o)
                0x0000000008003ac0                Dmx::SetPortDirection(unsigned int, dmx::PortDirection, bool)
 .text._ZN3DmxC2Ev
                0x0000000008003b1c      0x1c8 ../lib-dmx/lib_gd32/libdmx.a(dmx.o)
                0x0000000008003b1c                Dmx::Dmx()
                0x0000000008003b1c                Dmx::Dmx()
 .text._ZN3Dmx15GetDmxAvailableEj
                0x0000000008003ce4       0x28 ../lib-dmx/lib_gd32/libdmx.a(dmx.o)
                0x0000000008003ce4                Dmx::GetDmxAvailable(unsigned int)
 .text._ZN3Dmx19GetUpdatesPerSecondEj
                0x0000000008003d0c       0x10 ../lib-dmx/lib_gd32/libdmx.a(dmx.o)
                0x0000000008003d0c                Dmx::GetUpdatesPerSecond(unsigned int)
 .text._ZN3Dmx10RdmSendRawEjPKhj
                0x0000000008003d1c       0x8c ../lib-dmx/lib_gd32/libdmx.a(dmx.o)
                0x0000000008003d1c                Dmx::RdmSendRaw(unsigned int, unsigned char const*, unsigned int)
 .text._ZN3Dmx10RdmReceiveEj
                0x0000000008003da8       0x24 ../lib-dmx/lib_gd32/libdmx.a(dmx.o)
                0x0000000008003da8                Dmx::RdmReceive(unsigned int)
 .text._ZN3Rdm21SendRawRespondMessageEjPKhj
                0x0000000008003dcc       0x24 ../lib-dmx/lib_gd32/libdmx.a(rdm.o)
                0x0000000008003dcc                Rdm::SendRawRespondMessage(unsigned int, unsigned char const*, unsigned int)
 .text._ZN3Rdm27SendDiscoveryRespondMessageEjPKhj
                0x0000000008003df0       0x84 ../lib-dmx/lib_gd32/libdmx.a(rdm.o)
                0x0000000008003df0                Rdm::SendDiscoveryRespondMessage(unsigned int, unsigned char const*, unsigned int)
 .text.memcpy.isra.0
                0x0000000008003e74        0x4 ../lib-rdm/lib_gd32/librdm.a(rdmdeviceparams.o)
 .text._ZN15RDMDeviceParamsC2EP20RDMDeviceParamsStore
                0x0000000008003e78       0x24 ../lib-rdm/lib_gd32/librdm.a(rdmdeviceparams.o)
                0x0000000008003e78                RDMDeviceParams::RDMDeviceParams(RDMDeviceParamsStore*)
                0x0000000008003e78                RDMDeviceParams::RDMDeviceParams(RDMDeviceParamsStore*)
 .text._ZN15RDMDeviceParams4LoadEv
                0x0000000008003e9c       0x16 ../lib-rdm/lib_gd32/librdm.a(rdmdeviceparams.o)
                0x0000000008003e9c                RDMDeviceParams::Load()
 .text._ZN15RDMDeviceParams3SetEP9RDMDevice
                0x0000000008003eb2       0x6a ../lib-rdm/lib_gd32/librdm.a(rdmdeviceparams.o)
                0x0000000008003eb2                RDMDeviceParams::Set(RDMDevice*)
 .text._ZN15RDMDeviceParams4DumpEv
                0x0000000008003f1c        0x2 ../lib-rdm/lib_gd32/librdm.a(rdmdeviceparams.o)
                0x0000000008003f1c                RDMDeviceParams::Dump()
 .text._ZN18RDMDeviceResponder17PersonalityUpdateEP8LightSet
                0x0000000008003f1e        0x2 ../lib-rdm/lib_gd32/librdm.a(rdmdeviceresponder.o)
                0x0000000008003f1e                RDMDeviceResponder::PersonalityUpdate(LightSet*)
 .text._ZN18RDMDeviceResponder21DmxStartAddressUpdateEv
                0x0000000008003f20        0x2 ../lib-rdm/lib_gd32/librdm.a(rdmdeviceresponder.o)
                0x0000000008003f20                RDMDeviceResponder::DmxStartAddressUpdate()
 *fill*         0x0000000008003f22        0x2 
 .text._ZN18RDMDeviceResponderD2Ev
                0x0000000008003f24       0x20 ../lib-rdm/lib_gd32/librdm.a(rdmdeviceresponder.o)
                0x0000000008003f24                RDMDeviceResponder::~RDMDeviceResponder()
                0x0000000008003f24                RDMDeviceResponder::~RDMDeviceResponder()
 .text._ZN18RDMDeviceResponderD0Ev
                0x0000000008003f44       0x12 ../lib-rdm/lib_gd32/librdm.a(rdmdeviceresponder.o)
                0x0000000008003f44                RDMDeviceResponder::~RDMDeviceResponder()
 .text._ZN9RDMDevice8SetLabelEPK18TRDMDeviceInfoData
                0x0000000008003f56       0x52 ../lib-rdm/lib_gd32/librdm.a(rdmdeviceresponder.o)
                0x0000000008003f56                RDMDevice::SetLabel(TRDMDeviceInfoData const*)
 .text._ZN18RDMDeviceResponderC2EPP14RDMPersonalityj
                0x0000000008003fa8       0xbc ../lib-rdm/lib_gd32/librdm.a(rdmdeviceresponder.o)
                0x0000000008003fa8                RDMDeviceResponder::RDMDeviceResponder(RDMPersonality**, unsigned int)
                0x0000000008003fa8                RDMDeviceResponder::RDMDeviceResponder(RDMPersonality**, unsigned int)
 .text._ZN18RDMDeviceResponder4InitEv
                0x0000000008004064      0x116 ../lib-rdm/lib_gd32/librdm.a(rdmdeviceresponder.o)
                0x0000000008004064                RDMDeviceResponder::Init()
 *fill*         0x000000000800417a        0x2 
 .text._ZN18RDMDeviceResponder5PrintEv
                0x000000000800417c       0xa0 ../lib-rdm/lib_gd32/librdm.a(rdmdeviceresponder.o)
                0x000000000800417c                RDMDeviceResponder::Print()
 .text.memcmp   0x000000000800421c       0x20 ../lib-rdm/lib_gd32/librdm.a(rdmhandler.o)
 .text._ZN18RDMDeviceResponder11GetSlotInfoEttRN8lightset8SlotInfoE.part.0
                0x000000000800423c       0x1a ../lib-rdm/lib_gd32/librdm.a(rdmhandler.o)
 .text.memcpy.isra.0
                0x0000000008004256       0x14 ../lib-rdm/lib_gd32/librdm.a(rdmhandler.o)
 .text._ZN18RDMDeviceResponder18SetDmxStartAddressEtt
                0x000000000800426a       0x52 ../lib-rdm/lib_gd32/librdm.a(rdmhandler.o)
                0x000000000800426a                RDMDeviceResponder::SetDmxStartAddress(unsigned short, unsigned short)
 .text._ZN18RDMDeviceResponder14GetPersonalityEth
                0x00000000080042bc       0x18 ../lib-rdm/lib_gd32/librdm.a(rdmhandler.o)
                0x00000000080042bc                RDMDeviceResponder::GetPersonality(unsigned short, unsigned char)
 .text._ZN18RDMDeviceResponder19GetPersonalityCountEt
                0x00000000080042d4        0xe ../lib-rdm/lib_gd32/librdm.a(rdmhandler.o)
                0x00000000080042d4                RDMDeviceResponder::GetPersonalityCount(unsigned short)
 .text._ZN18RDMDeviceResponder21SetPersonalityCurrentEth
                0x00000000080042e2       0x66 ../lib-rdm/lib_gd32/librdm.a(rdmhandler.o)
                0x00000000080042e2                RDMDeviceResponder::SetPersonalityCurrent(unsigned short, unsigned char)
 .text._ZN10RDMHandlerC2Eb
                0x0000000008004348        0xc ../lib-rdm/lib_gd32/librdm.a(rdmhandler.o)
                0x0000000008004348                RDMHandler::RDMHandler(bool)
                0x0000000008004348                RDMHandler::RDMHandler(bool)
 .text._ZN10RDMHandler12HandleStringEPKcj
                0x0000000008004354       0x18 ../lib-rdm/lib_gd32/librdm.a(rdmhandler.o)
                0x0000000008004354                RDMHandler::HandleString(char const*, unsigned int)
 .text._ZN10RDMHandler20CreateRespondMessageEht
                0x000000000800436c       0x9c ../lib-rdm/lib_gd32/librdm.a(rdmhandler.o)
                0x000000000800436c                RDMHandler::CreateRespondMessage(unsigned char, unsigned short)
 .text._ZN10RDMHandler17RespondMessageAckEv
                0x0000000008004408       0x12 ../lib-rdm/lib_gd32/librdm.a(rdmhandler.o)
                0x0000000008004408                RDMHandler::RespondMessageAck()
 *fill*         0x000000000800441a        0x2 
 .text._ZN10RDMHandler22GetSupportedParametersEt
                0x000000000800441c       0x6c ../lib-rdm/lib_gd32/librdm.a(rdmhandler.o)
                0x000000000800441c                RDMHandler::GetSupportedParameters(unsigned short)
 .text._ZN10RDMHandler13GetDeviceInfoEt
                0x0000000008004488       0x68 ../lib-rdm/lib_gd32/librdm.a(rdmhandler.o)
                0x0000000008004488                RDMHandler::GetDeviceInfo(unsigned short)
 .text._ZN10RDMHandler18GetFactoryDefaultsEt
                0x00000000080044f0       0x80 ../lib-rdm/lib_gd32/librdm.a(rdmhandler.o)
                0x00000000080044f0                RDMHandler::GetFactoryDefaults(unsigned short)
 .text._ZN10RDMHandler22GetProductDetailIdListEt
                0x0000000008004570       0x1c ../lib-rdm/lib_gd32/librdm.a(rdmhandler.o)
                0x0000000008004570                RDMHandler::GetProductDetailIdList(unsigned short)
 .text._ZN10RDMHandler25GetDeviceModelDescriptionEt
                0x000000000800458c       0x1c ../lib-rdm/lib_gd32/librdm.a(rdmhandler.o)
                0x000000000800458c                RDMHandler::GetDeviceModelDescription(unsigned short)
 .text._ZN10RDMHandler20GetManufacturerLabelEt
                0x00000000080045a8       0x20 ../lib-rdm/lib_gd32/librdm.a(rdmhandler.o)
                0x00000000080045a8                RDMHandler::GetManufacturerLabel(unsigned short)
 .text._ZN10RDMHandler14GetDeviceLabelEt
                0x00000000080045c8       0x3c ../lib-rdm/lib_gd32/librdm.a(rdmhandler.o)
                0x00000000080045c8                RDMHandler::GetDeviceLabel(unsigned short)
 .text._ZN10RDMHandler23GetSoftwareVersionLabelEt
                0x0000000008004604       0x24 ../lib-rdm/lib_gd32/librdm.a(rdmhandler.o)
                0x0000000008004604                RDMHandler::GetSoftwareVersionLabel(unsigned short)
 .text._ZN10RDMHandler17GetIdentifyDeviceEt
                0x0000000008004628       0x14 ../lib-rdm/lib_gd32/librdm.a(rdmhandler.o)
                0x0000000008004628                RDMHandler::GetIdentifyDevice(unsigned short)
 .text._ZN10RDMHandler11GetLanguageEt
                0x000000000800463c       0x20 ../lib-rdm/lib_gd32/librdm.a(rdmhandler.o)
                0x000000000800463c                RDMHandler::GetLanguage(unsigned short)
 .text._ZN10RDMHandler14GetPersonalityEt
                0x000000000800465c       0x3c ../lib-rdm/lib_gd32/librdm.a(rdmhandler.o)
                0x000000000800465c                RDMHandler::GetPersonality(unsigned short)
 .text._ZN10RDMHandler18GetDmxStartAddressEt
                0x0000000008004698       0x3c ../lib-rdm/lib_gd32/librdm.a(rdmhandler.o)
                0x0000000008004698                RDMHandler::GetDmxStartAddress(unsigned short)
 .text._ZN10RDMHandler14GetDeviceHoursEt
                0x00000000080046d4       0x28 ../lib-rdm/lib_gd32/librdm.a(rdmhandler.o)
                0x00000000080046d4                RDMHandler::GetDeviceHours(unsigned short)
 .text._ZN10RDMHandler16GetDisplayInvertEt
                0x00000000080046fc       0x1c ../lib-rdm/lib_gd32/librdm.a(rdmhandler.o)
                0x00000000080046fc                RDMHandler::GetDisplayInvert(unsigned short)
 .text._ZN10RDMHandler15GetDisplayLevelEt
                0x0000000008004718       0x1c ../lib-rdm/lib_gd32/librdm.a(rdmhandler.o)
                0x0000000008004718                RDMHandler::GetDisplayLevel(unsigned short)
 .text._ZN10RDMHandler16GetRealTimeClockEt
                0x0000000008004734       0x48 ../lib-rdm/lib_gd32/librdm.a(rdmhandler.o)
                0x0000000008004734                RDMHandler::GetRealTimeClock(unsigned short)
 .text._ZN10RDMHandler13GetPowerStateEt
                0x000000000800477c        0xe ../lib-rdm/lib_gd32/librdm.a(rdmhandler.o)
                0x000000000800477c                RDMHandler::GetPowerState(unsigned short)
 .text._ZN10RDMHandler18GetPerformSelfTestEt
                0x000000000800478a       0x20 ../lib-rdm/lib_gd32/librdm.a(rdmhandler.o)
                0x000000000800478a                RDMHandler::GetPerformSelfTest(unsigned short)
 *fill*         0x00000000080047aa        0x2 
 .text._ZN10RDMHandler27GetBootSoftwareVersionLabelEt
                0x00000000080047ac       0x1c ../lib-rdm/lib_gd32/librdm.a(rdmhandler.o)
                0x00000000080047ac                RDMHandler::GetBootSoftwareVersionLabel(unsigned short)
 .text._ZN10RDMHandler11GetSlotInfoEt
                0x00000000080047c8       0x90 ../lib-rdm/lib_gd32/librdm.a(rdmhandler.o)
                0x00000000080047c8                RDMHandler::GetSlotInfo(unsigned short)
 .text._ZN10RDMHandler18RespondMessageNackEt
                0x0000000008004858        0x8 ../lib-rdm/lib_gd32/librdm.a(rdmhandler.o)
                0x0000000008004858                RDMHandler::RespondMessageNack(unsigned short)
 .text._ZN10RDMHandler14SetResetDeviceEbt
                0x0000000008004860       0x48 ../lib-rdm/lib_gd32/librdm.a(rdmhandler.o)
                0x0000000008004860                RDMHandler::SetResetDevice(bool, unsigned short)
 .text._ZN10RDMHandler17SetIdentifyDeviceEbt
                0x00000000080048a8       0x7c ../lib-rdm/lib_gd32/librdm.a(rdmhandler.o)
                0x00000000080048a8                RDMHandler::SetIdentifyDevice(bool, unsigned short)
 .text._ZN10RDMHandler11SetLanguageEbt
                0x0000000008004924       0x48 ../lib-rdm/lib_gd32/librdm.a(rdmhandler.o)
                0x0000000008004924                RDMHandler::SetLanguage(bool, unsigned short)
 .text._ZN10RDMHandler24GetBootSoftwareVersionIdEt
                0x000000000800496c       0x1e ../lib-rdm/lib_gd32/librdm.a(rdmhandler.o)
                0x000000000800496c                RDMHandler::GetBootSoftwareVersionId(unsigned short)
 *fill*         0x000000000800498a        0x2 
 .text._ZN10RDMHandler14SetPersonalityEbt
                0x000000000800498c       0x50 ../lib-rdm/lib_gd32/librdm.a(rdmhandler.o)
                0x000000000800498c                RDMHandler::SetPersonality(bool, unsigned short)
 .text._ZN10RDMHandler25GetPersonalityDescriptionEt
                0x00000000080049dc       0x84 ../lib-rdm/lib_gd32/librdm.a(rdmhandler.o)
                0x00000000080049dc                RDMHandler::GetPersonalityDescription(unsigned short)
 .text._ZN10RDMHandler18SetDmxStartAddressEbt
                0x0000000008004a60       0x50 ../lib-rdm/lib_gd32/librdm.a(rdmhandler.o)
                0x0000000008004a60                RDMHandler::SetDmxStartAddress(bool, unsigned short)
 .text._ZN10RDMHandler19GetSensorDefinitionEt
                0x0000000008004ab0       0xa8 ../lib-rdm/lib_gd32/librdm.a(rdmhandler.o)
                0x0000000008004ab0                RDMHandler::GetSensorDefinition(unsigned short)
 .text._ZN10RDMHandler14GetSensorValueEt
                0x0000000008004b58       0x80 ../lib-rdm/lib_gd32/librdm.a(rdmhandler.o)
                0x0000000008004b58                RDMHandler::GetSensorValue(unsigned short)
 .text._ZN10RDMHandler14SetSensorValueEbt
                0x0000000008004bd8       0xb4 ../lib-rdm/lib_gd32/librdm.a(rdmhandler.o)
                0x0000000008004bd8                RDMHandler::SetSensorValue(bool, unsigned short)
 .text._ZN10RDMHandler16SetRecordSensorsEbt
                0x0000000008004c8c       0x4c ../lib-rdm/lib_gd32/librdm.a(rdmhandler.o)
                0x0000000008004c8c                RDMHandler::SetRecordSensors(bool, unsigned short)
 .text._ZN10RDMHandler14SetDeviceHoursEbt
                0x0000000008004cd8        0x6 ../lib-rdm/lib_gd32/librdm.a(rdmhandler.o)
                0x0000000008004cd8                RDMHandler::SetDeviceHours(bool, unsigned short)
 *fill*         0x0000000008004cde        0x2 
 .text._ZN10RDMHandler16SetDisplayInvertEbt
                0x0000000008004ce0       0x4c ../lib-rdm/lib_gd32/librdm.a(rdmhandler.o)
                0x0000000008004ce0                RDMHandler::SetDisplayInvert(bool, unsigned short)
 .text._ZN10RDMHandler15SetDisplayLevelEbt
                0x0000000008004d2c       0x48 ../lib-rdm/lib_gd32/librdm.a(rdmhandler.o)
                0x0000000008004d2c                RDMHandler::SetDisplayLevel(bool, unsigned short)
 .text._ZN10RDMHandler16SetRealTimeClockEbt
                0x0000000008004d74       0x68 ../lib-rdm/lib_gd32/librdm.a(rdmhandler.o)
                0x0000000008004d74                RDMHandler::SetRealTimeClock(bool, unsigned short)
 .text._ZN10RDMHandler13SetPowerStateEbt
                0x0000000008004ddc       0x2e ../lib-rdm/lib_gd32/librdm.a(rdmhandler.o)
                0x0000000008004ddc                RDMHandler::SetPowerState(bool, unsigned short)
 .text._ZN10RDMHandler18SetPerformSelfTestEbt
                0x0000000008004e0a       0x34 ../lib-rdm/lib_gd32/librdm.a(rdmhandler.o)
                0x0000000008004e0a                RDMHandler::SetPerformSelfTest(bool, unsigned short)
 .text._ZN10RDMHandler22GetSelfTestDescriptionEt
                0x0000000008004e3e       0x50 ../lib-rdm/lib_gd32/librdm.a(rdmhandler.o)
                0x0000000008004e3e                RDMHandler::GetSelfTestDescription(unsigned short)
 *fill*         0x0000000008004e8e        0x2 
 .text._ZN10RDMHandler18GetSlotDescriptionEt
                0x0000000008004e90       0x7c ../lib-rdm/lib_gd32/librdm.a(rdmhandler.o)
                0x0000000008004e90                RDMHandler::GetSlotDescription(unsigned short)
 .text._ZN10RDMHandler18SetFactoryDefaultsEbt
                0x0000000008004f0c       0xc0 ../lib-rdm/lib_gd32/librdm.a(rdmhandler.o)
                0x0000000008004f0c                RDMHandler::SetFactoryDefaults(bool, unsigned short)
 .text._ZN10RDMHandler14SetDeviceLabelEbt
                0x0000000008004fcc       0x58 ../lib-rdm/lib_gd32/librdm.a(rdmhandler.o)
                0x0000000008004fcc                RDMHandler::SetDeviceLabel(bool, unsigned short)
 .text._ZN10RDMHandler8HandlersEbhtht
                0x0000000008005024       0xe4 ../lib-rdm/lib_gd32/librdm.a(rdmhandler.o)
                0x0000000008005024                RDMHandler::Handlers(bool, unsigned char, unsigned short, unsigned char, unsigned short)
 .text._ZN10RDMHandler10HandleDataEPKhPh
                0x0000000008005108      0x184 ../lib-rdm/lib_gd32/librdm.a(rdmhandler.o)
                0x0000000008005108                RDMHandler::HandleData(unsigned char const*, unsigned char*)
 .text._ZN10RDMHandler15GetIdentifyModeEt
                0x000000000800528c       0x14 ../lib-rdm/lib_gd32/librdm.a(rdmhandlere1371.o)
                0x000000000800528c                RDMHandler::GetIdentifyMode(unsigned short)
 .text._ZN10RDMHandler15SetIdentifyModeEbt
                0x00000000080052a0       0x60 ../lib-rdm/lib_gd32/librdm.a(rdmhandlere1371.o)
                0x00000000080052a0                RDMHandler::SetIdentifyMode(bool, unsigned short)
 .text._ZN11RDMIdentifyC2Ev
                0x0000000008005300        0xc ../lib-rdm/lib_gd32/librdm.a(rdmidentify.o)
                0x0000000008005300                RDMIdentify::RDMIdentify()
                0x0000000008005300                RDMIdentify::RDMIdentify()
 .text._ZN11RDMSlotInfo7bsearchEt
                0x000000000800530c       0x30 ../lib-rdm/lib_gd32/librdm.a(rdmslotinfo.o)
                0x000000000800530c                RDMSlotInfo::bsearch(unsigned short)
 .text._ZN11RDMSlotInfo15GetCategoryTextEttRj
                0x000000000800533c       0x44 ../lib-rdm/lib_gd32/librdm.a(rdmslotinfo.o)
                0x000000000800533c                RDMSlotInfo::GetCategoryText(unsigned short, unsigned short, unsigned int&)
 .text._ZN9RDMDeviceC2Ev
                0x0000000008005380       0xec ../lib-rdm/lib_gd32/librdm.a(rdmdevice.o)
                0x0000000008005380                RDMDevice::RDMDevice()
                0x0000000008005380                RDMDevice::RDMDevice()
 .text._ZN9RDMDevice5PrintEv
                0x000000000800546c       0x84 ../lib-rdm/lib_gd32/librdm.a(rdmdevice.o)
                0x000000000800546c                RDMDevice::Print()
 .text._ZN21PixelDmxConfiguration8ValidateEjRjRN21pixeldmxconfiguration8PortInfoES0_S0_
                0x00000000080054f0       0xb0 ../lib-ws28xxdmx/lib_gd32/libws28xxdmx.a(pixeldmxconfiguration.o)
                0x00000000080054f0                PixelDmxConfiguration::Validate(unsigned int, unsigned int&, pixeldmxconfiguration::PortInfo&, unsigned int&, unsigned int&)
 .text._ZN21PixelDmxConfiguration4DumpEv
                0x00000000080055a0        0x2 ../lib-ws28xxdmx/lib_gd32/libws28xxdmx.a(pixeldmxconfiguration.o)
                0x00000000080055a0                PixelDmxConfiguration::Dump()
 .text._ZN8LightSet8BlackoutEb
                0x00000000080055a2        0x2 ../lib-ws28xxdmx/lib_gd32/libws28xxdmx.a(pixeldmxparamsrdm.o)
                0x00000000080055a2                LightSet::Blackout(bool)
 .text._ZN8LightSet5PrintEv
                0x00000000080055a4        0x2 ../lib-ws28xxdmx/lib_gd32/libws28xxdmx.a(pixeldmxparamsrdm.o)
                0x00000000080055a4                LightSet::Print()
 .text._ZN17PixelDmxParamsRdm18SetDmxStartAddressEt
                0x00000000080055a6        0x4 ../lib-ws28xxdmx/lib_gd32/libws28xxdmx.a(pixeldmxparamsrdm.o)
                0x00000000080055a6                PixelDmxParamsRdm::SetDmxStartAddress(unsigned short)
 .text._ZN17PixelDmxParamsRdm18GetDmxStartAddressEv
                0x00000000080055aa        0x4 ../lib-ws28xxdmx/lib_gd32/libws28xxdmx.a(pixeldmxparamsrdm.o)
                0x00000000080055aa                PixelDmxParamsRdm::GetDmxStartAddress()
 .text._ZN17PixelDmxParamsRdm15GetDmxFootprintEv
                0x00000000080055ae        0x4 ../lib-ws28xxdmx/lib_gd32/libws28xxdmx.a(pixeldmxparamsrdm.o)
                0x00000000080055ae                PixelDmxParamsRdm::GetDmxFootprint()
 .text._ZN17PixelDmxParamsRdm5StartEj
                0x00000000080055b2        0x2 ../lib-ws28xxdmx/lib_gd32/libws28xxdmx.a(pixeldmxparamsrdm.o)
                0x00000000080055b2                PixelDmxParamsRdm::Start(unsigned int)
                0x00000000080055b2                PixelDmxParamsRdm::Stop(unsigned int)
 .text._ZN17PixelDmxParamsRdm11GetSlotInfoEtRN8lightset8SlotInfoE
                0x00000000080055b4       0x14 ../lib-ws28xxdmx/lib_gd32/libws28xxdmx.a(pixeldmxparamsrdm.o)
                0x00000000080055b4                PixelDmxParamsRdm::GetSlotInfo(unsigned short, lightset::SlotInfo&)
 .text._ZN17PixelDmxParamsRdmD2Ev
                0x00000000080055c8        0x2 ../lib-ws28xxdmx/lib_gd32/libws28xxdmx.a(pixeldmxparamsrdm.o)
                0x00000000080055c8                PixelDmxParamsRdm::~PixelDmxParamsRdm()
                0x00000000080055c8                PixelDmxParamsRdm::~PixelDmxParamsRdm()
 .text._ZN17PixelDmxParamsRdmD0Ev
                0x00000000080055ca        0xc ../lib-ws28xxdmx/lib_gd32/libws28xxdmx.a(pixeldmxparamsrdm.o)
                0x00000000080055ca                PixelDmxParamsRdm::~PixelDmxParamsRdm()
 *fill*         0x00000000080055d6        0x2 
 .text._ZN17PixelDmxParamsRdmC2EP14WS28xxDmxStore
                0x00000000080055d8       0x14 ../lib-ws28xxdmx/lib_gd32/libws28xxdmx.a(pixeldmxparamsrdm.o)
                0x00000000080055d8                PixelDmxParamsRdm::PixelDmxParamsRdm(WS28xxDmxStore*)
                0x00000000080055d8                PixelDmxParamsRdm::PixelDmxParamsRdm(WS28xxDmxStore*)
 .text._ZN17PixelDmxParamsRdm7SetDataEjPKhj
                0x00000000080055ec       0x80 ../lib-ws28xxdmx/lib_gd32/libws28xxdmx.a(pixeldmxparamsrdm.o)
                0x00000000080055ec                PixelDmxParamsRdm::SetData(unsigned int, unsigned char const*, unsigned int)
 .text._ZN9WS28xxDmx18GetDmxStartAddressEv
                0x000000000800566c        0x4 ../lib-ws28xxdmx/lib_gd32/libws28xxdmx.a(ws28xxdmx.o)
                0x000000000800566c                WS28xxDmx::GetDmxStartAddress()
 .text._ZN9WS28xxDmx15GetDmxFootprintEv
                0x0000000008005670        0x4 ../lib-ws28xxdmx/lib_gd32/libws28xxdmx.a(ws28xxdmx.o)
                0x0000000008005670                WS28xxDmx::GetDmxFootprint()
 .text._ZN9WS28xxDmxD2Ev
                0x0000000008005674       0x20 ../lib-ws28xxdmx/lib_gd32/libws28xxdmx.a(ws28xxdmx.o)
                0x0000000008005674                WS28xxDmx::~WS28xxDmx()
                0x0000000008005674                WS28xxDmx::~WS28xxDmx()
 .text._ZN9WS28xxDmxD0Ev
                0x0000000008005694       0x12 ../lib-ws28xxdmx/lib_gd32/libws28xxdmx.a(ws28xxdmx.o)
                0x0000000008005694                WS28xxDmx::~WS28xxDmx()
 .text._ZN9WS28xxDmx8BlackoutEb
                0x00000000080056a6       0x26 ../lib-ws28xxdmx/lib_gd32/libws28xxdmx.a(ws28xxdmx.o)
                0x00000000080056a6                WS28xxDmx::Blackout(bool)
 .text._ZN9WS28xxDmx5StartEj
                0x00000000080056cc       0x18 ../lib-ws28xxdmx/lib_gd32/libws28xxdmx.a(ws28xxdmx.o)
                0x00000000080056cc                WS28xxDmx::Start(unsigned int)
 .text._ZN9WS28xxDmx18SetDmxStartAddressEt
                0x00000000080056e4       0x32 ../lib-ws28xxdmx/lib_gd32/libws28xxdmx.a(ws28xxdmx.o)
                0x00000000080056e4                WS28xxDmx::SetDmxStartAddress(unsigned short)
 .text._ZN9WS28xxDmx11GetSlotInfoEtRN8lightset8SlotInfoE
                0x0000000008005716       0x40 ../lib-ws28xxdmx/lib_gd32/libws28xxdmx.a(ws28xxdmx.o)
                0x0000000008005716                WS28xxDmx::GetSlotInfo(unsigned short, lightset::SlotInfo&)
 .text._ZN9WS28xxDmx4StopEj
                0x0000000008005756       0x32 ../lib-ws28xxdmx/lib_gd32/libws28xxdmx.a(ws28xxdmx.o)
                0x0000000008005756                WS28xxDmx::Stop(unsigned int)
 .text._ZN9WS28xxDmx7SetDataEjPKhj
                0x0000000008005788       0xfc ../lib-ws28xxdmx/lib_gd32/libws28xxdmx.a(ws28xxdmx.o)
                0x0000000008005788                WS28xxDmx::SetData(unsigned int, unsigned char const*, unsigned int)
 .text._ZN9WS28xxDmxC2ER21PixelDmxConfiguration
                0x0000000008005884       0x80 ../lib-ws28xxdmx/lib_gd32/libws28xxdmx.a(ws28xxdmx.o)
                0x0000000008005884                WS28xxDmx::WS28xxDmx(PixelDmxConfiguration&)
                0x0000000008005884                WS28xxDmx::WS28xxDmx(PixelDmxConfiguration&)
 .text._ZN15WS28xxDmxParamsC2EP20WS28xxDmxParamsStore
                0x0000000008005904       0x50 ../lib-ws28xxdmx/lib_gd32/libws28xxdmx.a(ws28xxdmxparams.o)
                0x0000000008005904                WS28xxDmxParams::WS28xxDmxParams(WS28xxDmxParamsStore*)
                0x0000000008005904                WS28xxDmxParams::WS28xxDmxParams(WS28xxDmxParamsStore*)
 .text._ZN15WS28xxDmxParams4LoadEv
                0x0000000008005954       0x18 ../lib-ws28xxdmx/lib_gd32/libws28xxdmx.a(ws28xxdmxparams.o)
                0x0000000008005954                WS28xxDmxParams::Load()
 .text._ZN15WS28xxDmxParams3SetEP21PixelDmxConfiguration
                0x000000000800596c       0x6c ../lib-ws28xxdmx/lib_gd32/libws28xxdmx.a(ws28xxdmxparams.o)
                0x000000000800596c                WS28xxDmxParams::Set(PixelDmxConfiguration*)
 .text._ZN15WS28xxDmxParams4DumpEv
                0x00000000080059d8        0x2 ../lib-ws28xxdmx/lib_gd32/libws28xxdmx.a(ws28xxdmxparamsdump.o)
                0x00000000080059d8                WS28xxDmxParams::Dump()
 *fill*         0x00000000080059da        0x2 
 .text._ZN9WS28xxDmx5PrintEv
                0x00000000080059dc       0x28 ../lib-ws28xxdmx/lib_gd32/libws28xxdmx.a(ws28xxdmxprint.o)
                0x00000000080059dc                WS28xxDmx::Print()
 .text._ZN18PixelConfiguration13GetRgbMappingEN5pixel4TypeE
                0x0000000008005a04       0x1e ../lib-ws28xx/lib_gd32/libws28xx.a(pixelconfiguration.o)
                0x0000000008005a04                PixelConfiguration::GetRgbMapping(pixel::Type)
 .text._ZN18PixelConfiguration6GetTxHEN5pixel4TypeERhS2_
                0x0000000008005a22       0x1a ../lib-ws28xx/lib_gd32/libws28xx.a(pixelconfiguration.o)
                0x0000000008005a22                PixelConfiguration::GetTxH(pixel::Type, unsigned char&, unsigned char&)
 .text._ZN18PixelConfiguration8ValidateERj
                0x0000000008005a3c       0xd8 ../lib-ws28xx/lib_gd32/libws28xx.a(pixelconfiguration.o)
                0x0000000008005a3c                PixelConfiguration::Validate(unsigned int&)
 .text._ZN18PixelConfiguration4DumpEv
                0x0000000008005b14        0x2 ../lib-ws28xx/lib_gd32/libws28xx.a(pixelconfiguration.o)
                0x0000000008005b14                PixelConfiguration::Dump()
 *fill*         0x0000000008005b16        0x2 
 .text._ZN13PixelPatterns14SetPixelColourEjjj.constprop.0
                0x0000000008005b18       0x24 ../lib-ws28xx/lib_gd32/libws28xx.a(pixelpatterns.o)
 .text._ZN13PixelPatterns5ClearEj.isra.0
                0x0000000008005b3c       0x20 ../lib-ws28xx/lib_gd32/libws28xx.a(pixelpatterns.o)
 .text._ZN13PixelPatternsC2Ej
                0x0000000008005b5c       0x40 ../lib-ws28xx/lib_gd32/libws28xx.a(pixelpatterns.o)
                0x0000000008005b5c                PixelPatterns::PixelPatterns(unsigned int)
                0x0000000008005b5c                PixelPatterns::PixelPatterns(unsigned int)
 .text._ZN13PixelPatterns7GetNameEN13pixelpatterns7PatternE
                0x0000000008005b9c       0x18 ../lib-ws28xx/lib_gd32/libws28xx.a(pixelpatterns.o)
                0x0000000008005b9c                PixelPatterns::GetName(pixelpatterns::Pattern)
 .text._ZN13PixelPatterns12RainbowCycleEjjN13pixelpatterns9DirectionE
                0x0000000008005bb4       0x28 ../lib-ws28xx/lib_gd32/libws28xx.a(pixelpatterns.o)
                0x0000000008005bb4                PixelPatterns::RainbowCycle(unsigned int, unsigned int, pixelpatterns::Direction)
 .text._ZN13PixelPatterns12TheaterChaseEjjjjN13pixelpatterns9DirectionE
                0x0000000008005bdc       0x38 ../lib-ws28xx/lib_gd32/libws28xx.a(pixelpatterns.o)
                0x0000000008005bdc                PixelPatterns::TheaterChase(unsigned int, unsigned int, unsigned int, unsigned int, pixelpatterns::Direction)
 .text._ZN13PixelPatterns10ColourWipeEjjjN13pixelpatterns9DirectionE
                0x0000000008005c14       0x34 ../lib-ws28xx/lib_gd32/libws28xx.a(pixelpatterns.o)
                0x0000000008005c14                PixelPatterns::ColourWipe(unsigned int, unsigned int, unsigned int, pixelpatterns::Direction)
 .text._ZN13PixelPatterns7ScannerEjjj
                0x0000000008005c48       0x64 ../lib-ws28xx/lib_gd32/libws28xx.a(pixelpatterns.o)
                0x0000000008005c48                PixelPatterns::Scanner(unsigned int, unsigned int, unsigned int)
 .text._ZN13PixelPatterns4FadeEjjjjjN13pixelpatterns9DirectionE
                0x0000000008005cac       0x30 ../lib-ws28xx/lib_gd32/libws28xx.a(pixelpatterns.o)
                0x0000000008005cac                PixelPatterns::Fade(unsigned int, unsigned int, unsigned int, unsigned int, unsigned int, pixelpatterns::Direction)
 .text._ZN13PixelPatterns5WheelEh
                0x0000000008005cdc       0x4e ../lib-ws28xx/lib_gd32/libws28xx.a(pixelpatterns.o)
                0x0000000008005cdc                PixelPatterns::Wheel(unsigned char)
 *fill*         0x0000000008005d2a        0x2 
 .text._ZN13PixelPatterns9IncrementEj
                0x0000000008005d2c       0x3c ../lib-ws28xx/lib_gd32/libws28xx.a(pixelpatterns.o)
                0x0000000008005d2c                PixelPatterns::Increment(unsigned int)
 .text._ZN13PixelPatterns18RainbowCycleUpdateEj
                0x0000000008005d68       0x54 ../lib-ws28xx/lib_gd32/libws28xx.a(pixelpatterns.o)
                0x0000000008005d68                PixelPatterns::RainbowCycleUpdate(unsigned int)
 .text._ZN13PixelPatterns18TheaterChaseUpdateEj
                0x0000000008005dbc       0x64 ../lib-ws28xx/lib_gd32/libws28xx.a(pixelpatterns.o)
                0x0000000008005dbc                PixelPatterns::TheaterChaseUpdate(unsigned int)
 .text._ZN13PixelPatterns16ColourWipeUpdateEj
                0x0000000008005e20       0x24 ../lib-ws28xx/lib_gd32/libws28xx.a(pixelpatterns.o)
                0x0000000008005e20                PixelPatterns::ColourWipeUpdate(unsigned int)
 .text._ZN13PixelPatterns13ScannerUpdateEj
                0x0000000008005e44       0xb4 ../lib-ws28xx/lib_gd32/libws28xx.a(pixelpatterns.o)
                0x0000000008005e44                PixelPatterns::ScannerUpdate(unsigned int)
 .text._ZN13PixelPatterns10FadeUpdateEj
                0x0000000008005ef8       0x90 ../lib-ws28xx/lib_gd32/libws28xx.a(pixelpatterns.o)
                0x0000000008005ef8                PixelPatterns::FadeUpdate(unsigned int)
 .text._ZN13PixelPatterns10PortUpdateEjj
                0x0000000008005f88       0x50 ../lib-ws28xx/lib_gd32/libws28xx.a(pixelpatterns.o)
                0x0000000008005f88                PixelPatterns::PortUpdate(unsigned int, unsigned int)
 .text._ZN13PixelPatterns3RunEv
                0x0000000008005fd8       0x54 ../lib-ws28xx/lib_gd32/libws28xx.a(pixelpatterns.o)
                0x0000000008005fd8                PixelPatterns::Run()
 .text._ZN9PixelType7GetTypeEN5pixel4TypeE
                0x000000000800602c       0x18 ../lib-ws28xx/lib_gd32/libws28xx.a(pixeltype.o)
                0x000000000800602c                PixelType::GetType(pixel::Type)
 .text._ZN9PixelType6GetMapEN5pixel3MapE
                0x0000000008006044       0x18 ../lib-ws28xx/lib_gd32/libws28xx.a(pixeltype.o)
                0x0000000008006044                PixelType::GetMap(pixel::Map)
 .text._ZN9PixelType10ConvertTxHEh
                0x000000000800605c       0x5c ../lib-ws28xx/lib_gd32/libws28xx.a(pixeltype.o)
                0x000000000800605c                PixelType::ConvertTxH(unsigned char)
 .text._ZN6WS28xxD2Ev
                0x00000000080060b8        0xc ../lib-ws28xx/lib_gd32/libws28xx.a(ws28xx.o)
                0x00000000080060b8                WS28xx::~WS28xx()
                0x00000000080060b8                WS28xx::~WS28xx()
 .text._ZN6WS28xx6UpdateEv
                0x00000000080060c4       0x38 ../lib-ws28xx/lib_gd32/libws28xx.a(ws28xx.o)
                0x00000000080060c4                WS28xx::Update()
 .text._ZN6WS28xx5PrintEv
                0x00000000080060fc       0x84 ../lib-ws28xx/lib_gd32/libws28xx.a(ws28xx.o)
                0x00000000080060fc                WS28xx::Print()
 .text._ZN6WS28xx14SetColorWS28xxEjh
                0x0000000008006180       0x1e ../lib-ws28xx/lib_gd32/libws28xx.a(ws28xx.o)
                0x0000000008006180                WS28xx::SetColorWS28xx(unsigned int, unsigned char)
 .text._ZN6WS28xx8SetPixelEjhhh
                0x000000000800619e      0x110 ../lib-ws28xx/lib_gd32/libws28xx.a(ws28xx.o)
                0x000000000800619e                WS28xx::SetPixel(unsigned int, unsigned char, unsigned char, unsigned char)
 *fill*         0x00000000080062ae        0x2 
 .text._ZN6WS28xx12SetupBuffersEv
                0x00000000080062b0       0xa4 ../lib-ws28xx/lib_gd32/libws28xx.a(ws28xx.o)
                0x00000000080062b0                WS28xx::SetupBuffers()
 .text._ZN6WS28xxC2ER18PixelConfiguration
                0x0000000008006354       0x80 ../lib-ws28xx/lib_gd32/libws28xx.a(ws28xx.o)
                0x0000000008006354                WS28xx::WS28xx(PixelConfiguration&)
                0x0000000008006354                WS28xx::WS28xx(PixelConfiguration&)
 .text._ZN6WS28xx8BlackoutEv
                0x00000000080063d4       0x7a ../lib-ws28xx/lib_gd32/libws28xx.a(ws28xx.o)
                0x00000000080063d4                WS28xx::Blackout()
 .text._ZN6WS28xx8SetPixelEjhhhh
                0x000000000800644e       0x40 ../lib-ws28xx/lib_gd32/libws28xx.a(ws28xx.o)
                0x000000000800644e                WS28xx::SetPixel(unsigned int, unsigned char, unsigned char, unsigned char, unsigned char)
 *fill*         0x000000000800648e        0x2 
 .text._ZN13SpiFlashStore14GetStoreOffsetEN13spiflashstore5StoreE
                0x0000000008006490       0x1c ../lib-spiflashstore/lib_gd32/libspiflashstore.a(spiflashstore.o)
                0x0000000008006490                SpiFlashStore::GetStoreOffset(spiflashstore::Store)
 .text._ZN13SpiFlashStore4InitEv
                0x00000000080064ac      0x140 ../lib-spiflashstore/lib_gd32/libspiflashstore.a(spiflashstore.o)
                0x00000000080064ac                SpiFlashStore::Init()
 .text._ZN13SpiFlashStoreC2Ev
                0x00000000080065ec       0x4c ../lib-spiflashstore/lib_gd32/libspiflashstore.a(spiflashstore.o)
                0x00000000080065ec                SpiFlashStore::SpiFlashStore()
                0x00000000080065ec                SpiFlashStore::SpiFlashStore()
 .text._ZN13SpiFlashStore12ResetSetListEN13spiflashstore5StoreE
                0x0000000008006638       0x24 ../lib-spiflashstore/lib_gd32/libspiflashstore.a(spiflashstore.o)
                0x0000000008006638                SpiFlashStore::ResetSetList(spiflashstore::Store)
 .text._ZN13SpiFlashStore6UpdateEN13spiflashstore5StoreEjPKvjjj
                0x000000000800665c       0x80 ../lib-spiflashstore/lib_gd32/libspiflashstore.a(spiflashstore.o)
                0x000000000800665c                SpiFlashStore::Update(spiflashstore::Store, unsigned int, void const*, unsigned int, unsigned int, unsigned int)
 .text._ZN13SpiFlashStore4CopyEN13spiflashstore5StoreEPvjj
                0x00000000080066dc       0x68 ../lib-spiflashstore/lib_gd32/libspiflashstore.a(spiflashstore.o)
                0x00000000080066dc                SpiFlashStore::Copy(spiflashstore::Store, void*, unsigned int, unsigned int)
 .text._ZN13SpiFlashStore5FlashEv
                0x0000000008006744       0xb4 ../lib-spiflashstore/lib_gd32/libspiflashstore.a(spiflashstore.o)
                0x0000000008006744                SpiFlashStore::Flash()
 .text._ZN15StoreDisplayUdfD2Ev
                0x00000000080067f8        0x2 ../lib-spiflashstore/lib_gd32/libspiflashstore.a(storedisplayudf.o)
                0x00000000080067f8                StoreDisplayUdf::~StoreDisplayUdf()
                0x00000000080067f8                StoreDisplayUdf::~StoreDisplayUdf()
 *fill*         0x00000000080067fa        0x2 
 .text._ZN15StoreDisplayUdf4CopyEP17TDisplayUdfParams
                0x00000000080067fc       0x20 ../lib-spiflashstore/lib_gd32/libspiflashstore.a(storedisplayudf.o)
                0x00000000080067fc                StoreDisplayUdf::Copy(TDisplayUdfParams*)
 .text._ZN15StoreDisplayUdf6UpdateEPK17TDisplayUdfParams
                0x000000000800681c       0x24 ../lib-spiflashstore/lib_gd32/libspiflashstore.a(storedisplayudf.o)
                0x000000000800681c                StoreDisplayUdf::Update(TDisplayUdfParams const*)
 .text._ZN15StoreDisplayUdfD0Ev
                0x0000000008006840        0xc ../lib-spiflashstore/lib_gd32/libspiflashstore.a(storedisplayudf.o)
                0x0000000008006840                StoreDisplayUdf::~StoreDisplayUdf()
 .text._ZN15StoreDisplayUdfC2Ev
                0x000000000800684c       0x14 ../lib-spiflashstore/lib_gd32/libspiflashstore.a(storedisplayudf.o)
                0x000000000800684c                StoreDisplayUdf::StoreDisplayUdf()
                0x000000000800684c                StoreDisplayUdf::StoreDisplayUdf()
 .text._ZN14StoreRDMDeviceD2Ev
                0x0000000008006860        0x6 ../lib-spiflashstore/lib_gd32/libspiflashstore.a(storerdmdevice.o)
                0x0000000008006860                StoreRDMDevice::~StoreRDMDevice()
                0x0000000008006860                StoreRDMDevice::~StoreRDMDevice()
                0x0000000008006862                non-virtual thunk to StoreRDMDevice::~StoreRDMDevice()
 *fill*         0x0000000008006866        0x2 
 .text._ZN14StoreRDMDevice6UpdateEPK16TRDMDeviceParams
                0x0000000008006868       0x24 ../lib-spiflashstore/lib_gd32/libspiflashstore.a(storerdmdevice.o)
                0x0000000008006868                StoreRDMDevice::Update(TRDMDeviceParams const*)
 .text._ZN14StoreRDMDevice9SaveLabelEPKch
                0x000000000800688c       0x44 ../lib-spiflashstore/lib_gd32/libspiflashstore.a(storerdmdevice.o)
                0x000000000800688c                StoreRDMDevice::SaveLabel(char const*, unsigned char)
                0x00000000080068c8                non-virtual thunk to StoreRDMDevice::SaveLabel(char const*, unsigned char)
 .text._ZN14StoreRDMDeviceD0Ev
                0x00000000080068d0       0x12 ../lib-spiflashstore/lib_gd32/libspiflashstore.a(storerdmdevice.o)
                0x00000000080068d0                StoreRDMDevice::~StoreRDMDevice()
                0x00000000080068dc                non-virtual thunk to StoreRDMDevice::~StoreRDMDevice()
 *fill*         0x00000000080068e2        0x2 
 .text._ZN14StoreRDMDevice4CopyEP16TRDMDeviceParams
                0x00000000080068e4       0x20 ../lib-spiflashstore/lib_gd32/libspiflashstore.a(storerdmdevice.o)
                0x00000000080068e4                StoreRDMDevice::Copy(TRDMDeviceParams*)
 .text._ZN14StoreRDMDeviceC2Ev
                0x0000000008006904       0x18 ../lib-spiflashstore/lib_gd32/libspiflashstore.a(storerdmdevice.o)
                0x0000000008006904                StoreRDMDevice::StoreRDMDevice()
                0x0000000008006904                StoreRDMDevice::StoreRDMDevice()
 .text._ZN15StoreRDMSensorsD2Ev
                0x000000000800691c        0x2 ../lib-spiflashstore/lib_gd32/libspiflashstore.a(storerdmsensors.o)
                0x000000000800691c                StoreRDMSensors::~StoreRDMSensors()
                0x000000000800691c                StoreRDMSensors::~StoreRDMSensors()
 *fill*         0x000000000800691e        0x2 
 .text._ZN15StoreRDMSensors4CopyEP17TRDMSensorsParams
                0x0000000008006920       0x20 ../lib-spiflashstore/lib_gd32/libspiflashstore.a(storerdmsensors.o)
                0x0000000008006920                StoreRDMSensors::Copy(TRDMSensorsParams*)
 .text._ZN15StoreRDMSensors6UpdateEPK17TRDMSensorsParams
                0x0000000008006940       0x24 ../lib-spiflashstore/lib_gd32/libspiflashstore.a(storerdmsensors.o)
                0x0000000008006940                StoreRDMSensors::Update(TRDMSensorsParams const*)
 .text._ZN15StoreRDMSensorsD0Ev
                0x0000000008006964        0xc ../lib-spiflashstore/lib_gd32/libspiflashstore.a(storerdmsensors.o)
                0x0000000008006964                StoreRDMSensors::~StoreRDMSensors()
 .text._ZN15StoreRDMSensorsC2Ev
                0x0000000008006970       0x14 ../lib-spiflashstore/lib_gd32/libspiflashstore.a(storerdmsensors.o)
                0x0000000008006970                StoreRDMSensors::StoreRDMSensors()
                0x0000000008006970                StoreRDMSensors::StoreRDMSensors()
 .text._ZN18StoreRDMSubDevicesD2Ev
                0x0000000008006984        0x2 ../lib-spiflashstore/lib_gd32/libspiflashstore.a(storerdmsubdevices.o)
                0x0000000008006984                StoreRDMSubDevices::~StoreRDMSubDevices()
                0x0000000008006984                StoreRDMSubDevices::~StoreRDMSubDevices()
 *fill*         0x0000000008006986        0x2 
 .text._ZN18StoreRDMSubDevices4CopyEP20TRDMSubDevicesParams
                0x0000000008006988       0x20 ../lib-spiflashstore/lib_gd32/libspiflashstore.a(storerdmsubdevices.o)
                0x0000000008006988                StoreRDMSubDevices::Copy(TRDMSubDevicesParams*)
 .text._ZN18StoreRDMSubDevices6UpdateEPK20TRDMSubDevicesParams
                0x00000000080069a8       0x24 ../lib-spiflashstore/lib_gd32/libspiflashstore.a(storerdmsubdevices.o)
                0x00000000080069a8                StoreRDMSubDevices::Update(TRDMSubDevicesParams const*)
 .text._ZN18StoreRDMSubDevicesD0Ev
                0x00000000080069cc        0xc ../lib-spiflashstore/lib_gd32/libspiflashstore.a(storerdmsubdevices.o)
                0x00000000080069cc                StoreRDMSubDevices::~StoreRDMSubDevices()
 .text._ZN18StoreRDMSubDevicesC2Ev
                0x00000000080069d8       0x14 ../lib-spiflashstore/lib_gd32/libspiflashstore.a(storerdmsubdevices.o)
                0x00000000080069d8                StoreRDMSubDevices::StoreRDMSubDevices()
                0x00000000080069d8                StoreRDMSubDevices::StoreRDMSubDevices()
 .text._ZN14StoreWS28xxDmxD2Ev
                0x00000000080069ec        0x6 ../lib-spiflashstore/lib_gd32/libspiflashstore.a(storews28xxdmx.o)
                0x00000000080069ec                StoreWS28xxDmx::~StoreWS28xxDmx()
                0x00000000080069ec                StoreWS28xxDmx::~StoreWS28xxDmx()
                0x00000000080069ee                non-virtual thunk to StoreWS28xxDmx::~StoreWS28xxDmx()
 *fill*         0x00000000080069f2        0x2 
 .text._ZN14StoreWS28xxDmx6UpdateEPK16TWS28xxDmxParams
                0x00000000080069f4       0x24 ../lib-spiflashstore/lib_gd32/libspiflashstore.a(storews28xxdmx.o)