Archive member included to satisfy reference by file (symbol)

../lib-c/lib_gd32/libc.a(printf.o)
                              build_gd32/firmware/main.o (printf)
../lib-c/lib_gd32/libc.a(puts.o)
                              build_gd32/firmware/main.o (puts)
/Applications/ArmGNUToolchain/11.3.rel1/arm-none-eabi/bin/../lib/gcc/arm-none-eabi/11.3.1/thumb/v7-m/nofp/libgcc.a(_arm_mulsf3.o)
                              ../lib-c/lib_gd32/libc.a(printf.o) (__aeabi_fmul)
/Applications/ArmGNUToolchain/11.3.rel1/arm-none-eabi/bin/../lib/gcc/arm-none-eabi/11.3.1/thumb/v7-m/nofp/libgcc.a(_arm_truncdfsf2.o)
                              ../lib-c/lib_gd32/libc.a(printf.o) (__aeabi_d2f)
/Applications/ArmGNUToolchain/11.3.rel1/arm-none-eabi/bin/../lib/gcc/arm-none-eabi/11.3.1/thumb/v7-m/nofp/libgcc.a(_arm_addsubsf3.o)
                              ../lib-c/lib_gd32/libc.a(printf.o) (__aeabi_fsub)
/Applications/ArmGNUToolchain/11.3.rel1/arm-none-eabi/bin/../lib/gcc/arm-none-eabi/11.3.1/thumb/v7-m/nofp/libgcc.a(_arm_cmpsf2.o)
                              ../lib-c/lib_gd32/libc.a(printf.o) (__aeabi_fcmplt)
/Applications/ArmGNUToolchain/11.3.rel1/arm-none-eabi/bin/../lib/gcc/arm-none-eabi/11.3.1/thumb/v7-m/nofp/libgcc.a(_arm_fixsfsi.o)
                              ../lib-c/lib_gd32/libc.a(printf.o) (__aeabi_f2iz)
/Applications/ArmGNUToolchain/11.3.rel1/arm-none-eabi/bin/../lib/gcc/arm-none-eabi/11.3.1/thumb/v7-m/nofp/libgcc.a(_aeabi_uldivmod.o)
                              ../lib-c/lib_gd32/libc.a(printf.o) (__aeabi_uldivmod)
/Applications/ArmGNUToolchain/11.3.rel1/arm-none-eabi/bin/../lib/gcc/arm-none-eabi/11.3.1/thumb/v7-m/nofp/libgcc.a(_udivmoddi4.o)
                              /Applications/ArmGNUToolchain/11.3.rel1/arm-none-eabi/bin/../lib/gcc/arm-none-eabi/11.3.1/thumb/v7-m/nofp/libgcc.a(_aeabi_uldivmod.o) (__udivmoddi4)
/Applications/ArmGNUToolchain/11.3.rel1/arm-none-eabi/bin/../lib/gcc/arm-none-eabi/11.3.1/thumb/v7-m/nofp/libgcc.a(_dvmd_tls.o)
                              /Applications/ArmGNUToolchain/11.3.rel1/arm-none-eabi/bin/../lib/gcc/arm-none-eabi/11.3.1/thumb/v7-m/nofp/libgcc.a(_aeabi_uldivmod.o) (__aeabi_ldiv0)
../lib-rdmresponder/lib_gd32/librdmresponder.a(rdmresponder.o)
                              build_gd32/firmware/main.o (RDMResponder::Run())
../lib-rdmsensor/lib_gd32/librdmsensor.a(rdmsensors.o)
                              build_gd32/firmware/main.o (RDMSensors::~RDMSensors())
../lib-rdmsensor/lib_gd32/librdmsensor.a(rdmsensorsadd.o)
                              ../lib-rdmsensor/lib_gd32/librdmsensor.a(rdmsensors.o) (RDMSensors::Add(RDMSensor*))
../lib-rdmsensor/lib_gd32/librdmsensor.a(rdmsensorsparams.o)
                              build_gd32/firmware/main.o (RDMSensorsParams::RDMSensorsParams(RDMSensorsParamsStore*))
../lib-rdmsensor/lib_gd32/librdmsensor.a(rdmsensorsstatic.o)
                              ../lib-rdmsensor/lib_gd32/librdmsensor.a(rdmsensorsparams.o) (RDMSensors::GetTypeString(char const*))
../lib-rdmsensor/lib_gd32/librdmsensor.a(rdmsensor.o)
                              ../lib-rdmsensor/lib_gd32/librdmsensor.a(rdmsensors.o) (RDMSensor::RDMSensor(unsigned char))
../lib-rdmsensor/lib_gd32/librdmsensor.a(rdmsensorsconst.o)
                              ../lib-rdmsensor/lib_gd32/librdmsensor.a(rdmsensorsstatic.o) (RDMSensorsConst::TYPE)
../lib-device/lib_gd32/libdevice.a(bh1750.o)
                              ../lib-rdmsensor/lib_gd32/librdmsensor.a(rdmsensorsparams.o) (sensor::BH170::BH170(unsigned char))
../lib-device/lib_gd32/libdevice.a(htu21d.o)
                              ../lib-rdmsensor/lib_gd32/librdmsensor.a(rdmsensorsparams.o) (sensor::HTU21D::HTU21D(unsigned char))
../lib-device/lib_gd32/libdevice.a(ina219.o)
                              ../lib-rdmsensor/lib_gd32/librdmsensor.a(rdmsensorsparams.o) (sensor::INA219::INA219(unsigned char))
../lib-device/lib_gd32/libdevice.a(mcp9808.o)
                              ../lib-rdmsensor/lib_gd32/librdmsensor.a(rdmsensorsparams.o) (sensor::MCP9808::MCP9808(unsigned char))
../lib-device/lib_gd32/libdevice.a(si7021.o)
                              ../lib-rdmsensor/lib_gd32/librdmsensor.a(rdmsensorsparams.o) (sensor::SI7021::SI7021(unsigned char))
../lib-rdmsubdevice/lib_gd32/librdmsubdevice.a(rdmsubdevices.o)
                              build_gd32/firmware/main.o (RDMSubDevices::~RDMSubDevices())
../lib-rdmsubdevice/lib_gd32/librdmsubdevice.a(rdmsubdevicesparams.o)
                              build_gd32/firmware/main.o (RDMSubDevicesParams::RDMSubDevicesParams(RDMSubDevicesParamsStore*))
../lib-rdmsubdevice/lib_gd32/librdmsubdevice.a(rdmsubdevicesstatic.o)
                              ../lib-rdmsubdevice/lib_gd32/librdmsubdevice.a(rdmsubdevicesparams.o) (RDMSubDevices::GetTypeString(char const*))
../lib-rdmsubdevice/lib_gd32/librdmsubdevice.a(rdmsubdevice.o)
                              ../lib-rdmsubdevice/lib_gd32/librdmsubdevice.a(rdmsubdevices.o) (RDMSubDevice::SetDmxStartAddress(unsigned short))
[...]
Memory Configuration

Name             Origin             Length             Attributes
FLASH            0x0000000008000000 0x0000000000040000 xr
RAM              0x0000000020000000 0x000000000000c000 xrw
*default*        0x0000000000000000 0xffffffffffffffff

Linker script and memory map

LOAD build_gd32/startup_gd32f10x_hd.o
LOAD build_gd32/firmware/main.o
LOAD build_gd32/lib/display.o
LOAD build_gd32/lib/dmxstartaddressupdate.o
LOAD build_gd32/lib/personalityupdate.o
LOAD build_gd32/lib/rdm_selftest.o
LOAD build_gd32/lib/rdmidentify.o
LOAD build_gd32/lib/rdmslotinfo.o
LOAD build_gd32/lib/rdmsoftwareversion.o
                0x0000000000001000                __heap_size = DEFINED (__heap_size)?__heap_size:0x1000
                0x0000000000001000                __stack_size = DEFINED (__stack_size)?__stack_size:0x1000

.vectors        0x0000000008000000      0x130
                0x0000000008000000                . = ALIGN (0x4)
 *(.vectors)
 .vectors       0x0000000008000000      0x130 build_gd32/startup_gd32f10x_hd.o
                0x0000000008000000                __gVectors
                0x0000000008000130                . = ALIGN (0x4)
                0x0000000008000130                __Vectors_End = .
                0x0000000008000130                __Vectors_Size = (__Vectors_End - __gVectors)

.text           0x0000000008000130     0x9fe4
                0x0000000008000130                . = ALIGN (0x4)
 *(.text.unlikely*)
 .text.unlikely.console_init
                0x0000000008000130       0x20 ../lib-hal/lib_gd32/libhal.a(console_uart0.o)
                0x0000000008000130                console_init
 *(.text.hot*)
 *(.text)
 .text          0x0000000008000150       0xa0 /Applications/ArmGNUToolchain/11.3.rel1/arm-none-eabi/bin/../lib/gcc/arm-none-eabi/11.3.1/thumb/v7-m/nofp/libgcc.a(_arm_truncdfsf2.o)
                0x0000000008000150                __aeabi_d2f
                0x0000000008000150                __truncdfsf2
 .text          0x00000000080001f0      0x21c /Applications/ArmGNUToolchain/11.3.rel1/arm-none-eabi/bin/../lib/gcc/arm-none-eabi/11.3.1/thumb/v7-m/nofp/libgcc.a(_arm_addsubsf3.o)
                0x00000000080001f0                __aeabi_frsub
                0x00000000080001f8                __aeabi_fsub
                0x00000000080001f8                __subsf3
                0x00000000080001fc                __aeabi_fadd
                0x00000000080001fc                __addsf3
                0x000000000800035c                __aeabi_ui2f
                0x000000000800035c                __floatunsisf
                0x0000000008000364                __floatsisf
                0x0000000008000364                __aeabi_i2f
                0x0000000008000380                __aeabi_ul2f
                0x0000000008000380                __floatundisf
                0x0000000008000390                __aeabi_l2f
                0x0000000008000390                __floatdisf
 .text          0x000000000800040c       0xec /Applications/ArmGNUToolchain/11.3.rel1/arm-none-eabi/bin/../lib/gcc/arm-none-eabi/11.3.1/thumb/v7-m/nofp/libgcc.a(_arm_cmpsf2.o)
                0x000000000800040c                __gesf2
                0x000000000800040c                __gtsf2
                0x0000000008000414                __ltsf2
                0x0000000008000414                __lesf2
                0x000000000800041c                __nesf2
                0x000000000800041c                __eqsf2
                0x000000000800041c                __cmpsf2
                0x000000000800047c                __aeabi_cfrcmple
                0x0000000008000484                __aeabi_cfcmpeq
                0x0000000008000484                __aeabi_cfcmple
                0x0000000008000494                __aeabi_fcmpeq
                0x00000000080004a8                __aeabi_fcmplt
                0x00000000080004bc                __aeabi_fcmple
                0x00000000080004d0                __aeabi_fcmpge
                0x00000000080004e4                __aeabi_fcmpgt
 .text          0x00000000080004f8       0x4c /Applications/ArmGNUToolchain/11.3.rel1/arm-none-eabi/bin/../lib/gcc/arm-none-eabi/11.3.1/thumb/v7-m/nofp/libgcc.a(_arm_fixsfsi.o)
                0x00000000080004f8                __fixsfsi
                0x00000000080004f8                __aeabi_f2iz
 .text          0x0000000008000544       0x30 /Applications/ArmGNUToolchain/11.3.rel1/arm-none-eabi/bin/../lib/gcc/arm-none-eabi/11.3.1/thumb/v7-m/nofp/libgcc.a(_aeabi_uldivmod.o)
                0x0000000008000544                __aeabi_uldivmod
 .text          0x0000000008000574        0x4 /Applications/ArmGNUToolchain/11.3.rel1/arm-none-eabi/bin/../lib/gcc/arm-none-eabi/11.3.1/thumb/v7-m/nofp/libgcc.a(_dvmd_tls.o)
                0x0000000008000574                __aeabi_ldiv0
                0x0000000008000574                __aeabi_idiv0
 .text          0x0000000008000578      0x378 /Applications/ArmGNUToolchain/11.3.rel1/arm-none-eabi/bin/../lib/gcc/arm-none-eabi/11.3.1/thumb/v7-m/nofp/libgcc.a(_arm_addsubdf3.o)
                0x0000000008000578                __aeabi_drsub
                0x0000000008000580                __subdf3
                0x0000000008000580                __aeabi_dsub
                0x0000000008000584                __aeabi_dadd
                0x0000000008000584                __adddf3
                0x00000000080007fc                __aeabi_ui2d
                0x00000000080007fc                __floatunsidf
                0x000000000800081c                __floatsidf
                0x000000000800081c                __aeabi_i2d
                0x0000000008000840                __extendsfdf2
                0x0000000008000840                __aeabi_f2d
                0x0000000008000884                __aeabi_ul2d
                0x0000000008000884                __floatundidf
                0x0000000008000894                __aeabi_l2d
                0x0000000008000894                __floatdidf
 .text          0x00000000080008f0      0x424 /Applications/ArmGNUToolchain/11.3.rel1/arm-none-eabi/bin/../lib/gcc/arm-none-eabi/11.3.1/thumb/v7-m/nofp/libgcc.a(_arm_muldivdf3.o)
                0x00000000080008f0                __aeabi_dmul
                0x00000000080008f0                __muldf3
                0x0000000008000b44                __aeabi_ddiv
                0x0000000008000b44                __divdf3
 .text          0x0000000008000d14      0x2a0 /Applications/ArmGNUToolchain/11.3.rel1/arm-none-eabi/bin/../lib/gcc/arm-none-eabi/11.3.1/thumb/v7-m/nofp/libgcc.a(_arm_muldivsf3.o)
                0x0000000008000d14                __mulsf3
                0x0000000008000d14                __aeabi_fmul
                0x0000000008000e7c                __divsf3
                0x0000000008000e7c                __aeabi_fdiv
 .text          0x0000000008000fb4       0x40 /Applications/ArmGNUToolchain/11.3.rel1/arm-none-eabi/bin/../lib/gcc/arm-none-eabi/11.3.1/thumb/v7-m/nofp/libgcc.a(_arm_fixunssfsi.o)
                0x0000000008000fb4                __aeabi_f2uiz
                0x0000000008000fb4                __fixunssfsi
 *(.text*)
 .text.Reset_Handler
                0x0000000008000ff4       0x4c build_gd32/startup_gd32f10x_hd.o
                0x0000000008000ff4                Reset_Handler
 .text.Default_Handler
                0x0000000008001040        0x2 build_gd32/startup_gd32f10x_hd.o
                0x0000000008001040                DMA0_Channel4_IRQHandler
                0x0000000008001040                EXTI2_IRQHandler
                0x0000000008001040                TIMER5_IRQHandler
                0x0000000008001040                DebugMon_Handler
                0x0000000008001040                LVD_IRQHandler
                0x0000000008001040                TIMER0_BRK_IRQHandler
                0x0000000008001040                HardFault_Handler
                0x0000000008001040                ADC0_1_IRQHandler
                0x0000000008001040                TIMER0_UP_IRQHandler
                0x0000000008001040                SDIO_IRQHandler
                0x0000000008001040                PendSV_Handler
                0x0000000008001040                NMI_Handler
                0x0000000008001040                EXTI3_IRQHandler
                0x0000000008001040                DMA0_Channel6_IRQHandler
                0x0000000008001040                I2C0_EV_IRQHandler
                0x0000000008001040                EXTI0_IRQHandler
                0x0000000008001040                UsageFault_Handler
                0x0000000008001040                TIMER4_IRQHandler
                0x0000000008001040                SPI1_IRQHandler
                0x0000000008001040                DMA0_Channel0_IRQHandler
                0x0000000008001040                TAMPER_IRQHandler
                0x0000000008001040                DMA1_Channel0_IRQHandler
                0x0000000008001040                DMA0_Channel3_IRQHandler
                0x0000000008001040                I2C0_ER_IRQHandler
                0x0000000008001040                RTC_IRQHandler
                0x0000000008001040                TIMER7_UP_IRQHandler
                0x0000000008001040                DMA0_Channel2_IRQHandler
                0x0000000008001040                USART0_IRQHandler
                0x0000000008001040                TIMER7_TRG_CMT_IRQHandler
                0x0000000008001040                TIMER0_TRG_CMT_IRQHandler
                0x0000000008001040                I2C1_EV_IRQHandler
                0x0000000008001040                UART4_IRQHandler
                0x0000000008001040                EXTI10_15_IRQHandler
                0x0000000008001040                DMA1_Channel1_IRQHandler
                0x0000000008001040                Default_Handler
                0x0000000008001040                WWDGT_IRQHandler
                0x0000000008001040                EXMC_IRQHandler
                0x0000000008001040                ADC2_IRQHandler
                0x0000000008001040                SPI2_IRQHandler
                0x0000000008001040                MemManage_Handler
                0x0000000008001040                USBD_WKUP_IRQHandler
                0x0000000008001040                SVC_Handler
                0x0000000008001040                TIMER7_BRK_IRQHandler
                0x0000000008001040                EXTI4_IRQHandler
                0x0000000008001040                USBD_HP_CAN0_TX_IRQHandler
                0x0000000008001040                CAN0_RX1_IRQHandler
                0x0000000008001040                DMA0_Channel5_IRQHandler
                0x0000000008001040                EXTI5_9_IRQHandler
                0x0000000008001040                RCU_IRQHandler
                0x0000000008001040                DMA0_Channel1_IRQHandler
                0x0000000008001040                TIMER0_Channel_IRQHandler
                0x0000000008001040                EXTI1_IRQHandler
                0x0000000008001040                SPI0_IRQHandler
                0x0000000008001040                DMA1_Channel3_4_IRQHandler
                0x0000000008001040                CAN0_EWMC_IRQHandler
                0x0000000008001040                DMA1_Channel2_IRQHandler
                0x0000000008001040                USBD_LP_CAN0_RX0_IRQHandler
                0x0000000008001040                BusFault_Handler
                0x0000000008001040                USART1_IRQHandler
                0x0000000008001040                UART3_IRQHandler
                0x0000000008001040                I2C1_ER_IRQHandler
                0x0000000008001040                FMC_IRQHandler
                0x0000000008001040                RTC_Alarm_IRQHandler
 .text._ZN15FactoryDefaultsD2Ev
                0x0000000008001042        0x2 build_gd32/firmware/main.o
                0x0000000008001042                FactoryDefaults::~FactoryDefaults()
                0x0000000008001042                FactoryDefaults::~FactoryDefaults()
 .text._ZN17PixelDmxStartStopD2Ev
                0x0000000008001044        0x2 build_gd32/firmware/main.o
                0x0000000008001044                PixelDmxStartStop::~PixelDmxStartStop()
                0x0000000008001044                PixelDmxStartStop::~PixelDmxStartStop()
 *fill*         0x0000000008001046        0x2 
 .text._ZN17PixelDmxStartStop5StartEv
                0x0000000008001048        0xc build_gd32/firmware/main.o
                0x0000000008001048                PixelDmxStartStop::Start()
 .text._ZN17PixelDmxStartStop4StopEv
                0x0000000008001054        0xc build_gd32/firmware/main.o
                0x0000000008001054                PixelDmxStartStop::Stop()
 .text._ZN15FactoryDefaultsD0Ev
                0x0000000008001060        0xc build_gd32/firmware/main.o
                0x0000000008001060                FactoryDefaults::~FactoryDefaults()
 .text._ZN17PixelDmxStartStopD0Ev
                0x000000000800106c        0xc build_gd32/firmware/main.o
                0x000000000800106c                PixelDmxStartStop::~PixelDmxStartStop()
 .text._ZN12RDMResponder17PersonalityUpdateEP8LightSet
                0x0000000008001078       0x34 build_gd32/firmware/main.o
                0x0000000008001078                RDMResponder::PersonalityUpdate(LightSet*)
 .text._ZN15FactoryDefaults3SetEv
                0x00000000080010ac       0x10 build_gd32/firmware/main.o
                0x00000000080010ac                FactoryDefaults::Set()
 .text._ZN12RDMResponder21DmxStartAddressUpdateEv
                0x00000000080010bc       0x16 build_gd32/firmware/main.o
                0x00000000080010bc                RDMResponder::DmxStartAddressUpdate()
 .text._ZN7Display9ClearLineEh.isra.0
                0x00000000080010d2        0xa build_gd32/firmware/main.o
 .text._ZN12RDMResponderD2Ev
                0x00000000080010dc       0x48 build_gd32/firmware/main.o
                0x00000000080010dc                RDMResponder::~RDMResponder()
                0x00000000080010dc                RDMResponder::~RDMResponder()
 .text._ZN12RDMResponderD0Ev
                0x0000000008001124       0x12 build_gd32/firmware/main.o
                0x0000000008001124                RDMResponder::~RDMResponder()
 .text._ZN7Display6PrintfEhPKcz
                0x0000000008001136       0x38 build_gd32/firmware/main.o
                0x0000000008001136                Display::Printf(unsigned char, char const*, ...)
 *fill*         0x000000000800116e        0x2 
 .text._ZN7Display8SetSleepEb
                0x0000000008001170       0x20 build_gd32/firmware/main.o
                0x0000000008001170                Display::SetSleep(bool)
 .text._ZN14RDMPersonalityC2EPKcP8LightSet
                0x0000000008001190       0x46 build_gd32/firmware/main.o
                0x0000000008001190                RDMPersonality::RDMPersonality(char const*, LightSet*)
                0x0000000008001190                RDMPersonality::RDMPersonality(char const*, LightSet*)
 *fill*         0x00000000080011d6        0x2 
 .text._ZN7display7timeout9gpio_initEv
                0x00000000080011d8       0x20 build_gd32/firmware/main.o
                0x00000000080011d8                display::timeout::gpio_init()
 .text._ZN7display7timeout10gpio_renewEv
                0x00000000080011f8       0x14 build_gd32/firmware/main.o
                0x00000000080011f8                display::timeout::gpio_renew()
 .text._Z14is_config_modev
                0x000000000800120c       0x2c build_gd32/firmware/main.o
                0x000000000800120c                is_config_mode()
 .text._ZN8Hardware13RebootHandlerEv
                0x0000000008001238        0xc build_gd32/firmware/main.o
                0x0000000008001238                Hardware::RebootHandler()
 .text.startup.main
                0x0000000008001244      0x530 build_gd32/firmware/main.o
                0x0000000008001244                main
 .text._ZN7Display9ClearLineEh.isra.0
                0x0000000008001774        0xa build_gd32/lib/display.o
 .text._ZN7Display10TextStatusEPKc
                0x000000000800177e       0x76 build_gd32/lib/display.o
                0x000000000800177e                Display::TextStatus(char const*)
 .text._ZN17PixelDmxParamsRdm7DisplayEPKh
                0x00000000080017f4       0x9c build_gd32/lib/display.o
                0x00000000080017f4                PixelDmxParamsRdm::Display(unsigned char const*)
 .text._ZN12RDMResponder21DmxStartAddressUpdateEt
                0x0000000008001890        0xc build_gd32/lib/dmxstartaddressupdate.o
                0x0000000008001890                RDMResponder::DmxStartAddressUpdate(unsigned short)
 .text._ZN7Display9ClearLineEh.isra.0
                0x000000000800189c        0xa build_gd32/lib/personalityupdate.o
 *fill*         0x00000000080018a6        0x2 
 .text._ZN12RDMResponder17PersonalityUpdateEj
                0x00000000080018a8       0xe4 build_gd32/lib/personalityupdate.o
                0x00000000080018a8                RDMResponder::PersonalityUpdate(unsigned int)
 .text._ZN16PixelTestPattern10SetPatternEN13pixelpatterns7PatternE
                0x000000000800198c       0xd4 build_gd32/lib/rdm_selftest.o
                0x000000000800198c                PixelTestPattern::SetPattern(pixelpatterns::Pattern)
 .text._ZN3rdm8selftest3GetEv
                0x0000000008001a60        0xc build_gd32/lib/rdm_selftest.o
                0x0000000008001a60                rdm::selftest::Get()
 .text._ZN3rdm8selftest3SetEh
                0x0000000008001a6c       0x68 build_gd32/lib/rdm_selftest.o
                0x0000000008001a6c                rdm::selftest::Set(unsigned char)
 .text._ZN3rdm8selftest14GetDescriptionEhRj
                0x0000000008001ad4       0x20 build_gd32/lib/rdm_selftest.o
                0x0000000008001ad4                rdm::selftest::GetDescription(unsigned char, unsigned int&)
 .text._ZN16PixelTestPattern10SetPatternEN13pixelpatterns7PatternE.isra.0
                0x0000000008001af4       0xd8 build_gd32/lib/rdmidentify.o
 .text._ZN11RDMIdentify2OnEN3rdm8identify4ModeE
                0x0000000008001bcc       0x3c build_gd32/lib/rdmidentify.o
                0x0000000008001bcc                RDMIdentify::On(rdm::identify::Mode)
 .text._ZN11RDMIdentify3OffEN3rdm8identify4ModeE
                0x0000000008001c08       0x38 build_gd32/lib/rdmidentify.o
                0x0000000008001c08                RDMIdentify::Off(rdm::identify::Mode)
 .text._ZN11RDMSlotInfo24GetCategoryTextUndefinedEtRj
                0x0000000008001c40       0x58 build_gd32/lib/rdmslotinfo.o
                0x0000000008001c40                RDMSlotInfo::GetCategoryTextUndefined(unsigned short, unsigned int&)
 .text._ZN18RDMSoftwareVersion10GetVersionEv
                0x0000000008001c98        0x8 build_gd32/lib/rdmsoftwareversion.o
                0x0000000008001c98                RDMSoftwareVersion::GetVersion()
 .text._ZN18RDMSoftwareVersion16GetVersionLengthEv
                0x0000000008001ca0        0x4 build_gd32/lib/rdmsoftwareversion.o
                0x0000000008001ca0                RDMSoftwareVersion::GetVersionLength()
 .text._ZN18RDMSoftwareVersion12GetVersionIdEv
                0x0000000008001ca4        0x8 build_gd32/lib/rdmsoftwareversion.o
                0x0000000008001ca4                RDMSoftwareVersion::GetVersionId()
 .text._itostr  0x0000000008001cac       0x74 ../lib-c/lib_gd32/libc.a(printf.o)
 .text._xputch  0x0000000008001d20       0x2c ../lib-c/lib_gd32/libc.a(printf.o)
 .text._format_int
                0x0000000008001d4c       0xd4 ../lib-c/lib_gd32/libc.a(printf.o)
 .text._format_hex
                0x0000000008001e20       0xba ../lib-c/lib_gd32/libc.a(printf.o)
 *fill*         0x0000000008001eda        0x2 
 .text._vprintf
                0x0000000008001edc      0x3c8 ../lib-c/lib_gd32/libc.a(printf.o)
 .text.printf   0x00000000080022a4       0x1e ../lib-c/lib_gd32/libc.a(printf.o)
                0x00000000080022a4                printf
 *fill*         0x00000000080022c2        0x2 
 .text.snprintf
                0x00000000080022c4       0x30 ../lib-c/lib_gd32/libc.a(printf.o)
                0x00000000080022c4                snprintf
 .text.vsnprintf
                0x00000000080022f4       0x20 ../lib-c/lib_gd32/libc.a(printf.o)
                0x00000000080022f4                vsnprintf
 .text.puts     0x0000000008002314       0x10 ../lib-c/lib_gd32/libc.a(puts.o)
                0x0000000008002314                puts
 .text.__udivmoddi4
                0x0000000008002324      0x2cc /Applications/ArmGNUToolchain/11.3.rel1/arm-none-eabi/bin/../lib/gcc/arm-none-eabi/11.3.1/thumb/v7-m/nofp/libgcc.a(_udivmoddi4.o)
                0x0000000008002324                __udivmoddi4
 .text._ZN11DMXReceiver3RunERs
                0x00000000080025f0       0x9c ../lib-rdmresponder/lib_gd32/librdmresponder.a(rdmresponder.o)
                0x00000000080025f0                DMXReceiver::Run(short&)
 .text._ZN12RDMResponder14HandleResponseEPh
                0x000000000800268c       0x2e ../lib-rdmresponder/lib_gd32/librdmresponder.a(rdmresponder.o)
                0x000000000800268c                RDMResponder::HandleResponse(unsigned char*)
 *fill*         0x00000000080026ba        0x2 
 .text._ZN12RDMResponder3RunEv
                0x00000000080026bc       0x98 ../lib-rdmresponder/lib_gd32/librdmresponder.a(rdmresponder.o)
                0x00000000080026bc                RDMResponder::Run()
 .text._ZN14CpuTemperature10InitializeEv
                0x0000000008002754        0x4 ../lib-rdmsensor/lib_gd32/librdmsensor.a(rdmsensors.o)
                0x0000000008002754                CpuTemperature::Initialize()
 .text._ZN14CpuTemperatureD2Ev
                0x0000000008002758        0x2 ../lib-rdmsensor/lib_gd32/librdmsensor.a(rdmsensors.o)
                0x0000000008002758                CpuTemperature::~CpuTemperature()
                0x0000000008002758                CpuTemperature::~CpuTemperature()
 .text._ZN14CpuTemperature8GetValueEv
                0x000000000800275a        0xe ../lib-rdmsensor/lib_gd32/librdmsensor.a(rdmsensors.o)
                0x000000000800275a                CpuTemperature::GetValue()
 .text._ZN14CpuTemperatureD0Ev
                0x0000000008002768        0xc ../lib-rdmsensor/lib_gd32/librdmsensor.a(rdmsensors.o)
                0x0000000008002768                CpuTemperature::~CpuTemperature()
 .text._ZN10RDMSensorsC2Ev
                0x0000000008002774       0x5c ../lib-rdmsensor/lib_gd32/librdmsensor.a(rdmsensors.o)
                0x0000000008002774                RDMSensors::RDMSensors()
                0x0000000008002774                RDMSensors::RDMSensors()
 .text._ZN10RDMSensorsD2Ev
                0x00000000080027d0       0x30 ../lib-rdmsensor/lib_gd32/librdmsensor.a(rdmsensors.o)
                0x00000000080027d0                RDMSensors::~RDMSensors()
                0x00000000080027d0                RDMSensors::~RDMSensors()
 .text._ZN10RDMSensors12GetDefintionEh
                0x0000000008002800        0xa ../lib-rdmsensor/lib_gd32/librdmsensor.a(rdmsensors.o)
                0x0000000008002800                RDMSensors::GetDefintion(unsigned char)
 .text._ZN10RDMSensors9GetValuesEh
                0x000000000800280a        0xa ../lib-rdmsensor/lib_gd32/librdmsensor.a(rdmsensors.o)
                0x000000000800280a                RDMSensors::GetValues(unsigned char)
 .text._ZN10RDMSensors9SetValuesEh
                0x0000000008002814       0x2e ../lib-rdmsensor/lib_gd32/librdmsensor.a(rdmsensors.o)
                0x0000000008002814                RDMSensors::SetValues(unsigned char)
 .text._ZN10RDMSensors9SetRecordEh
                0x0000000008002842       0x2e ../lib-rdmsensor/lib_gd32/librdmsensor.a(rdmsensors.o)
                0x0000000008002842                RDMSensors::SetRecord(unsigned char)
 .text._ZN10RDMSensors3AddEP9RDMSensor
                0x0000000008002870       0x1e ../lib-rdmsensor/lib_gd32/librdmsensor.a(rdmsensorsadd.o)
                0x0000000008002870                RDMSensors::Add(RDMSensor*)
 .text._ZN14RDMSensorBH17010InitializeEv
                0x000000000800288e        0x6 ../lib-rdmsensor/lib_gd32/librdmsensor.a(rdmsensorsparams.o)
                0x000000000800288e                RDMSensorBH170::Initialize()
 .text._ZN16RDMSensorMCP980810InitializeEv
                0x0000000008002894        0x6 ../lib-rdmsensor/lib_gd32/librdmsensor.a(rdmsensorsparams.o)
                0x0000000008002894                RDMSensorMCP9808::Initialize()
 .text._ZN23RDMSensorHTU21DHumidity10InitializeEv
                0x000000000800289a        0x6 ../lib-rdmsensor/lib_gd32/librdmsensor.a(rdmsensorsparams.o)
                0x000000000800289a                RDMSensorHTU21DHumidity::Initialize()
 .text._ZN26RDMSensorHTU21DTemperature10InitializeEv
                0x00000000080028a0        0x6 ../lib-rdmsensor/lib_gd32/librdmsensor.a(rdmsensorsparams.o)
                0x00000000080028a0                RDMSensorHTU21DTemperature::Initialize()
 .text._ZN22RDMSensorINA219Current10InitializeEv
                0x00000000080028a6        0x6 ../lib-rdmsensor/lib_gd32/librdmsensor.a(rdmsensorsparams.o)
                0x00000000080028a6                RDMSensorINA219Current::Initialize()
 .text._ZN20RDMSensorINA219Power10InitializeEv
                0x00000000080028ac        0x6 ../lib-rdmsensor/lib_gd32/librdmsensor.a(rdmsensorsparams.o)
                0x00000000080028ac                RDMSensorINA219Power::Initialize()
 .text._ZN22RDMSensorINA219Voltage10InitializeEv
                0x00000000080028b2        0x6 ../lib-rdmsensor/lib_gd32/librdmsensor.a(rdmsensorsparams.o)
                0x00000000080028b2                RDMSensorINA219Voltage::Initialize()
 .text._ZN23RDMSensorSI7021Humidity10InitializeEv
                0x00000000080028b8        0x6 ../lib-rdmsensor/lib_gd32/librdmsensor.a(rdmsensorsparams.o)
                0x00000000080028b8                RDMSensorSI7021Humidity::Initialize()
 .text._ZN26RDMSensorSI7021Temperature10InitializeEv
                0x00000000080028be        0x6 ../lib-rdmsensor/lib_gd32/librdmsensor.a(rdmsensorsparams.o)
                0x00000000080028be                RDMSensorSI7021Temperature::Initialize()
 .text._ZN26RDMSensorSI7021Temperature8GetValueEv
                0x00000000080028c4       0x10 ../lib-rdmsensor/lib_gd32/librdmsensor.a(rdmsensorsparams.o)
                0x00000000080028c4                RDMSensorSI7021Temperature::GetValue()
 .text._ZN23RDMSensorSI7021Humidity8GetValueEv
                0x00000000080028d4       0x10 ../lib-rdmsensor/lib_gd32/librdmsensor.a(rdmsensorsparams.o)
                0x00000000080028d4                RDMSensorSI7021Humidity::GetValue()
 .text._ZN22RDMSensorINA219Voltage8GetValueEv
                0x00000000080028e4       0x1c ../lib-rdmsensor/lib_gd32/librdmsensor.a(rdmsensorsparams.o)
                0x00000000080028e4                RDMSensorINA219Voltage::GetValue()
 .text._ZN20RDMSensorINA219Power8GetValueEv
                0x0000000008002900       0x10 ../lib-rdmsensor/lib_gd32/librdmsensor.a(rdmsensorsparams.o)
                0x0000000008002900                RDMSensorINA219Power::GetValue()
 .text._ZN22RDMSensorINA219Current8GetValueEv
                0x0000000008002910       0x1c ../lib-rdmsensor/lib_gd32/librdmsensor.a(rdmsensorsparams.o)
                0x0000000008002910                RDMSensorINA219Current::GetValue()
 .text._ZN26RDMSensorHTU21DTemperature8GetValueEv
                0x000000000800292c       0x10 ../lib-rdmsensor/lib_gd32/librdmsensor.a(rdmsensorsparams.o)
                0x000000000800292c                RDMSensorHTU21DTemperature::GetValue()
 .text._ZN23RDMSensorHTU21DHumidity8GetValueEv
                0x000000000800293c       0x10 ../lib-rdmsensor/lib_gd32/librdmsensor.a(rdmsensorsparams.o)
                0x000000000800293c                RDMSensorHTU21DHumidity::GetValue()
 .text._ZN16RDMSensorMCP98088GetValueEv
                0x000000000800294c       0x10 ../lib-rdmsensor/lib_gd32/librdmsensor.a(rdmsensorsparams.o)
                0x000000000800294c                RDMSensorMCP9808::GetValue()
 .text._ZN14RDMSensorBH1708GetValueEv
                0x000000000800295c        0xe ../lib-rdmsensor/lib_gd32/librdmsensor.a(rdmsensorsparams.o)
                0x000000000800295c                RDMSensorBH170::GetValue()
 .text._ZN26RDMSensorSI7021TemperatureD2Ev
                0x000000000800296a        0x2 ../lib-rdmsensor/lib_gd32/librdmsensor.a(rdmsensorsparams.o)
                0x000000000800296a                RDMSensorSI7021Temperature::~RDMSensorSI7021Temperature()
                0x000000000800296a                RDMSensorSI7021Temperature::~RDMSensorSI7021Temperature()
 .text._ZN26RDMSensorSI7021TemperatureD0Ev
                0x000000000800296c        0xc ../lib-rdmsensor/lib_gd32/librdmsensor.a(rdmsensorsparams.o)
                0x000000000800296c                RDMSensorSI7021Temperature::~RDMSensorSI7021Temperature()
 .text._ZN23RDMSensorSI7021HumidityD2Ev
                0x0000000008002978        0x2 ../lib-rdmsensor/lib_gd32/librdmsensor.a(rdmsensorsparams.o)
                0x0000000008002978                RDMSensorSI7021Humidity::~RDMSensorSI7021Humidity()
                0x0000000008002978                RDMSensorSI7021Humidity::~RDMSensorSI7021Humidity()
 .text._ZN23RDMSensorSI7021HumidityD0Ev
                0x000000000800297a        0xc ../lib-rdmsensor/lib_gd32/librdmsensor.a(rdmsensorsparams.o)
                0x000000000800297a                RDMSensorSI7021Humidity::~RDMSensorSI7021Humidity()
 .text._ZN22RDMSensorINA219VoltageD2Ev
                0x0000000008002986        0x2 ../lib-rdmsensor/lib_gd32/librdmsensor.a(rdmsensorsparams.o)
                0x0000000008002986                RDMSensorINA219Voltage::~RDMSensorINA219Voltage()
                0x0000000008002986                RDMSensorINA219Voltage::~RDMSensorINA219Voltage()
 .text._ZN22RDMSensorINA219VoltageD0Ev
                0x0000000008002988        0xc ../lib-rdmsensor/lib_gd32/librdmsensor.a(rdmsensorsparams.o)
                0x0000000008002988                RDMSensorINA219Voltage::~RDMSensorINA219Voltage()
 .text._ZN20RDMSensorINA219PowerD2Ev
                0x0000000008002994        0x2 ../lib-rdmsensor/lib_gd32/librdmsensor.a(rdmsensorsparams.o)
                0x0000000008002994                RDMSensorINA219Power::~RDMSensorINA219Power()
                0x0000000008002994                RDMSensorINA219Power::~RDMSensorINA219Power()
 .text._ZN20RDMSensorINA219PowerD0Ev
                0x0000000008002996        0xc ../lib-rdmsensor/lib_gd32/librdmsensor.a(rdmsensorsparams.o)
                0x0000000008002996                RDMSensorINA219Power::~RDMSensorINA219Power()
 .text._ZN22RDMSensorINA219CurrentD2Ev
                0x00000000080029a2        0x2 ../lib-rdmsensor/lib_gd32/librdmsensor.a(rdmsensorsparams.o)
                0x00000000080029a2                RDMSensorINA219Current::~RDMSensorINA219Current()
                0x00000000080029a2                RDMSensorINA219Current::~RDMSensorINA219Current()
 .text._ZN22RDMSensorINA219CurrentD0Ev
                0x00000000080029a4        0xc ../lib-rdmsensor/lib_gd32/librdmsensor.a(rdmsensorsparams.o)
                0x00000000080029a4                RDMSensorINA219Current::~RDMSensorINA219Current()
 .text._ZN26RDMSensorHTU21DTemperatureD2Ev
                0x00000000080029b0        0x2 ../lib-rdmsensor/lib_gd32/librdmsensor.a(rdmsensorsparams.o)
                0x00000000080029b0                RDMSensorHTU21DTemperature::~RDMSensorHTU21DTemperature()
                0x00000000080029b0                RDMSensorHTU21DTemperature::~RDMSensorHTU21DTemperature()
 .text._ZN26RDMSensorHTU21DTemperatureD0Ev
                0x00000000080029b2        0xc ../lib-rdmsensor/lib_gd32/librdmsensor.a(rdmsensorsparams.o)
                0x00000000080029b2                RDMSensorHTU21DTemperature::~RDMSensorHTU21DTemperature()
 .text._ZN23RDMSensorHTU21DHumidityD2Ev
                0x00000000080029be        0x2 ../lib-rdmsensor/lib_gd32/librdmsensor.a(rdmsensorsparams.o)
                0x00000000080029be                RDMSensorHTU21DHumidity::~RDMSensorHTU21DHumidity()
                0x00000000080029be                RDMSensorHTU21DHumidity::~RDMSensorHTU21DHumidity()
 .text._ZN23RDMSensorHTU21DHumidityD0Ev
                0x00000000080029c0        0xc ../lib-rdmsensor/lib_gd32/librdmsensor.a(rdmsensorsparams.o)
                0x00000000080029c0                RDMSensorHTU21DHumidity::~RDMSensorHTU21DHumidity()
 .text._ZN16RDMSensorMCP9808D2Ev
                0x00000000080029cc        0x2 ../lib-rdmsensor/lib_gd32/librdmsensor.a(rdmsensorsparams.o)
                0x00000000080029cc                RDMSensorMCP9808::~RDMSensorMCP9808()
                0x00000000080029cc                RDMSensorMCP9808::~RDMSensorMCP9808()
 .text._ZN16RDMSensorMCP9808D0Ev
                0x00000000080029ce        0xc ../lib-rdmsensor/lib_gd32/librdmsensor.a(rdmsensorsparams.o)
                0x00000000080029ce                RDMSensorMCP9808::~RDMSensorMCP9808()
 .text._ZN14RDMSensorBH170D2Ev
                0x00000000080029da        0x2 ../lib-rdmsensor/lib_gd32/librdmsensor.a(rdmsensorsparams.o)
                0x00000000080029da                RDMSensorBH170::~RDMSensorBH170()
                0x00000000080029da                RDMSensorBH170::~RDMSensorBH170()
 .text._ZN14RDMSensorBH170D0Ev
                0x00000000080029dc        0xc ../lib-rdmsensor/lib_gd32/librdmsensor.a(rdmsensorsparams.o)
                0x00000000080029dc                RDMSensorBH170::~RDMSensorBH170()
 .text._ZN16RDMSensorsParamsC2EP21RDMSensorsParamsStore
                0x00000000080029e8        0x4 ../lib-rdmsensor/lib_gd32/librdmsensor.a(rdmsensorsparams.o)
                0x00000000080029e8                RDMSensorsParams::RDMSensorsParams(RDMSensorsParamsStore*)
                0x00000000080029e8                RDMSensorsParams::RDMSensorsParams(RDMSensorsParamsStore*)
 .text._ZN16RDMSensorsParams4LoadEv
                0x00000000080029ec       0x18 ../lib-rdmsensor/lib_gd32/librdmsensor.a(rdmsensorsparams.o)
                0x00000000080029ec                RDMSensorsParams::Load()
 .text._ZN16RDMSensorsParams4DumpEv
                0x0000000008002a04        0x2 ../lib-rdmsensor/lib_gd32/librdmsensor.a(rdmsensorsparams.o)
                0x0000000008002a04                RDMSensorsParams::Dump()
 *fill*         0x0000000008002a06        0x2 
 .text._ZN16RDMSensorsParams3AddEP9RDMSensor
                0x0000000008002a08       0x2c ../lib-rdmsensor/lib_gd32/librdmsensor.a(rdmsensorsparams.o)
                0x0000000008002a08                RDMSensorsParams::Add(RDMSensor*)
 .text._ZN16RDMSensorsParams3SetEv
                0x0000000008002a34      0x2f4 ../lib-rdmsensor/lib_gd32/librdmsensor.a(rdmsensorsparams.o)
                0x0000000008002a34                RDMSensorsParams::Set()
 .text._ZN9RDMSensorC2Eh
                0x0000000008002d28       0x24 ../lib-rdmsensor/lib_gd32/librdmsensor.a(rdmsensor.o)
                0x0000000008002d28                RDMSensor::RDMSensor(unsigned char)
                0x0000000008002d28                RDMSensor::RDMSensor(unsigned char)
 .text._ZN9RDMSensor14SetDescriptionEPKc
                0x0000000008002d4c       0x1c ../lib-rdmsensor/lib_gd32/librdmsensor.a(rdmsensor.o)
                0x0000000008002d4c                RDMSensor::SetDescription(char const*)
 .text._ZN9RDMSensor9GetValuesEv
                0x0000000008002d68       0x2a ../lib-rdmsensor/lib_gd32/librdmsensor.a(rdmsensor.o)
                0x0000000008002d68                RDMSensor::GetValues()
 .text._ZN9RDMSensor9SetValuesEv
                0x0000000008002d92       0x14 ../lib-rdmsensor/lib_gd32/librdmsensor.a(rdmsensor.o)
                0x0000000008002d92                RDMSensor::SetValues()
 .text._ZN9RDMSensor6RecordEv
                0x0000000008002da6       0x28 ../lib-rdmsensor/lib_gd32/librdmsensor.a(rdmsensor.o)
                0x0000000008002da6                RDMSensor::Record()
 .text._ZN7HAL_I2C5WriteEc
                0x0000000008002dce       0x22 ../lib-device/lib_gd32/libdevice.a(bh1750.o)
                0x0000000008002dce                HAL_I2C::Write(char)
 .text._ZN6sensor5BH170C2Eh
                0x0000000008002df0       0x68 ../lib-device/lib_gd32/libdevice.a(bh1750.o)
                0x0000000008002df0                sensor::BH170::BH170(unsigned char)
                0x0000000008002df0                sensor::BH170::BH170(unsigned char)
 .text._ZN6sensor5BH1703GetEv
                0x0000000008002e58       0x40 ../lib-device/lib_gd32/libdevice.a(bh1750.o)
                0x0000000008002e58                sensor::BH170::Get()
 .text._ZN6sensor6HTU21DC2Eh
                0x0000000008002e98       0x54 ../lib-device/lib_gd32/libdevice.a(htu21d.o)
                0x0000000008002e98                sensor::HTU21D::HTU21D(unsigned char)
                0x0000000008002e98                sensor::HTU21D::HTU21D(unsigned char)
 .text._ZN6sensor6HTU21D7ReadRawEh
                0x0000000008002eec       0x70 ../lib-device/lib_gd32/libdevice.a(htu21d.o)
                0x0000000008002eec                sensor::HTU21D::ReadRaw(unsigned char)
 .text._ZN6sensor6HTU21D14GetTemperatureEv
                0x0000000008002f5c       0x2c ../lib-device/lib_gd32/libdevice.a(htu21d.o)
                0x0000000008002f5c                sensor::HTU21D::GetTemperature()
 .text._ZN6sensor6HTU21D11GetHumidityEv
                0x0000000008002f88       0x2c ../lib-device/lib_gd32/libdevice.a(htu21d.o)
                0x0000000008002f88                sensor::HTU21D::GetHumidity()
 .text._ZN7HAL_I2C13WriteRegisterEht
                0x0000000008002fb4       0x2a ../lib-device/lib_gd32/libdevice.a(ina219.o)
                0x0000000008002fb4                HAL_I2C::WriteRegister(unsigned char, unsigned short)
 .text._ZN7HAL_I2C21ReadRegister16DelayUsEhj
                0x0000000008002fde       0x40 ../lib-device/lib_gd32/libdevice.a(ina219.o)
                0x0000000008002fde                HAL_I2C::ReadRegister16DelayUs(unsigned char, unsigned int)
 *fill*         0x000000000800301e        0x2 
 .text._ZN6sensor6INA2199ConfigureERNS_6ina2196ConfigE
                0x0000000008003020       0x6c ../lib-device/lib_gd32/libdevice.a(ina219.o)
                0x0000000008003020                sensor::INA219::Configure(sensor::ina219::Config&)
 .text._ZN6sensor6INA2199CalibrateEff
                0x000000000800308c       0x98 ../lib-device/lib_gd32/libdevice.a(ina219.o)
                0x000000000800308c                sensor::INA219::Calibrate(float, float)
 .text._ZN6sensor6INA219C2Eh
                0x0000000008003124       0x80 ../lib-device/lib_gd32/libdevice.a(ina219.o)
                0x0000000008003124                sensor::INA219::INA219(unsigned char)
                0x0000000008003124                sensor::INA219::INA219(unsigned char)
 .text._ZN6sensor6INA21915GetShuntCurrentEv
                0x00000000080031a4       0x1a ../lib-device/lib_gd32/libdevice.a(ina219.o)
                0x00000000080031a4                sensor::INA219::GetShuntCurrent()
 .text._ZN6sensor6INA21916GetBusVoltageRawEv
                0x00000000080031be       0x16 ../lib-device/lib_gd32/libdevice.a(ina219.o)
                0x00000000080031be                sensor::INA219::GetBusVoltageRaw()
 .text._ZN6sensor6INA21913GetBusVoltageEv
                0x00000000080031d4       0x18 ../lib-device/lib_gd32/libdevice.a(ina219.o)
                0x00000000080031d4                sensor::INA219::GetBusVoltage()
 .text._ZN6sensor6INA21911GetBusPowerEv
                0x00000000080031ec       0x1a ../lib-device/lib_gd32/libdevice.a(ina219.o)
                0x00000000080031ec                sensor::INA219::GetBusPower()
 .text._ZN7HAL_I2C14ReadRegister16Eh
                0x0000000008003206       0x42 ../lib-device/lib_gd32/libdevice.a(mcp9808.o)
                0x0000000008003206                HAL_I2C::ReadRegister16(unsigned char)
 .text._ZN6sensor7MCP9808C2Eh
                0x0000000008003248       0x7c ../lib-device/lib_gd32/libdevice.a(mcp9808.o)
                0x0000000008003248                sensor::MCP9808::MCP9808(unsigned char)
                0x0000000008003248                sensor::MCP9808::MCP9808(unsigned char)
 .text._ZN6sensor7MCP98083GetEv
                0x00000000080032c4       0x2e ../lib-device/lib_gd32/libdevice.a(mcp9808.o)
                0x00000000080032c4                sensor::MCP9808::Get()
 *fill*         0x00000000080032f2        0x2 
 .text._ZN6sensor6SI7021C2Eh
                0x00000000080032f4       0x54 ../lib-device/lib_gd32/libdevice.a(si7021.o)
                0x00000000080032f4                sensor::SI7021::SI7021(unsigned char)
                0x00000000080032f4                sensor::SI7021::SI7021(unsigned char)
 .text._ZN6sensor6SI70217ReadRawEh
                0x0000000008003348       0x70 ../lib-device/lib_gd32/libdevice.a(si7021.o)
                0x0000000008003348                sensor::SI7021::ReadRaw(unsigned char)
 .text._ZN6sensor6SI702114GetTemperatureEv
                0x00000000080033b8       0x2c ../lib-device/lib_gd32/libdevice.a(si7021.o)
                0x00000000080033b8                sensor::SI7021::GetTemperature()
 .text._ZN6sensor6SI702111GetHumidityEv
                0x00000000080033e4       0x2c ../lib-device/lib_gd32/libdevice.a(si7021.o)
                0x00000000080033e4                sensor::SI7021::GetHumidity()
 .text._ZN13RDMSubDevicesC2Ev
                0x0000000008003410       0x10 ../lib-rdmsubdevice/lib_gd32/librdmsubdevice.a(rdmsubdevices.o)
                0x0000000008003410                RDMSubDevices::RDMSubDevices()
                0x0000000008003410                RDMSubDevices::RDMSubDevices()
 .text._ZN13RDMSubDevicesD2Ev
                0x0000000008003420       0x30 ../lib-rdmsubdevice/lib_gd32/librdmsubdevice.a(rdmsubdevices.o)
                0x0000000008003420                RDMSubDevices::~RDMSubDevices()
                0x0000000008003420                RDMSubDevices::~RDMSubDevices()
 .text._ZN13RDMSubDevices7GetInfoEt
                0x0000000008003450       0x10 ../lib-rdmsubdevice/lib_gd32/librdmsubdevice.a(rdmsubdevices.o)
                0x0000000008003450                RDMSubDevices::GetInfo(unsigned short)
 .text._ZN13RDMSubDevices8GetLabelEtP18TRDMDeviceInfoData
                0x0000000008003460       0x12 ../lib-rdmsubdevice/lib_gd32/librdmsubdevice.a(rdmsubdevices.o)
                0x0000000008003460                RDMSubDevices::GetLabel(unsigned short, TRDMDeviceInfoData*)
 .text._ZN13RDMSubDevices8SetLabelEtPKch
                0x0000000008003472       0x1a ../lib-rdmsubdevice/lib_gd32/librdmsubdevice.a(rdmsubdevices.o)
                0x0000000008003472                RDMSubDevices::SetLabel(unsigned short, char const*, unsigned char)
 .text._ZN13RDMSubDevices18GetDmxStartAddressEt
                0x000000000800348c       0x10 ../lib-rdmsubdevice/lib_gd32/librdmsubdevice.a(rdmsubdevices.o)
                0x000000000800348c                RDMSubDevices::GetDmxStartAddress(unsigned short)
 .text._ZN13RDMSubDevices18SetDmxStartAddressEtt
                0x000000000800349c       0x12 ../lib-rdmsubdevice/lib_gd32/librdmsubdevice.a(rdmsubdevices.o)
                0x000000000800349c                RDMSubDevices::SetDmxStartAddress(unsigned short, unsigned short)
 .text._ZN13RDMSubDevices15GetDmxFootPrintEt
                0x00000000080034ae       0x10 ../lib-rdmsubdevice/lib_gd32/librdmsubdevice.a(rdmsubdevices.o)
                0x00000000080034ae                RDMSubDevices::GetDmxFootPrint(unsigned short)
 .text._ZN13RDMSubDevices21GetPersonalityCurrentEt
                0x00000000080034be       0x10 ../lib-rdmsubdevice/lib_gd32/librdmsubdevice.a(rdmsubdevices.o)
                0x00000000080034be                RDMSubDevices::GetPersonalityCurrent(unsigned short)
 .text._ZN13RDMSubDevices21SetPersonalityCurrentEth
                0x00000000080034ce       0x12 ../lib-rdmsubdevice/lib_gd32/librdmsubdevice.a(rdmsubdevices.o)
                0x00000000080034ce                RDMSubDevices::SetPersonalityCurrent(unsigned short, unsigned char)
 .text._ZN13RDMSubDevices19GetPersonalityCountEt
                0x00000000080034e0       0x10 ../lib-rdmsubdevice/lib_gd32/librdmsubdevice.a(rdmsubdevices.o)
                0x00000000080034e0                RDMSubDevices::GetPersonalityCount(unsigned short)
 .text._ZN13RDMSubDevices14GetPersonalityEth
                0x00000000080034f0       0x12 ../lib-rdmsubdevice/lib_gd32/librdmsubdevice.a(rdmsubdevices.o)
                0x00000000080034f0                RDMSubDevices::GetPersonality(unsigned short, unsigned char)
 .text._ZN13RDMSubDevices5StartEv
                0x0000000008003502       0x20 ../lib-rdmsubdevice/lib_gd32/librdmsubdevice.a(rdmsubdevices.o)
                0x0000000008003502                RDMSubDevices::Start()
 .text._ZN13RDMSubDevices4StopEv
                0x0000000008003522       0x20 ../lib-rdmsubdevice/lib_gd32/librdmsubdevice.a(rdmsubdevices.o)
                0x0000000008003522                RDMSubDevices::Stop()
 .text._ZN13RDMSubDevices7SetDataEPKhj
                0x0000000008003542       0x36 ../lib-rdmsubdevice/lib_gd32/librdmsubdevice.a(rdmsubdevices.o)
                0x0000000008003542                RDMSubDevices::SetData(unsigned char const*, unsigned int)
 .text._ZN13RDMSubDevices18GetFactoryDefaultsEv
                0x0000000008003578       0x26 ../lib-rdmsubdevice/lib_gd32/librdmsubdevice.a(rdmsubdevices.o)
                0x0000000008003578                RDMSubDevices::GetFactoryDefaults()
 .text._ZN13RDMSubDevices18SetFactoryDefaultsEv
                0x000000000800359e       0x1e ../lib-rdmsubdevice/lib_gd32/librdmsubdevice.a(rdmsubdevices.o)
                0x000000000800359e                RDMSubDevices::SetFactoryDefaults()
 .text._ZN19RDMSubDevicesParamsC2EP24RDMSubDevicesParamsStore
                0x00000000080035bc        0x4 ../lib-rdmsubdevice/lib_gd32/librdmsubdevice.a(rdmsubdevicesparams.o)
                0x00000000080035bc                RDMSubDevicesParams::RDMSubDevicesParams(RDMSubDevicesParamsStore*)
                0x00000000080035bc                RDMSubDevicesParams::RDMSubDevicesParams(RDMSubDevicesParamsStore*)
 .text._ZN19RDMSubDevicesParams4LoadEv
                0x00000000080035c0       0x18 ../lib-rdmsubdevice/lib_gd32/librdmsubdevice.a(rdmsubdevicesparams.o)
                0x00000000080035c0                RDMSubDevicesParams::Load()
 .text._ZN19RDMSubDevicesParams4DumpEv
                0x00000000080035d8        0x2 ../lib-rdmsubdevice/lib_gd32/librdmsubdevice.a(rdmsubdevicesparams.o)
                0x00000000080035d8                RDMSubDevicesParams::Dump()
 .text._ZN19RDMSubDevicesParams3SetEv
                0x00000000080035da        0x2 ../lib-rdmsubdevice/lib_gd32/librdmsubdevice.a(rdmsubdevicesparams.o)
                0x00000000080035da                RDMSubDevicesParams::Set()
 .text._ZN12RDMSubDevice18SetDmxStartAddressEt
                0x00000000080035dc        0xa ../lib-rdmsubdevice/lib_gd32/librdmsubdevice.a(rdmsubdevice.o)
                0x00000000080035dc                RDMSubDevice::SetDmxStartAddress(unsigned short)
 .text._ZN12RDMSubDevice14GetPersonalityEh
                0x00000000080035e6        0xe ../lib-rdmsubdevice/lib_gd32/librdmsubdevice.a(rdmsubdevice.o)
                0x00000000080035e6                RDMSubDevice::GetPersonality(unsigned char)
 .text._ZN12RDMSubDevice8GetLabelEP18TRDMDeviceInfoData
                0x00000000080035f4        0xe ../lib-rdmsubdevice/lib_gd32/librdmsubdevice.a(rdmsubdevice.o)
                0x00000000080035f4                RDMSubDevice::GetLabel(TRDMDeviceInfoData*)
 .text._ZN12RDMSubDevice8SetLabelEPKc
                0x0000000008003602       0x1c ../lib-rdmsubdevice/lib_gd32/librdmsubdevice.a(rdmsubdevice.o)
                0x0000000008003602                RDMSubDevice::SetLabel(char const*)
 .text._ZN12RDMSubDevice8SetLabelEPKch
                0x000000000800361e       0x1e ../lib-rdmsubdevice/lib_gd32/librdmsubdevice.a(rdmsubdevice.o)
                0x000000000800361e                RDMSubDevice::SetLabel(char const*, unsigned char)
 .text._ZN12RDMSubDevice21SetPersonalityCurrentEh
                0x000000000800363c        0x4 ../lib-rdmsubdevice/lib_gd32/librdmsubdevice.a(rdmsubdevice.o)
                0x000000000800363c                RDMSubDevice::SetPersonalityCurrent(unsigned char)
 .text._ZN12RDMSubDevice18SetFactoryDefaultsEv
                0x0000000008003640       0x1c ../lib-rdmsubdevice/lib_gd32/librdmsubdevice.a(rdmsubdevice.o)
                0x0000000008003640                RDMSubDevice::SetFactoryDefaults()
 .text._ZN12RDMSubDevice17CalculateChecksumEv
                0x000000000800365c       0x30 ../lib-rdmsubdevice/lib_gd32/librdmsubdevice.a(rdmsubdevice.o)
                0x000000000800365c                RDMSubDevice::CalculateChecksum()
 .text._ZN12RDMSubDevice18GetFactoryDefaultsEv
                0x000000000800368c       0x1a ../lib-rdmsubdevice/lib_gd32/librdmsubdevice.a(rdmsubdevice.o)
                0x000000000800368c                RDMSubDevice::GetFactoryDefaults()
 *fill*         0x00000000080036a6        0x2 
 .text._ZN3Rdm7ReceiveEj
                0x00000000080036a8       0x10 ../lib-dmx/lib_gd32/libdmx.a(rdm.o)
                0x00000000080036a8                Rdm::Receive(unsigned int)
 .text._ZN3Rdm7SendRawEjPKhj
                0x00000000080036b8       0x40 ../lib-dmx/lib_gd32/libdmx.a(rdm.o)
                0x00000000080036b8                Rdm::SendRaw(unsigned int, unsigned char const*, unsigned int)
 .text.USART2_IRQHandler
                0x00000000080036f8      0x258 ../lib-dmx/lib_gd32/libdmx.a(dmx.o)
                0x00000000080036f8                USART2_IRQHandler
 .text.TIMER1_IRQHandler
                0x0000000008003950       0xb8 ../lib-dmx/lib_gd32/libdmx.a(dmx.o)
                0x0000000008003950                TIMER1_IRQHandler
 .text.TIMER2_IRQHandler
                0x0000000008003a08       0x50 ../lib-dmx/lib_gd32/libdmx.a(dmx.o)
                0x0000000008003a08                TIMER2_IRQHandler
 .text.TIMER3_IRQHandler
                0x0000000008003a58       0x20 ../lib-dmx/lib_gd32/libdmx.a(dmx.o)
                0x0000000008003a58                TIMER3_IRQHandler
 .text.TIMER6_IRQHandler
                0x0000000008003a78       0x2c ../lib-dmx/lib_gd32/libdmx.a(dmx.o)
                0x0000000008003a78                TIMER6_IRQHandler
 .text._ZN3Dmx9ClearDataEj
                0x0000000008003aa4       0x30 ../lib-dmx/lib_gd32/libdmx.a(dmx.o)
                0x0000000008003aa4                Dmx::ClearData(unsigned int)
 .text._ZN3Dmx9StartDataEjj
                0x0000000008003ad4      0x154 ../lib-dmx/lib_gd32/libdmx.a(dmx.o)
                0x0000000008003ad4                Dmx::StartData(unsigned int, unsigned int)
 .text._ZN3Dmx8StopDataEjj
                0x0000000008003c28       0x98 ../lib-dmx/lib_gd32/libdmx.a(dmx.o)
                0x0000000008003c28                Dmx::StopData(unsigned int, unsigned int)
 .text._ZN3Dmx16SetPortDirectionEjN3dmx13PortDirectionEb
                0x0000000008003cc0       0x5c ../lib-dmx/lib_gd32/libdmx.a(dmx.o)
                0x0000000008003cc0                Dmx::SetPortDirection(unsigned int, dmx::PortDirection, bool)
 .text._ZN3DmxC2Ev
                0x0000000008003d1c      0x1bc ../lib-dmx/lib_gd32/libdmx.a(dmx.o)
                0x0000000008003d1c                Dmx::Dmx()
                0x0000000008003d1c                Dmx::Dmx()
 .text._ZN3Dmx15GetDmxAvailableEj
                0x0000000008003ed8       0x28 ../lib-dmx/lib_gd32/libdmx.a(dmx.o)
                0x0000000008003ed8                Dmx::GetDmxAvailable(unsigned int)
 .text._ZN3Dmx19GetUpdatesPerSecondEj
                0x0000000008003f00       0x10 ../lib-dmx/lib_gd32/libdmx.a(dmx.o)
                0x0000000008003f00                Dmx::GetUpdatesPerSecond(unsigned int)
 .text._ZN3Dmx10RdmSendRawEjPKhj
                0x0000000008003f10       0x8c ../lib-dmx/lib_gd32/libdmx.a(dmx.o)
                0x0000000008003f10                Dmx::RdmSendRaw(unsigned int, unsigned char const*, unsigned int)
 .text._ZN3Dmx10RdmReceiveEj
                0x0000000008003f9c       0x24 ../lib-dmx/lib_gd32/libdmx.a(dmx.o)
                0x0000000008003f9c                Dmx::RdmReceive(unsigned int)
 .text._ZN3Rdm21SendRawRespondMessageEjPKhj
                0x0000000008003fc0       0x24 ../lib-dmx/lib_gd32/libdmx.a(rdm.o)
                0x0000000008003fc0                Rdm::SendRawRespondMessage(unsigned int, unsigned char const*, unsigned int)
 .text._ZN3Rdm27SendDiscoveryRespondMessageEjPKhj
                0x0000000008003fe4       0x84 ../lib-dmx/lib_gd32/libdmx.a(rdm.o)
                0x0000000008003fe4                Rdm::SendDiscoveryRespondMessage(unsigned int, unsigned char const*, unsigned int)
 .text.memcpy.isra.0
                0x0000000008004068        0x4 ../lib-rdm/lib_gd32/librdm.a(rdmdeviceparams.o)
 .text._ZN15RDMDeviceParamsC2EP20RDMDeviceParamsStore
                0x000000000800406c       0x24 ../lib-rdm/lib_gd32/librdm.a(rdmdeviceparams.o)
                0x000000000800406c                RDMDeviceParams::RDMDeviceParams(RDMDeviceParamsStore*)
                0x000000000800406c                RDMDeviceParams::RDMDeviceParams(RDMDeviceParamsStore*)
 .text._ZN15RDMDeviceParams4LoadEv
                0x0000000008004090       0x16 ../lib-rdm/lib_gd32/librdm.a(rdmdeviceparams.o)
                0x0000000008004090                RDMDeviceParams::Load()
 .text._ZN15RDMDeviceParams3SetEP9RDMDevice
                0x00000000080040a6       0x6a ../lib-rdm/lib_gd32/librdm.a(rdmdeviceparams.o)
                0x00000000080040a6                RDMDeviceParams::Set(RDMDevice*)
 .text._ZN15RDMDeviceParams4DumpEv
                0x0000000008004110        0x2 ../lib-rdm/lib_gd32/librdm.a(rdmdeviceparams.o)
                0x0000000008004110                RDMDeviceParams::Dump()
 .text._ZN18RDMDeviceResponder17PersonalityUpdateEP8LightSet
                0x0000000008004112        0x2 ../lib-rdm/lib_gd32/librdm.a(rdmdeviceresponder.o)
                0x0000000008004112                RDMDeviceResponder::PersonalityUpdate(LightSet*)
 .text._ZN18RDMDeviceResponder21DmxStartAddressUpdateEv
                0x0000000008004114        0x2 ../lib-rdm/lib_gd32/librdm.a(rdmdeviceresponder.o)
                0x0000000008004114                RDMDeviceResponder::DmxStartAddressUpdate()
 *fill*         0x0000000008004116        0x2 
 .text._ZN18RDMDeviceResponderD2Ev
                0x0000000008004118       0x20 ../lib-rdm/lib_gd32/librdm.a(rdmdeviceresponder.o)
                0x0000000008004118                RDMDeviceResponder::~RDMDeviceResponder()
                0x0000000008004118                RDMDeviceResponder::~RDMDeviceResponder()
 .text._ZN18RDMDeviceResponderD0Ev
                0x0000000008004138       0x12 ../lib-rdm/lib_gd32/librdm.a(rdmdeviceresponder.o)
                0x0000000008004138                RDMDeviceResponder::~RDMDeviceResponder()
 *fill*         0x000000000800414a        0x2 
 .text._ZN18RDMDeviceResponderC2EPP14RDMPersonalityj
                0x000000000800414c       0xa0 ../lib-rdm/lib_gd32/librdm.a(rdmdeviceresponder.o)
                0x000000000800414c                RDMDeviceResponder::RDMDeviceResponder(RDMPersonality**, unsigned int)
                0x000000000800414c                RDMDeviceResponder::RDMDeviceResponder(RDMPersonality**, unsigned int)
 .text._ZN18RDMDeviceResponder4InitEv
                0x00000000080041ec      0x12a ../lib-rdm/lib_gd32/librdm.a(rdmdeviceresponder.o)
                0x00000000080041ec                RDMDeviceResponder::Init()
 *fill*         0x0000000008004316        0x2 
 .text._ZN18RDMDeviceResponder5PrintEv
                0x0000000008004318       0x9c ../lib-rdm/lib_gd32/librdm.a(rdmdeviceresponder.o)
                0x0000000008004318                RDMDeviceResponder::Print()
 .text.memcmp   0x00000000080043b4       0x20 ../lib-rdm/lib_gd32/librdm.a(rdmhandler.o)
 .text._ZN18RDMDeviceResponder11GetSlotInfoEttRN8lightset8SlotInfoE.part.0
                0x00000000080043d4       0x1a ../lib-rdm/lib_gd32/librdm.a(rdmhandler.o)
 .text.memcpy.isra.0
                0x00000000080043ee       0x14 ../lib-rdm/lib_gd32/librdm.a(rdmhandler.o)
 .text._ZN9RDMDevice8SetLabelEPK18TRDMDeviceInfoData
                0x0000000008004402       0x44 ../lib-rdm/lib_gd32/librdm.a(rdmhandler.o)
                0x0000000008004402                RDMDevice::SetLabel(TRDMDeviceInfoData const*)
 .text._ZN18RDMDeviceResponder18SetDmxStartAddressEtt
                0x0000000008004446       0x54 ../lib-rdm/lib_gd32/librdm.a(rdmhandler.o)
                0x0000000008004446                RDMDeviceResponder::SetDmxStartAddress(unsigned short, unsigned short)
 .text._ZN18RDMDeviceResponder14GetPersonalityEth
                0x000000000800449a       0x18 ../lib-rdm/lib_gd32/librdm.a(rdmhandler.o)
                0x000000000800449a                RDMDeviceResponder::GetPersonality(unsigned short, unsigned char)
 .text._ZN18RDMDeviceResponder19GetPersonalityCountEt
                0x00000000080044b2        0xe ../lib-rdm/lib_gd32/librdm.a(rdmhandler.o)
                0x00000000080044b2                RDMDeviceResponder::GetPersonalityCount(unsigned short)
 .text._ZN18RDMDeviceResponder21SetPersonalityCurrentEth
                0x00000000080044c0       0x6a ../lib-rdm/lib_gd32/librdm.a(rdmhandler.o)
                0x00000000080044c0                RDMDeviceResponder::SetPersonalityCurrent(unsigned short, unsigned char)
 .text._ZN10RDMHandlerC2Eb
                0x000000000800452a        0xc ../lib-rdm/lib_gd32/librdm.a(rdmhandler.o)
                0x000000000800452a                RDMHandler::RDMHandler(bool)
                0x000000000800452a                RDMHandler::RDMHandler(bool)
 .text._ZN10RDMHandler12HandleStringEPKcj
                0x0000000008004536       0x18 ../lib-rdm/lib_gd32/librdm.a(rdmhandler.o)
                0x0000000008004536                RDMHandler::HandleString(char const*, unsigned int)
 *fill*         0x000000000800454e        0x2 
 .text._ZN10RDMHandler20CreateRespondMessageEht
                0x0000000008004550       0x98 ../lib-rdm/lib_gd32/librdm.a(rdmhandler.o)
                0x0000000008004550                RDMHandler::CreateRespondMessage(unsigned char, unsigned short)
 .text._ZN10RDMHandler17RespondMessageAckEv
                0x00000000080045e8       0x12 ../lib-rdm/lib_gd32/librdm.a(rdmhandler.o)
                0x00000000080045e8                RDMHandler::RespondMessageAck()
 *fill*         0x00000000080045fa        0x2 
 .text._ZN10RDMHandler22GetSupportedParametersEt
                0x00000000080045fc       0x6c ../lib-rdm/lib_gd32/librdm.a(rdmhandler.o)
                0x00000000080045fc                RDMHandler::GetSupportedParameters(unsigned short)
 .text._ZN10RDMHandler13GetDeviceInfoEt
                0x0000000008004668       0x68 ../lib-rdm/lib_gd32/librdm.a(rdmhandler.o)
                0x0000000008004668                RDMHandler::GetDeviceInfo(unsigned short)
 .text._ZN10RDMHandler18GetFactoryDefaultsEt
                0x00000000080046d0       0x80 ../lib-rdm/lib_gd32/librdm.a(rdmhandler.o)
                0x00000000080046d0                RDMHandler::GetFactoryDefaults(unsigned short)
 .text._ZN10RDMHandler22GetProductDetailIdListEt
                0x0000000008004750       0x1c ../lib-rdm/lib_gd32/librdm.a(rdmhandler.o)
                0x0000000008004750                RDMHandler::GetProductDetailIdList(unsigned short)
 .text._ZN10RDMHandler25GetDeviceModelDescriptionEt
                0x000000000800476c       0x1c ../lib-rdm/lib_gd32/librdm.a(rdmhandler.o)
                0x000000000800476c                RDMHandler::GetDeviceModelDescription(unsigned short)
 .text._ZN10RDMHandler20GetManufacturerLabelEt
                0x0000000008004788       0x20 ../lib-rdm/lib_gd32/librdm.a(rdmhandler.o)
                0x0000000008004788                RDMHandler::GetManufacturerLabel(unsigned short)
 .text._ZN10RDMHandler14GetDeviceLabelEt
                0x00000000080047a8       0x3c ../lib-rdm/lib_gd32/librdm.a(rdmhandler.o)
                0x00000000080047a8                RDMHandler::GetDeviceLabel(unsigned short)
 .text._ZN10RDMHandler23GetSoftwareVersionLabelEt
                0x00000000080047e4       0x24 ../lib-rdm/lib_gd32/librdm.a(rdmhandler.o)
                0x00000000080047e4                RDMHandler::GetSoftwareVersionLabel(unsigned short)
 .text._ZN10RDMHandler17GetIdentifyDeviceEt
                0x0000000008004808       0x14 ../lib-rdm/lib_gd32/librdm.a(rdmhandler.o)
                0x0000000008004808                RDMHandler::GetIdentifyDevice(unsigned short)
 .text._ZN10RDMHandler11GetLanguageEt
                0x000000000800481c       0x20 ../lib-rdm/lib_gd32/librdm.a(rdmhandler.o)
                0x000000000800481c                RDMHandler::GetLanguage(unsigned short)
 .text._ZN10RDMHandler14GetPersonalityEt
                0x000000000800483c       0x3c ../lib-rdm/lib_gd32/librdm.a(rdmhandler.o)
                0x000000000800483c                RDMHandler::GetPersonality(unsigned short)
 .text._ZN10RDMHandler18GetDmxStartAddressEt
                0x0000000008004878       0x3c ../lib-rdm/lib_gd32/librdm.a(rdmhandler.o)
                0x0000000008004878                RDMHandler::GetDmxStartAddress(unsigned short)
 .text._ZN10RDMHandler14GetDeviceHoursEt
                0x00000000080048b4       0x28 ../lib-rdm/lib_gd32/librdm.a(rdmhandler.o)
                0x00000000080048b4                RDMHandler::GetDeviceHours(unsigned short)
 .text._ZN10RDMHandler16GetDisplayInvertEt
                0x00000000080048dc       0x1c ../lib-rdm/lib_gd32/librdm.a(rdmhandler.o)
                0x00000000080048dc                RDMHandler::GetDisplayInvert(unsigned short)
 .text._ZN10RDMHandler15GetDisplayLevelEt
                0x00000000080048f8       0x1c ../lib-rdm/lib_gd32/librdm.a(rdmhandler.o)
                0x00000000080048f8                RDMHandler::GetDisplayLevel(unsigned short)
 .text._ZN10RDMHandler16GetRealTimeClockEt
                0x0000000008004914       0x48 ../lib-rdm/lib_gd32/librdm.a(rdmhandler.o)
                0x0000000008004914                RDMHandler::GetRealTimeClock(unsigned short)
 .text._ZN10RDMHandler13GetPowerStateEt
                0x000000000800495c        0xe ../lib-rdm/lib_gd32/librdm.a(rdmhandler.o)
                0x000000000800495c                RDMHandler::GetPowerState(unsigned short)
 .text._ZN10RDMHandler18GetPerformSelfTestEt
                0x000000000800496a       0x20 ../lib-rdm/lib_gd32/librdm.a(rdmhandler.o)
                0x000000000800496a                RDMHandler::GetPerformSelfTest(unsigned short)
 *fill*         0x000000000800498a        0x2 
 .text._ZN10RDMHandler27GetBootSoftwareVersionLabelEt
                0x000000000800498c       0x1c ../lib-rdm/lib_gd32/librdm.a(rdmhandler.o)
                0x000000000800498c                RDMHandler::GetBootSoftwareVersionLabel(unsigned short)
 .text._ZN10RDMHandler11GetSlotInfoEt
                0x00000000080049a8       0x90 ../lib-rdm/lib_gd32/librdm.a(rdmhandler.o)
                0x00000000080049a8                RDMHandler::GetSlotInfo(unsigned short)
 .text._ZN10RDMHandler18RespondMessageNackEt
                0x0000000008004a38        0x8 ../lib-rdm/lib_gd32/librdm.a(rdmhandler.o)
                0x0000000008004a38                RDMHandler::RespondMessageNack(unsigned short)
 .text._ZN10RDMHandler14SetResetDeviceEbt
                0x0000000008004a40       0x48 ../lib-rdm/lib_gd32/librdm.a(rdmhandler.o)
                0x0000000008004a40                RDMHandler::SetResetDevice(bool, unsigned short)
 .text._ZN10RDMHandler17SetIdentifyDeviceEbt
                0x0000000008004a88       0x7c ../lib-rdm/lib_gd32/librdm.a(rdmhandler.o)
                0x0000000008004a88                RDMHandler::SetIdentifyDevice(bool, unsigned short)
 .text._ZN10RDMHandler11SetLanguageEbt
                0x0000000008004b04       0x48 ../lib-rdm/lib_gd32/librdm.a(rdmhandler.o)
                0x0000000008004b04                RDMHandler::SetLanguage(bool, unsigned short)
 .text._ZN10RDMHandler24GetBootSoftwareVersionIdEt
                0x0000000008004b4c       0x1e ../lib-rdm/lib_gd32/librdm.a(rdmhandler.o)
                0x0000000008004b4c                RDMHandler::GetBootSoftwareVersionId(unsigned short)
 *fill*         0x0000000008004b6a        0x2 
 .text._ZN10RDMHandler14SetPersonalityEbt
                0x0000000008004b6c       0x50 ../lib-rdm/lib_gd32/librdm.a(rdmhandler.o)
                0x0000000008004b6c                RDMHandler::SetPersonality(bool, unsigned short)
 .text._ZN10RDMHandler25GetPersonalityDescriptionEt
                0x0000000008004bbc       0x84 ../lib-rdm/lib_gd32/librdm.a(rdmhandler.o)
                0x0000000008004bbc                RDMHandler::GetPersonalityDescription(unsigned short)
 .text._ZN10RDMHandler18SetDmxStartAddressEbt
                0x0000000008004c40       0x50 ../lib-rdm/lib_gd32/librdm.a(rdmhandler.o)
                0x0000000008004c40                RDMHandler::SetDmxStartAddress(bool, unsigned short)
 .text._ZN10RDMHandler19GetSensorDefinitionEt
                0x0000000008004c90       0xb0 ../lib-rdm/lib_gd32/librdm.a(rdmhandler.o)
                0x0000000008004c90                RDMHandler::GetSensorDefinition(unsigned short)
 .text._ZN10RDMHandler14GetSensorValueEt
                0x0000000008004d40       0x80 ../lib-rdm/lib_gd32/librdm.a(rdmhandler.o)
                0x0000000008004d40                RDMHandler::GetSensorValue(unsigned short)
 .text._ZN10RDMHandler14SetSensorValueEbt
                0x0000000008004dc0       0xb4 ../lib-rdm/lib_gd32/librdm.a(rdmhandler.o)
                0x0000000008004dc0                RDMHandler::SetSensorValue(bool, unsigned short)
 .text._ZN10RDMHandler16SetRecordSensorsEbt
                0x0000000008004e74       0x4c ../lib-rdm/lib_gd32/librdm.a(rdmhandler.o)
                0x0000000008004e74                RDMHandler::SetRecordSensors(bool, unsigned short)
 .text._ZN10RDMHandler14SetDeviceHoursEbt
                0x0000000008004ec0        0x6 ../lib-rdm/lib_gd32/librdm.a(rdmhandler.o)
                0x0000000008004ec0                RDMHandler::SetDeviceHours(bool, unsigned short)
 *fill*         0x0000000008004ec6        0x2 
 .text._ZN10RDMHandler16SetDisplayInvertEbt
                0x0000000008004ec8       0x4c ../lib-rdm/lib_gd32/librdm.a(rdmhandler.o)
                0x0000000008004ec8                RDMHandler::SetDisplayInvert(bool, unsigned short)
 .text._ZN10RDMHandler15SetDisplayLevelEbt
                0x0000000008004f14       0x48 ../lib-rdm/lib_gd32/librdm.a(rdmhandler.o)
                0x0000000008004f14                RDMHandler::SetDisplayLevel(bool, unsigned short)
 .text._ZN10RDMHandler16SetRealTimeClockEbt
                0x0000000008004f5c       0x68 ../lib-rdm/lib_gd32/librdm.a(rdmhandler.o)
                0x0000000008004f5c                RDMHandler::SetRealTimeClock(bool, unsigned short)
 .text._ZN10RDMHandler13SetPowerStateEbt
                0x0000000008004fc4       0x2e ../lib-rdm/lib_gd32/librdm.a(rdmhandler.o)
                0x0000000008004fc4                RDMHandler::SetPowerState(bool, unsigned short)
 .text._ZN10RDMHandler18SetPerformSelfTestEbt
                0x0000000008004ff2       0x34 ../lib-rdm/lib_gd32/librdm.a(rdmhandler.o)
                0x0000000008004ff2                RDMHandler::SetPerformSelfTest(bool, unsigned short)
 .text._ZN10RDMHandler22GetSelfTestDescriptionEt
                0x0000000008005026       0x4e ../lib-rdm/lib_gd32/librdm.a(rdmhandler.o)
                0x0000000008005026                RDMHandler::GetSelfTestDescription(unsigned short)
 .text._ZN10RDMHandler18GetSlotDescriptionEt
                0x0000000008005074       0x78 ../lib-rdm/lib_gd32/librdm.a(rdmhandler.o)
                0x0000000008005074                RDMHandler::GetSlotDescription(unsigned short)
 .text._ZN10RDMHandler18SetFactoryDefaultsEbt
                0x00000000080050ec       0xc0 ../lib-rdm/lib_gd32/librdm.a(rdmhandler.o)
                0x00000000080050ec                RDMHandler::SetFactoryDefaults(bool, unsigned short)
 .text._ZN10RDMHandler14SetDeviceLabelEbt
                0x00000000080051ac       0x58 ../lib-rdm/lib_gd32/librdm.a(rdmhandler.o)
                0x00000000080051ac                RDMHandler::SetDeviceLabel(bool, unsigned short)
 .text._ZN10RDMHandler8HandlersEbhtht
                0x0000000008005204       0xe4 ../lib-rdm/lib_gd32/librdm.a(rdmhandler.o)
                0x0000000008005204                RDMHandler::Handlers(bool, unsigned char, unsigned short, unsigned char, unsigned short)
 .text._ZN10RDMHandler10HandleDataEPKhPh
                0x00000000080052e8      0x198 ../lib-rdm/lib_gd32/librdm.a(rdmhandler.o)
                0x00000000080052e8                RDMHandler::HandleData(unsigned char const*, unsigned char*)
 .text._ZN10RDMHandler15GetIdentifyModeEt
                0x0000000008005480       0x14 ../lib-rdm/lib_gd32/librdm.a(rdmhandlere1371.o)
                0x0000000008005480                RDMHandler::GetIdentifyMode(unsigned short)
 .text._ZN10RDMHandler15SetIdentifyModeEbt
                0x0000000008005494       0x60 ../lib-rdm/lib_gd32/librdm.a(rdmhandlere1371.o)
                0x0000000008005494                RDMHandler::SetIdentifyMode(bool, unsigned short)
 .text._ZN11RDMIdentifyC2Ev
                0x00000000080054f4        0xc ../lib-rdm/lib_gd32/librdm.a(rdmidentify.o)
                0x00000000080054f4                RDMIdentify::RDMIdentify()
                0x00000000080054f4                RDMIdentify::RDMIdentify()
 .text._ZN11RDMSlotInfo7bsearchEt
                0x0000000008005500       0x30 ../lib-rdm/lib_gd32/librdm.a(rdmslotinfo.o)
                0x0000000008005500                RDMSlotInfo::bsearch(unsigned short)
 .text._ZN11RDMSlotInfo15GetCategoryTextEttRj
                0x0000000008005530       0x44 ../lib-rdm/lib_gd32/librdm.a(rdmslotinfo.o)
                0x0000000008005530                RDMSlotInfo::GetCategoryText(unsigned short, unsigned short, unsigned int&)
 .text._ZN9RDMDeviceC2Ev
                0x0000000008005574       0xe4 ../lib-rdm/lib_gd32/librdm.a(rdmdevice.o)
                0x0000000008005574                RDMDevice::RDMDevice()
                0x0000000008005574                RDMDevice::RDMDevice()
 .text._ZN9RDMDevice5PrintEv
                0x0000000008005658       0x84 ../lib-rdm/lib_gd32/librdm.a(rdmdevice.o)
                0x0000000008005658                RDMDevice::Print()
 .text._ZN21PixelDmxConfiguration8ValidateEjRjRN21pixeldmxconfiguration8PortInfoE
                0x00000000080056dc       0x80 ../lib-ws28xxdmx/lib_gd32/libws28xxdmx.a(pixeldmxconfiguration.o)
                0x00000000080056dc                PixelDmxConfiguration::Validate(unsigned int, unsigned int&, pixeldmxconfiguration::PortInfo&)
 .text._ZN21PixelDmxConfiguration5PrintEv
                0x000000000800575c       0x30 ../lib-ws28xxdmx/lib_gd32/libws28xxdmx.a(pixeldmxconfiguration.o)
                0x000000000800575c                PixelDmxConfiguration::Print()
 .text._ZN9WS28xxDmx18GetDmxStartAddressEv
                0x000000000800578c        0x6 ../lib-ws28xxdmx/lib_gd32/libws28xxdmx.a(ws28xxdmx.o)
                0x000000000800578c                WS28xxDmx::GetDmxStartAddress()
 .text._ZN9WS28xxDmx15GetDmxFootprintEv
                0x0000000008005792        0x6 ../lib-ws28xxdmx/lib_gd32/libws28xxdmx.a(ws28xxdmx.o)
                0x0000000008005792                WS28xxDmx::GetDmxFootprint()
 .text._ZN9WS28xxDmxD2Ev
                0x0000000008005798       0x20 ../lib-ws28xxdmx/lib_gd32/libws28xxdmx.a(ws28xxdmx.o)
                0x0000000008005798                WS28xxDmx::~WS28xxDmx()
                0x0000000008005798                WS28xxDmx::~WS28xxDmx()
 .text._ZN9WS28xxDmxD0Ev
                0x00000000080057b8       0x12 ../lib-ws28xxdmx/lib_gd32/libws28xxdmx.a(ws28xxdmx.o)
                0x00000000080057b8                WS28xxDmx::~WS28xxDmx()
 .text._ZN9WS28xxDmx8BlackoutEb
                0x00000000080057ca       0x26 ../lib-ws28xxdmx/lib_gd32/libws28xxdmx.a(ws28xxdmx.o)
                0x00000000080057ca                WS28xxDmx::Blackout(bool)
 .text._ZN9WS28xxDmx7SetDataEjPKhj
                0x00000000080057f0      0x100 ../lib-ws28xxdmx/lib_gd32/libws28xxdmx.a(ws28xxdmx.o)
                0x00000000080057f0                WS28xxDmx::SetData(unsigned int, unsigned char const*, unsigned int)
 .text._ZN9WS28xxDmx6FullOnEv
                0x00000000080058f0       0x16 ../lib-ws28xxdmx/lib_gd32/libws28xxdmx.a(ws28xxdmx.o)
                0x00000000080058f0                WS28xxDmx::FullOn()
 .text._ZN9WS28xxDmx5PrintEv
                0x0000000008005906        0x6 ../lib-ws28xxdmx/lib_gd32/libws28xxdmx.a(ws28xxdmx.o)
                0x0000000008005906                WS28xxDmx::Print()
 .text._ZN9WS28xxDmx5StartEj
                0x000000000800590c       0x18 ../lib-ws28xxdmx/lib_gd32/libws28xxdmx.a(ws28xxdmx.o)
                0x000000000800590c                WS28xxDmx::Start(unsigned int)
 .text._ZN9WS28xxDmx4StopEj
                0x0000000008005924       0x18 ../lib-ws28xxdmx/lib_gd32/libws28xxdmx.a(ws28xxdmx.o)
                0x0000000008005924                WS28xxDmx::Stop(unsigned int)
 .text._ZN9WS28xxDmx18SetDmxStartAddressEt
                0x000000000800593c       0x38 ../lib-ws28xxdmx/lib_gd32/libws28xxdmx.a(ws28xxdmx.o)
                0x000000000800593c                WS28xxDmx::SetDmxStartAddress(unsigned short)
 .text._ZN9WS28xxDmx11GetSlotInfoEtRN8lightset8SlotInfoE
                0x0000000008005974       0x42 ../lib-ws28xxdmx/lib_gd32/libws28xxdmx.a(ws28xxdmx.o)
                0x0000000008005974                WS28xxDmx::GetSlotInfo(unsigned short, lightset::SlotInfo&)
 *fill*         0x00000000080059b6        0x2 
 .text._ZN9WS28xxDmxC2ER21PixelDmxConfiguration
                0x00000000080059b8       0x74 ../lib-ws28xxdmx/lib_gd32/libws28xxdmx.a(ws28xxdmx.o)
                0x00000000080059b8                WS28xxDmx::WS28xxDmx(PixelDmxConfiguration&)
                0x00000000080059b8                WS28xxDmx::WS28xxDmx(PixelDmxConfiguration&)
 .text._ZN14PixelDmxParamsC2EP19PixelDmxParamsStore
                0x0000000008005a2c       0x2c ../lib-ws28xxdmx/lib_gd32/libws28xxdmx.a(pixeldmxparams.o)
                0x0000000008005a2c                PixelDmxParams::PixelDmxParams(PixelDmxParamsStore*)
                0x0000000008005a2c                PixelDmxParams::PixelDmxParams(PixelDmxParamsStore*)
 .text._ZN14PixelDmxParams4LoadEv
                0x0000000008005a58       0x18 ../lib-ws28xxdmx/lib_gd32/libws28xxdmx.a(pixeldmxparams.o)
                0x0000000008005a58                PixelDmxParams::Load()
 .text._ZN14PixelDmxParams3SetEP21PixelDmxConfiguration
                0x0000000008005a70       0x7a ../lib-ws28xxdmx/lib_gd32/libws28xxdmx.a(pixeldmxparams.o)
                0x0000000008005a70                PixelDmxParams::Set(PixelDmxConfiguration*)
 .text._ZN14PixelDmxParams4DumpEv
                0x0000000008005aea        0x2 ../lib-ws28xxdmx/lib_gd32/libws28xxdmx.a(pixeldmxparamsdump.o)
                0x0000000008005aea                PixelDmxParams::Dump()
 .text._ZN8LightSet8BlackoutEb
                0x0000000008005aec        0x2 ../lib-ws28xxdmx/lib_gd32/libws28xxdmx.a(pixeldmxparamsrdm.o)
                0x0000000008005aec                LightSet::Blackout(bool)
 .text._ZN8LightSet6FullOnEv
                0x0000000008005aee        0x2 ../lib-ws28xxdmx/lib_gd32/libws28xxdmx.a(pixeldmxparamsrdm.o)
                0x0000000008005aee                LightSet::FullOn()
 .text._ZN8LightSet5PrintEv
                0x0000000008005af0        0x2 ../lib-ws28xxdmx/lib_gd32/libws28xxdmx.a(pixeldmxparamsrdm.o)
                0x0000000008005af0                LightSet::Print()
 .text._ZN17PixelDmxParamsRdm18SetDmxStartAddressEt
                0x0000000008005af2        0x4 ../lib-ws28xxdmx/lib_gd32/libws28xxdmx.a(pixeldmxparamsrdm.o)
                0x0000000008005af2                PixelDmxParamsRdm::SetDmxStartAddress(unsigned short)
 .text._ZN17PixelDmxParamsRdm18GetDmxStartAddressEv
                0x0000000008005af6        0x4 ../lib-ws28xxdmx/lib_gd32/libws28xxdmx.a(pixeldmxparamsrdm.o)
                0x0000000008005af6                PixelDmxParamsRdm::GetDmxStartAddress()
 .text._ZN17PixelDmxParamsRdm15GetDmxFootprintEv
                0x0000000008005afa        0x4 ../lib-ws28xxdmx/lib_gd32/libws28xxdmx.a(pixeldmxparamsrdm.o)
                0x0000000008005afa                PixelDmxParamsRdm::GetDmxFootprint()
 .text._ZN17PixelDmxParamsRdm5StartEj
                0x0000000008005afe        0x2 ../lib-ws28xxdmx/lib_gd32/libws28xxdmx.a(pixeldmxparamsrdm.o)
                0x0000000008005afe                PixelDmxParamsRdm::Start(unsigned int)
                0x0000000008005afe                PixelDmxParamsRdm::Stop(unsigned int)
 .text._ZN17PixelDmxParamsRdm11GetSlotInfoEtRN8lightset8SlotInfoE
                0x0000000008005b00       0x14 ../lib-ws28xxdmx/lib_gd32/libws28xxdmx.a(pixeldmxparamsrdm.o)
                0x0000000008005b00                PixelDmxParamsRdm::GetSlotInfo(unsigned short, lightset::SlotInfo&)
 .text._ZN17PixelDmxParamsRdmD2Ev
                0x0000000008005b14        0x2 ../lib-ws28xxdmx/lib_gd32/libws28xxdmx.a(pixeldmxparamsrdm.o)
                0x0000000008005b14                PixelDmxParamsRdm::~PixelDmxParamsRdm()
                0x0000000008005b14                PixelDmxParamsRdm::~PixelDmxParamsRdm()
 .text._ZN17PixelDmxParamsRdmD0Ev
                0x0000000008005b16        0xc ../lib-ws28xxdmx/lib_gd32/libws28xxdmx.a(pixeldmxparamsrdm.o)
                0x0000000008005b16                PixelDmxParamsRdm::~PixelDmxParamsRdm()
 *fill*         0x0000000008005b22        0x2 
 .text._ZN17PixelDmxParamsRdmC2EP13PixelDmxStore
                0x0000000008005b24       0x14 ../lib-ws28xxdmx/lib_gd32/libws28xxdmx.a(pixeldmxparamsrdm.o)
                0x0000000008005b24                PixelDmxParamsRdm::PixelDmxParamsRdm(PixelDmxStore*)
                0x0000000008005b24                PixelDmxParamsRdm::PixelDmxParamsRdm(PixelDmxStore*)
 .text._ZN17PixelDmxParamsRdm7SetDataEjPKhj
                0x0000000008005b38       0x80 ../lib-ws28xxdmx/lib_gd32/libws28xxdmx.a(pixeldmxparamsrdm.o)
                0x0000000008005b38                PixelDmxParamsRdm::SetData(unsigned int, unsigned char const*, unsigned int)
 .text._ZN18PixelConfiguration6GetTxHEN5pixel4TypeERhS2_
                0x0000000008005bb8       0x1a ../lib-ws28xx/lib_gd32/libws28xx.a(pixelconfiguration.o)
                0x0000000008005bb8                PixelConfiguration::GetTxH(pixel::Type, unsigned char&, unsigned char&)
 *fill*         0x0000000008005bd2        0x2 
 .text._ZN18PixelConfiguration8ValidateERj
                0x0000000008005bd4      0x12c ../lib-ws28xx/lib_gd32/libws28xx.a(pixelconfiguration.o)
                0x0000000008005bd4                PixelConfiguration::Validate(unsigned int&)
 .text._ZN18PixelConfiguration5PrintEv
                0x0000000008005d00       0xc8 ../lib-ws28xx/lib_gd32/libws28xx.a(pixelconfiguration.o)
                0x0000000008005d00                PixelConfiguration::Print()
 .text._ZN9PixelType7GetTypeEN5pixel4TypeE
                0x0000000008005dc8       0x18 ../lib-ws28xx/lib_gd32/libws28xx.a(pixeltype.o)
                0x0000000008005dc8                PixelType::GetType(pixel::Type)
 .text._ZN9PixelType6GetMapEN5pixel3MapE
                0x0000000008005de0       0x18 ../lib-ws28xx/lib_gd32/libws28xx.a(pixeltype.o)
                0x0000000008005de0                PixelType::GetMap(pixel::Map)
 .text._ZN9PixelType6GetMapEN5pixel4TypeE
                0x0000000008005df8       0x14 ../lib-ws28xx/lib_gd32/libws28xx.a(pixeltype.o)
                0x0000000008005df8                PixelType::GetMap(pixel::Type)
 .text._ZN9PixelType10ConvertTxHEh
                0x0000000008005e0c       0x5c ../lib-ws28xx/lib_gd32/libws28xx.a(pixeltype.o)
                0x0000000008005e0c                PixelType::ConvertTxH(unsigned char)
 .text._ZN13PixelPatterns14SetPixelColourEjjj.isra.0
                0x0000000008005e68       0x4c ../lib-ws28xx/lib_gd32/libws28xx.a(pixelpatterns.o)
 .text._ZN13PixelPatterns5ClearEj.isra.0
                0x0000000008005eb4       0x20 ../lib-ws28xx/lib_gd32/libws28xx.a(pixelpatterns.o)
 .text._ZN13PixelPatternsC2Ej
                0x0000000008005ed4       0x40 ../lib-ws28xx/lib_gd32/libws28xx.a(pixelpatterns.o)
                0x0000000008005ed4                PixelPatterns::PixelPatterns(unsigned int)
                0x0000000008005ed4                PixelPatterns::PixelPatterns(unsigned int)
 .text._ZN13PixelPatterns7GetNameEN13pixelpatterns7PatternE
                0x0000000008005f14       0x18 ../lib-ws28xx/lib_gd32/libws28xx.a(pixelpatterns.o)
                0x0000000008005f14                PixelPatterns::GetName(pixelpatterns::Pattern)
 .text._ZN13PixelPatterns12RainbowCycleEjjN13pixelpatterns9DirectionE
                0x0000000008005f2c       0x28 ../lib-ws28xx/lib_gd32/libws28xx.a(pixelpatterns.o)
                0x0000000008005f2c                PixelPatterns::RainbowCycle(unsigned int, unsigned int, pixelpatterns::Direction)
 .text._ZN13PixelPatterns12TheaterChaseEjjjjN13pixelpatterns9DirectionE
                0x0000000008005f54       0x38 ../lib-ws28xx/lib_gd32/libws28xx.a(pixelpatterns.o)
                0x0000000008005f54                PixelPatterns::TheaterChase(unsigned int, unsigned int, unsigned int, unsigned int, pixelpatterns::Direction)
 .text._ZN13PixelPatterns10ColourWipeEjjjN13pixelpatterns9DirectionE
                0x0000000008005f8c       0x34 ../lib-ws28xx/lib_gd32/libws28xx.a(pixelpatterns.o)
                0x0000000008005f8c                PixelPatterns::ColourWipe(unsigned int, unsigned int, unsigned int, pixelpatterns::Direction)
 .text._ZN13PixelPatterns7ScannerEjjj
                0x0000000008005fc0       0x64 ../lib-ws28xx/lib_gd32/libws28xx.a(pixelpatterns.o)
                0x0000000008005fc0                PixelPatterns::Scanner(unsigned int, unsigned int, unsigned int)
 .text._ZN13PixelPatterns4FadeEjjjjjN13pixelpatterns9DirectionE
                0x0000000008006024       0x30 ../lib-ws28xx/lib_gd32/libws28xx.a(pixelpatterns.o)
                0x0000000008006024                PixelPatterns::Fade(unsigned int, unsigned int, unsigned int, unsigned int, unsigned int, pixelpatterns::Direction)
 .text._ZN13PixelPatterns5WheelEh
                0x0000000008006054       0x4a ../lib-ws28xx/lib_gd32/libws28xx.a(pixelpatterns.o)
                0x0000000008006054                PixelPatterns::Wheel(unsigned char)
 *fill*         0x000000000800609e        0x2 
 .text._ZN13PixelPatterns9IncrementEj
                0x00000000080060a0       0x3c ../lib-ws28xx/lib_gd32/libws28xx.a(pixelpatterns.o)
                0x00000000080060a0                PixelPatterns::Increment(unsigned int)
 .text._ZN13PixelPatterns18RainbowCycleUpdateEj
                0x00000000080060dc       0x54 ../lib-ws28xx/lib_gd32/libws28xx.a(pixelpatterns.o)
                0x00000000080060dc                PixelPatterns::RainbowCycleUpdate(unsigned int)
 .text._ZN13PixelPatterns18TheaterChaseUpdateEj
                0x0000000008006130       0x60 ../lib-ws28xx/lib_gd32/libws28xx.a(pixelpatterns.o)
                0x0000000008006130                PixelPatterns::TheaterChaseUpdate(unsigned int)
 .text._ZN13PixelPatterns16ColourWipeUpdateEj
                0x0000000008006190       0x24 ../lib-ws28xx/lib_gd32/libws28xx.a(pixelpatterns.o)
                0x0000000008006190                PixelPatterns::ColourWipeUpdate(unsigned int)
 .text._ZN13PixelPatterns13ScannerUpdateEj
                0x00000000080061b4       0xb4 ../lib-ws28xx/lib_gd32/libws28xx.a(pixelpatterns.o)
                0x00000000080061b4                PixelPatterns::ScannerUpdate(unsigned int)
 .text._ZN13PixelPatterns10FadeUpdateEj
                0x0000000008006268       0x90 ../lib-ws28xx/lib_gd32/libws28xx.a(pixelpatterns.o)
                0x0000000008006268                PixelPatterns::FadeUpdate(unsigned int)
 .text._ZN13PixelPatterns10PortUpdateEjj
                0x00000000080062f8       0x50 ../lib-ws28xx/lib_gd32/libws28xx.a(pixelpatterns.o)
                0x00000000080062f8                PixelPatterns::PortUpdate(unsigned int, unsigned int)
 .text._ZN13PixelPatterns3RunEv
                0x0000000008006348       0x50 ../lib-ws28xx/lib_gd32/libws28xx.a(pixelpatterns.o)
                0x0000000008006348                PixelPatterns::Run()
 .text._ZN6WS28xx8SetPixelEjhhh
                0x0000000008006398      0x864 ../lib-ws28xx/lib_gd32/libws28xx.a(ws28xx.o)
                0x0000000008006398                WS28xx::SetPixel(unsigned int, unsigned char, unsigned char, unsigned char)
 .text._ZN6WS28xx8SetPixelEjhhhh
                0x0000000008006bfc      0x21c ../lib-ws28xx/lib_gd32/libws28xx.a(ws28xx.o)
                0x0000000008006bfc                WS28xx::SetPixel(unsigned int, unsigned char, unsigned char, unsigned char, unsigned char)
 .text._ZN6WS28xxD2Ev
                0x0000000008006e18        0xc ../lib-ws28xx/lib_gd32/libws28xx.a(ws28xx.o)
                0x0000000008006e18                WS28xx::~WS28xx()
                0x0000000008006e18                WS28xx::~WS28xx()
 .text._ZN6WS28xx12SetupBuffersEv
                0x0000000008006e24       0x30 ../lib-ws28xx/lib_gd32/libws28xx.a(ws28xx.o)
                0x0000000008006e24                WS28xx::SetupBuffers()
 .text._ZN6WS28xxC2ER18PixelConfiguration
                0x0000000008006e54       0x88 ../lib-ws28xx/lib_gd32/libws28xx.a(ws28xx.o)
                0x0000000008006e54                WS28xx::WS28xx(PixelConfiguration&)
                0x0000000008006e54                WS28xx::WS28xx(PixelConfiguration&)
 .text._ZN6WS28xx6UpdateEv
                0x0000000008006edc       0x38 ../lib-ws28xx/lib_gd32/libws28xx.a(ws28xx.o)
                0x0000000008006edc                WS28xx::Update()
 .text._ZN6WS28xx8BlackoutEv
                0x0000000008006f14       0x8e ../lib-ws28xx/lib_gd32/libws28xx.a(ws28xx.o)
                0x0000000008006f14                WS28xx::Blackout()
 .text._ZN6WS28xx6FullOnEv
                0x0000000008006fa2       0x94 ../lib-ws28xx/lib_gd32/libws28xx.a(ws28xx.o)
                0x0000000008006fa2                WS28xx::FullOn()
 *fill*         0x0000000008007036        0x2 
 .text._ZN13SpiFlashStore14GetStoreOffsetEN13spiflashstore5StoreE
                0x0000000008007038       0x1c ../lib-spiflashstore/lib_gd32/libspiflashstore.a(spiflashstore.o)
                0x0000000008007038                SpiFlashStore::GetStoreOffset(spiflashstore::Store)
 .text._ZN13SpiFlashStore4InitEv
                0x0000000008007054      0x134 ../lib-spiflashstore/lib_gd32/libspiflashstore.a(spiflashstore.o)
                0x0000000008007054                SpiFlashStore::Init()
 .text._ZN13SpiFlashStoreC2Ev
                0x0000000008007188       0x4c ../lib-spiflashstore/lib_gd32/libspiflashstore.a(spiflashstore.o)
                0x0000000008007188                SpiFlashStore::SpiFlashStore()
                0x0000000008007188                SpiFlashStore::SpiFlashStore()
 .text._ZN13SpiFlashStore12ResetSetListEN13spiflashstore5StoreE
                0x00000000080071d4       0x24 ../lib-spiflashstore/lib_gd32/libspiflashstore.a(spiflashstore.o)
                0x00000000080071d4                SpiFlashStore::ResetSetList(spiflashstore::Store)
 .text._ZN13SpiFlashStore6UpdateEN13spiflashstore5StoreEjPKvjjj
                0x00000000080071f8       0x80 ../lib-spiflashstore/lib_gd32/libspiflashstore.a(spiflashstore.o)
                0x00000000080071f8                SpiFlashStore::Update(spiflashstore::Store, unsigned int, void const*, unsigned int, unsigned int, unsigned int)
 .text._ZN13SpiFlashStore4CopyEN13spiflashstore5StoreEPvjjb
                0x0000000008007278       0x64 ../lib-spiflashstore/lib_gd32/libspiflashstore.a(spiflashstore.o)
                0x0000000008007278                SpiFlashStore::Copy(spiflashstore::Store, void*, unsigned int, unsigned int, bool)
 .text._ZN13SpiFlashStore5FlashEv
                0x00000000080072dc       0xb4 ../lib-spiflashstore/lib_gd32/libspiflashstore.a(spiflashstore.o)
                0x00000000080072dc                SpiFlashStore::Flash()
 .text._ZN15StoreDisplayUdfD2Ev
                0x0000000008007390        0x2 ../lib-spiflashstore/lib_gd32/libspiflashstore.a(storedisplayudf.o)
                0x0000000008007390                StoreDisplayUdf::~StoreDisplayUdf()
                0x0000000008007390                StoreDisplayUdf::~StoreDisplayUdf()
 *fill*         0x0000000008007392        0x2 
 .text._ZN15StoreDisplayUdf4CopyEPN16displayudfparams6ParamsE
                0x0000000008007394       0x24 ../lib-spiflashstore/lib_gd32/libspiflashstore.a(storedisplayudf.o)
                0x0000000008007394                StoreDisplayUdf::Copy(displayudfparams::Params*)
 .text._ZN15StoreDisplayUdf6UpdateEPKN16displayudfparams6ParamsE
                0x00000000080073b8       0x24 ../lib-spiflashstore/lib_gd32/libspiflashstore.a(storedisplayudf.o)
                0x00000000080073b8                StoreDisplayUdf::Update(displayudfparams::Params const*)
 .text._ZN15StoreDisplayUdfD0Ev
                0x00000000080073dc        0xc ../lib-spiflashstore/lib_gd32/libspiflashstore.a(storedisplayudf.o)
                0x00000000080073dc                StoreDisplayUdf::~StoreDisplayUdf()
 .text._ZN15StoreDisplayUdfC2Ev
                0x00000000080073e8       0x14 ../lib-spiflashstore/lib_gd32/libspiflashstore.a(storedisplayudf.o)
                0x00000000080073e8                StoreDisplayUdf::StoreDisplayUdf()
                0x00000000080073e8                StoreDisplayUdf::StoreDisplayUdf()
 .text._ZN14StoreRDMDeviceD2Ev
                0x00000000080073fc        0x6 ../lib-spiflashstore/lib_gd32/libspiflashstore.a(storerdmdevice.o)
                0x00000000080073fc                StoreRDMDevice::~StoreRDMDevice()
                0x00000000080073fc                StoreRDMDevice::~StoreRDMDevice()
                0x00000000080073fe                non-virtual thunk to StoreRDMDevice::~StoreRDMDevice()
 *fill*         0x0000000008007402        0x2 
 .text._ZN14StoreRDMDevice6UpdateEPK16TRDMDeviceParams
                0x0000000008007404       0x24 ../lib-spiflashstore/lib_gd32/libspiflashstore.a(storerdmdevice.o)
                0x0000000008007404                StoreRDMDevice::Update(TRDMDeviceParams const*)
 .text._ZN14StoreRDMDevice9SaveLabelEPKch
                0x0000000008007428       0x44 ../lib-spiflashstore/lib_gd32/libspiflashstore.a(storerdmdevice.o)
                0x0000000008007428                StoreRDMDevice::SaveLabel(char const*, unsigned char)
                0x0000000008007464                non-virtual thunk to StoreRDMDevice::SaveLabel(char const*, unsigned char)
 .text._ZN14StoreRDMDeviceD0Ev
                0x000000000800746c       0x12 ../lib-spiflashstore/lib_gd32/libspiflashstore.a(storerdmdevice.o)
                0x000000000800746c                StoreRDMDevice::~StoreRDMDevice()
                0x0000000008007478                non-virtual thunk to StoreRDMDevice::~StoreRDMDevice()
 *fill*         0x000000000800747e        0x2 
 .text._ZN14StoreRDMDevice4CopyEP16TRDMDeviceParams
                0x0000000008007480       0x24 ../lib-spiflashstore/lib_gd32/libspiflashstore.a(storerdmdevice.o)
                0x0000000008007480                StoreRDMDevice::Copy(TRDMDeviceParams*)
 .text._ZN14StoreRDMDeviceC2Ev
                0x00000000080074a4       0x18 ../lib-spiflashstore/lib_gd32/libspiflashstore.a(storerdmdevice.o)
                0x00000000080074a4                StoreRDMDevice::StoreRDMDevice()
                0x00000000080074a4                StoreRDMDevice::StoreRDMDevice()
 .text._ZN15StoreRDMSensorsD2Ev
                0x00000000080074bc        0x2 ../lib-spiflashstore/lib_gd32/libspiflashstore.a(storerdmsensors.o)
                0x00000000080074bc                StoreRDMSensors::~StoreRDMSensors()
                0x00000000080074bc                StoreRDMSensors::~StoreRDMSensors()
 *fill*         0x00000000080074be        0x2 
 .text._ZN15StoreRDMSensors4CopyEP17TRDMSensorsParams
                0x00000000080074c0       0x24 ../lib-spiflashstore/lib_gd32/libspiflashstore.a(storerdmsensors.o)
                0x00000000080074c0                StoreRDMSensors::Copy(TRDMSensorsParams*)
 .text._ZN15StoreRDMSensors6UpdateEPK17TRDMSensorsParams
                0x00000000080074e4       0x24 ../lib-spiflashstore/lib_gd32/libspiflashstore.a(storerdmsensors.o)
                0x00000000080074e4                StoreRDMSensors::Update(TRDMSensorsParams const*)
 .text._ZN15StoreRDMSensorsD0Ev
                0x0000000008007508        0xc ../lib-spiflashstore/lib_gd32/libspiflashstore.a(storerdmsensors.o)
                0x0000000008007508                StoreRDMSensors::~StoreRDMSensors()
 .text._ZN15StoreRDMSensorsC2Ev
                0x0000000008007514       0x14 ../lib-spiflashstore/lib_gd32/libspiflashstore.a(storerdmsensors.o)
                0x0000000008007514                StoreRDMSensors::StoreRDMSensors()
                0x0000000008007514                StoreRDMSensors::StoreRDMSensors()
 .text._ZN18StoreRDMSubDevicesD2Ev
                0x0000000008007528        0x2 ../lib-spiflashstore/lib_gd32/libspiflashstore.a(storerdmsubdevices.o)
                0x0000000008007528                StoreRDMSubDevices::~StoreRDMSubDevices()
                0x0000000008007528                StoreRDMSubDevices::~StoreRDMSubDevices()
 *fill*         0x000000000800752a        0x2 
 .text._ZN18StoreRDMSubDevices4CopyEP20TRDMSubDevicesParams
                0x000000000800752c       0x24 ../lib-spiflashstore/lib_gd32/libspiflashstore.a(storerdmsubdevices.o)
                0x000000000800752c                StoreRDMSubDevices::Copy(TRDMSubDevicesParams*)
 .text._ZN18StoreRDMSubDevices6UpdateEPK20TRDMSubDevicesParams
                0x0000000008007550       0x24 ../lib-spiflashstore/lib_gd32/libspiflashstore.a(storerdmsubdevices.o)
                0x0000000008007550                StoreRDMSubDevices::Update(TRDMSubDevicesParams const*)
 .text._ZN18StoreRDMSubDevicesD0Ev